<html>
<body>
<pre>
<h1>µVision Build Log</h1>
<h2>Tool Versions:</h2>
IDE-Version: µVision V5.35.0.0
Copyright (C) 2021 ARM Ltd and ARM Germany GmbH. All rights reserved.
License Information: Brady Forbush, Utah State University, LIC=----
 
Tool Versions:
Toolchain:       MDK-Lite  Version: 5.35.0.2
Toolchain Path:  C:\Keil_v5\ARM\ARMCLANG\Bin
C Compiler:      ArmClang.exe V6.16
Assembler:       Armasm.exe V6.16
Linker/Locator:  ArmLink.exe V6.16
Library Manager: ArmAr.exe V6.16
Hex Converter:   FromElf.exe V6.16
CPU DLL:         SARMCM3.DLL V5.35.0.2
Dialog DLL:      DCM.DLL V1.17.3.0
Target DLL:      STLink\ST-LINKIII-KEIL_SWO.dll V3.0.9.0
Dialog DLL:      TCM.DLL V1.53.0.0
 
<h2>Project:</h2>
C:\Users\A02235889\Documents\GitHub\ECE3710FinalProject\FinalProject.uvprojx
Project File Date:  12/08/2022

<h2>Output:</h2>
*** Using Compiler 'V6.16', folder: 'C:\Keil_v5\ARM\ARMCLANG\Bin'
Build target 'Target 1'
DHT22.c(5): warning: In file included from...
./ADC.h(13): warning: no newline at end of file [-Wnewline-eof]
#endif
      ^
DHT22.c(9): warning: no previous prototype for function 'delay_us' [-Wmissing-prototypes]
void delay_us(int us)
     ^
DHT22.c(9): note: declare 'static' if the function is not intended to be used outside of this translation unit
void delay_us(int us)
^
static 
DHT22.c(12): warning: comparison of integers of different signs: 'volatile unsigned int' and 'int' [-Wsign-compare]
        while(i<(UN*us))
              ~^ ~~~~~
DHT22.c(18): warning: no previous prototype for function 'DHT22_setup' [-Wmissing-prototypes]
void DHT22_setup()
     ^
DHT22.c(18): note: declare 'static' if the function is not intended to be used outside of this translation unit
void DHT22_setup()
^
static 
DHT22.c(18): warning: this old-style function definition is not preceded by a prototype [-Wstrict-prototypes]
void DHT22_setup()
                ^
DHT22.c(87): warning: no newline at end of file [-Wnewline-eof]
 }*/
    ^
DHT22.c(27): warning: unused parameter 'data' [-Wunused-parameter]
uint8_t read_data(uint8_t* data)
                           ^
DHT22.c(27): warning: no previous prototype for function 'read_data' [-Wmissing-prototypes]
uint8_t read_data(uint8_t* data)
        ^
DHT22.c(27): note: declare 'static' if the function is not intended to be used outside of this translation unit
uint8_t read_data(uint8_t* data)
^
static 
DHT22.c(45): warning: non-void function does not return a value [-Wreturn-type]
}
^
9 warnings generated.
compiling DHT22.c...
main.c(5): warning: In file included from...
./ADC.h(13): warning: no newline at end of file [-Wnewline-eof]
#endif
      ^
main.c(20): warning: no previous prototype for function 'EXTI0_IRQHandler' [-Wmissing-prototypes]
void EXTI0_IRQHandler(void) {
     ^
main.c(20): note: declare 'static' if the function is not intended to be used outside of this translation unit
void EXTI0_IRQHandler(void) {
^
static 
main.c(31): warning: no previous prototype for function 'EXTI1_IRQHandler' [-Wmissing-prototypes]
void EXTI1_IRQHandler(void) {
     ^
main.c(31): note: declare 'static' if the function is not intended to be used outside of this translation unit
void EXTI1_IRQHandler(void) {
^
static 
main.c(42): warning: no previous prototype for function 'EXTI2_IRQHandler' [-Wmissing-prototypes]
void EXTI2_IRQHandler(void) {
     ^
main.c(42): note: declare 'static' if the function is not intended to be used outside of this translation unit
void EXTI2_IRQHandler(void) {
^
static 
main.c(53): warning: no previous prototype for function 'EXTI3_IRQHandler' [-Wmissing-prototypes]
void EXTI3_IRQHandler(void) {
     ^
main.c(53): note: declare 'static' if the function is not intended to be used outside of this translation unit
void EXTI3_IRQHandler(void) {
^
static 
main.c(120): warning: passing 'unsigned char *' to parameter of type 'char *' converts between pointers to integer types where one is of the unique plain 'char' type and the other is not [-Wpointer-sign]
        USART2_Stringout((unsigned char*)"ECE 3710\n");
                         ^~~~~~~~~~~~~~~~~~~~~~~~~~~~
./uart.h(11): note: passing argument to parameter 'out' here
void USART2_Stringout(char* out);
                            ^
main.c(121): warning: passing 'unsigned char *' to parameter of type 'char *' converts between pointers to integer types where one is of the unique plain 'char' type and the other is not [-Wpointer-sign]
        USART2_Stringout((unsigned char*)"Utah State\n");
                         ^~~~~~~~~~~~~~~~~~~~~~~~~~~~~~
./uart.h(11): note: passing argument to parameter 'out' here
void USART2_Stringout(char* out);
                            ^
main.c(133): warning: implicit declaration of function 'delay_us' is invalid in C99 [-Wimplicit-function-declaration]
                        delay_us(16);
                        ^
main.c(7): warning: unused variable 'temp' [-Wunused-variable]
static char temp[50];
            ^
main.c(8): warning: unused variable 'humidity' [-Wunused-variable]
static char humidity[50];
            ^
main.c(9): warning: unused variable 'pressure' [-Wunused-variable]
static char pressure[50];
            ^
11 warnings generated.
compiling main.c...
linking...
Program Size: Code=8248 RO-data=584 RW-data=0 ZI-data=1632  
".\FinalProject.axf" - 0 Error(s), 20 Warning(s).

<h2>Software Packages used:</h2>

Package Vendor: Keil
                http://www.keil.com/pack/Keil.STM32L4xx_DFP.2.6.0.pack
                Keil.STM32L4xx_DFP.2.6.0
                STMicroelectronics STM32L4 Series Device Support, Drivers and Examples

<h2>Collection of Component include folders:</h2>
  C:\Users\Admin\AppData\Local\Arm\Packs\Keil\STM32L4xx_DFP\2.6.0\Drivers\CMSIS\Device\ST\STM32L4xx\Include

<h2>Collection of Component Files used:</h2>
Build Time Elapsed:  00:00:01
</pre>
</body>
</html>
