<html>
<body>
<pre>
<h1>µVision Build Log</h1>
<h2>Tool Versions:</h2>
IDE-Version: µVision V5.35.0.0
Copyright (C) 2021 ARM Ltd and ARM Germany GmbH. All rights reserved.
License Information: Brady Forbush, Utah State University, LIC=----
 
Tool Versions:
Toolchain:       MDK-Lite  Version: 5.35.0.2
Toolchain Path:  C:\Keil_v5\ARM\ARMCLANG\Bin
C Compiler:      ArmClang.exe V6.16
Assembler:       Armasm.exe V6.16
Linker/Locator:  ArmLink.exe V6.16
Library Manager: ArmAr.exe V6.16
Hex Converter:   FromElf.exe V6.16
CPU DLL:         SARMCM3.DLL V5.35.0.2
Dialog DLL:      DCM.DLL V1.17.3.0
Target DLL:      STLink\ST-LINKIII-KEIL_SWO.dll V3.0.9.0
Dialog DLL:      TCM.DLL V1.53.0.0
 
<h2>Project:</h2>
C:\Users\A02235889\Box Sync\FinalProject\FinalProject.uvprojx
Project File Date:  12/07/2022

<h2>Output:</h2>
*** Using Compiler 'V6.16', folder: 'C:\Keil_v5\ARM\ARMCLANG\Bin'
Build target 'Target 1'
ADC.c(1): warning: In file included from...
./ADC.h(13): warning: no newline at end of file [-Wnewline-eof]
#endif
      ^
ADC.c(54): warning: implicit conversion loses floating-point precision: 'double' to 'float' [-Wimplicit-float-conversion]
        T = (110.0-30.0)/(TS_CAL2-TS_CAL1)*((float)raw*1.1-TS_CAL1)+30.0;
          ~ ~~~~~~~~~~~~~~~~~~~~~~~~~~~~~~~~~~~~~~~~~~~~~~~~~~~~~~~^~~~~
ADC.c(54): warning: implicit conversion increases floating-point precision: 'float' to 'double' [-Wdouble-promotion]
        T = (110.0-30.0)/(TS_CAL2-TS_CAL1)*((float)raw*1.1-TS_CAL1)+30.0;
                                                          ~^~~~~~~
ADC.c(54): warning: implicit conversion increases floating-point precision: 'float' to 'double' [-Wdouble-promotion]
        T = (110.0-30.0)/(TS_CAL2-TS_CAL1)*((float)raw*1.1-TS_CAL1)+30.0;
                                            ^~~~~~~~~~~
ADC.c(54): warning: implicit conversion increases floating-point precision: 'float' to 'double' [-Wdouble-promotion]
        T = (110.0-30.0)/(TS_CAL2-TS_CAL1)*((float)raw*1.1-TS_CAL1)+30.0;
                        ~ ~~~~~~~^~~~~~~~
ADC.c(114): warning: implicit conversion loses floating-point precision: 'double' to 'float' [-Wimplicit-float-conversion]
        temp = (in-0.76)*72;
             ~ ~~~~~~~~~^~~
6 warnings generated.
compiling ADC.c...
linking...
Program Size: Code=8180 RO-data=584 RW-data=0 ZI-data=1632  
".\FinalProject.axf" - 0 Error(s), 6 Warning(s).

<h2>Software Packages used:</h2>

Package Vendor: Keil
                http://www.keil.com/pack/Keil.STM32L4xx_DFP.2.6.0.pack
                Keil.STM32L4xx_DFP.2.6.0
                STMicroelectronics STM32L4 Series Device Support, Drivers and Examples

<h2>Collection of Component include folders:</h2>
  C:\Users\Admin\AppData\Local\Arm\Packs\Keil\STM32L4xx_DFP\2.6.0\Drivers\CMSIS\Device\ST\STM32L4xx\Include

<h2>Collection of Component Files used:</h2>
Build Time Elapsed:  00:00:00
</pre>
</body>
</html>
