Component: ARM Compiler 6.16 Tool: armlink [5dfeaa00]

==============================================================================

Section Cross References

    main.o(.text.EXTI0_IRQHandler) refers to lcd.o(.text.LCD_Clear) for LCD_Clear
    main.o(.text.EXTI0_IRQHandler) refers to lcd.o(.text.LCD_DisplayString) for LCD_DisplayString
    main.o(.ARM.exidx.text.EXTI0_IRQHandler) refers to main.o(.text.EXTI0_IRQHandler) for [Anonymous Symbol]
    main.o(.text.EXTI1_IRQHandler) refers to lcd.o(.text.LCD_Clear) for LCD_Clear
    main.o(.text.EXTI1_IRQHandler) refers to lcd.o(.text.LCD_DisplayString) for LCD_DisplayString
    main.o(.ARM.exidx.text.EXTI1_IRQHandler) refers to main.o(.text.EXTI1_IRQHandler) for [Anonymous Symbol]
    main.o(.text.EXTI2_IRQHandler) refers to lcd.o(.text.LCD_Clear) for LCD_Clear
    main.o(.text.EXTI2_IRQHandler) refers to lcd.o(.text.LCD_DisplayString) for LCD_DisplayString
    main.o(.ARM.exidx.text.EXTI2_IRQHandler) refers to main.o(.text.EXTI2_IRQHandler) for [Anonymous Symbol]
    main.o(.text.EXTI3_IRQHandler) refers to lcd.o(.text.LCD_Clear) for LCD_Clear
    main.o(.text.EXTI3_IRQHandler) refers to lcd.o(.text.LCD_DisplayString) for LCD_DisplayString
    main.o(.ARM.exidx.text.EXTI3_IRQHandler) refers to main.o(.text.EXTI3_IRQHandler) for [Anonymous Symbol]
    main.o(.text.main) refers to main.o(.text.__NVIC_EnableIRQ) for __NVIC_EnableIRQ
    main.o(.text.main) refers to lcd.o(.text.LCD_Init) for LCD_Init
    main.o(.text.main) refers to uart.o(.text.usart2_init) for usart2_init
    main.o(.text.main) refers to uart.o(.text.USART2_Write) for USART2_Write
    main.o(.text.main) refers to uart.o(.text.USART2_Stringout) for USART2_Stringout
    main.o(.text.main) refers to lcd.o(.text.LCD_Clear) for LCD_Clear
    main.o(.text.main) refers to lcd.o(.text.LCD_DisplayString) for LCD_DisplayString
    main.o(.text.main) refers to adc.o(.text.WindSpeed_setup) for WindSpeed_setup
    main.o(.text.main) refers to adc.o(.text.ADC1_setup) for ADC1_setup
    main.o(.ARM.exidx.text.main) refers to main.o(.text.main) for [Anonymous Symbol]
    main.o(.ARM.exidx.text.__NVIC_EnableIRQ) refers to main.o(.text.__NVIC_EnableIRQ) for [Anonymous Symbol]
    startup_stm32l476xx.o(STACK) refers (Special) to heapauxi.o(.text) for __use_two_region_memory
    startup_stm32l476xx.o(HEAP) refers (Special) to heapauxi.o(.text) for __use_two_region_memory
    startup_stm32l476xx.o(RESET) refers (Special) to heapauxi.o(.text) for __use_two_region_memory
    startup_stm32l476xx.o(RESET) refers to startup_stm32l476xx.o(STACK) for __initial_sp
    startup_stm32l476xx.o(RESET) refers to startup_stm32l476xx.o(.text) for Reset_Handler
    startup_stm32l476xx.o(RESET) refers to main.o(.text.EXTI0_IRQHandler) for EXTI0_IRQHandler
    startup_stm32l476xx.o(RESET) refers to main.o(.text.EXTI1_IRQHandler) for EXTI1_IRQHandler
    startup_stm32l476xx.o(RESET) refers to main.o(.text.EXTI2_IRQHandler) for EXTI2_IRQHandler
    startup_stm32l476xx.o(RESET) refers to main.o(.text.EXTI3_IRQHandler) for EXTI3_IRQHandler
    startup_stm32l476xx.o(RESET) refers to uart.o(.text.USART2_IRQHandler) for USART2_IRQHandler
    startup_stm32l476xx.o(.text) refers (Special) to heapauxi.o(.text) for __use_two_region_memory
    startup_stm32l476xx.o(.text) refers to __main.o(!!!main) for __main
    startup_stm32l476xx.o(.text) refers to startup_stm32l476xx.o(HEAP) for Heap_Mem
    startup_stm32l476xx.o(.text) refers to startup_stm32l476xx.o(STACK) for Stack_Mem
    lcd.o(.ARM.exidx.text.delay_ms) refers to lcd.o(.text.delay_ms) for [Anonymous Symbol]
    lcd.o(.text.LCD_WriteCom) refers to lcd.o(.text.delay_ms) for delay_ms
    lcd.o(.ARM.exidx.text.LCD_WriteCom) refers to lcd.o(.text.LCD_WriteCom) for [Anonymous Symbol]
    lcd.o(.text.LCD_WriteData) refers to lcd.o(.text.delay_ms) for delay_ms
    lcd.o(.ARM.exidx.text.LCD_WriteData) refers to lcd.o(.text.LCD_WriteData) for [Anonymous Symbol]
    lcd.o(.text.LCD_Init) refers to lcd.o(.text.LCD_WriteCom) for LCD_WriteCom
    lcd.o(.text.LCD_Init) refers to lcd.o(.text.delay_ms) for delay_ms
    lcd.o(.ARM.exidx.text.LCD_Init) refers to lcd.o(.text.LCD_Init) for [Anonymous Symbol]
    lcd.o(.text.LCD_Clear) refers to lcd.o(.text.LCD_WriteCom) for LCD_WriteCom
    lcd.o(.text.LCD_Clear) refers to lcd.o(.text.delay_ms) for delay_ms
    lcd.o(.ARM.exidx.text.LCD_Clear) refers to lcd.o(.text.LCD_Clear) for [Anonymous Symbol]
    lcd.o(.text.LCD_DisplayString) refers to lcd.o(.text.LCD_WriteCom) for LCD_WriteCom
    lcd.o(.text.LCD_DisplayString) refers to lcd.o(.text.LCD_WriteData) for LCD_WriteData
    lcd.o(.ARM.exidx.text.LCD_DisplayString) refers to lcd.o(.text.LCD_DisplayString) for [Anonymous Symbol]
    uart.o(.text) refers (Special) to _printf_f.o(.ARM.Collect$$_printf_percent$$00000003) for _printf_f
    uart.o(.text) refers (Special) to printf1.o(x$fpl$printf1) for _printf_fp_dec
[...]
    __rtentry.o(.ARM.Collect$$rtentry$$00000000) refers (Special) to __rtentry2.o(.ARM.Collect$$rtentry$$0000000A) for __rt_entry_li
    __rtentry.o(.ARM.Collect$$rtentry$$00000000) refers (Special) to __rtentry2.o(.ARM.Collect$$rtentry$$0000000D) for __rt_entry_main
    __rtentry.o(.ARM.Collect$$rtentry$$00000000) refers (Special) to __rtentry2.o(.ARM.Collect$$rtentry$$0000000C) for __rt_entry_postli_1
    __rtentry.o(.ARM.Collect$$rtentry$$00000000) refers (Special) to __rtentry2.o(.ARM.Collect$$rtentry$$00000009) for __rt_entry_postsh_1
    __rtentry.o(.ARM.Collect$$rtentry$$00000000) refers (Special) to __rtentry2.o(.ARM.Collect$$rtentry$$00000002) for __rt_entry_presh_1
    __rtentry.o(.ARM.Collect$$rtentry$$00000000) refers (Special) to __rtentry4.o(.ARM.Collect$$rtentry$$00000004) for __rt_entry_sh
    _printf_fp_dec.o(.text) refers (Special) to usenofp.o(x$fpl$usenofp) for __I$use$fp
    _printf_fp_dec.o(.text) refers (Special) to lc_numeric_c.o(locale$$code) for _get_lc_numeric
    _printf_fp_dec.o(.text) refers to bigflt0.o(.text) for _btod_etento
    _printf_fp_dec.o(.text) refers to btod.o(CL$$btod_d2e) for _btod_d2e
    _printf_fp_dec.o(.text) refers to btod.o(CL$$btod_ediv) for _btod_ediv
    _printf_fp_dec.o(.text) refers to btod.o(CL$$btod_emul) for _btod_emul
    _printf_fp_dec.o(.text) refers to lludiv10.o(.text) for _ll_udiv10
    _printf_fp_dec.o(.text) refers to fpclassify.o(i.__ARM_fpclassify) for __ARM_fpclassify
    _printf_fp_dec.o(.text) refers to _printf_fp_infnan.o(.text) for _printf_fp_infnan
    _printf_fp_dec.o(.text) refers to rt_locale_intlibspace.o(.text) for __rt_locale
    _printf_fp_dec_accurate.o(.text) refers (Special) to usenofp.o(x$fpl$usenofp) for __I$use$fp
    _printf_fp_dec_accurate.o(.text) refers (Special) to lc_numeric_c.o(locale$$code) for _get_lc_numeric
    _printf_fp_dec_accurate.o(.text) refers to btod_accurate.o(.text) for _btod_main
    _printf_fp_dec_accurate.o(.text) refers to fpclassify.o(i.__ARM_fpclassify) for __ARM_fpclassify
    _printf_fp_dec_accurate.o(.text) refers to _printf_fp_infnan.o(.text) for _printf_fp_infnan
    _printf_fp_dec_accurate.o(.text) refers to rt_locale_intlibspace.o(.text) for __rt_locale
    _printf_char_common.o(.text) refers to __printf.o(.text) for __printf
    dnaninf.o(x$fpl$dnaninf) refers (Special) to usenofp.o(x$fpl$usenofp) for __I$use$fp
    dretinf.o(x$fpl$dretinf) refers (Special) to usenofp.o(x$fpl$usenofp) for __I$use$fp
    fnaninf.o(x$fpl$fnaninf) refers (Special) to usenofp.o(x$fpl$usenofp) for __I$use$fp
    fretinf.o(x$fpl$fretinf) refers (Special) to usenofp.o(x$fpl$usenofp) for __I$use$fp
    __rtentry2.o(.ARM.Collect$$rtentry$$00000008) refers to boardinit2.o(.text) for _platform_post_stackheap_init
    __rtentry2.o(.ARM.Collect$$rtentry$$0000000A) refers to libinit.o(.ARM.Collect$$libinit$$00000000) for __rt_lib_init
    __rtentry2.o(.ARM.Collect$$rtentry$$0000000B) refers to boardinit3.o(.text) for _platform_post_lib_init
    __rtentry2.o(.ARM.Collect$$rtentry$$0000000D) refers to main.o(.text.main) for main
    __rtentry2.o(.ARM.Collect$$rtentry$$0000000D) refers to exit.o(.text) for exit
    __rtentry2.o(.ARM.exidx) refers to __rtentry2.o(.ARM.Collect$$rtentry$$00000001) for .ARM.Collect$$rtentry$$00000001
    __rtentry2.o(.ARM.exidx) refers to __rtentry2.o(.ARM.Collect$$rtentry$$00000008) for .ARM.Collect$$rtentry$$00000008
    __rtentry2.o(.ARM.exidx) refers to __rtentry2.o(.ARM.Collect$$rtentry$$0000000A) for .ARM.Collect$$rtentry$$0000000A
    __rtentry2.o(.ARM.exidx) refers to __rtentry2.o(.ARM.Collect$$rtentry$$0000000B) for .ARM.Collect$$rtentry$$0000000B
    __rtentry2.o(.ARM.exidx) refers to __rtentry2.o(.ARM.Collect$$rtentry$$0000000D) for .ARM.Collect$$rtentry$$0000000D
    __rtentry4.o(.ARM.Collect$$rtentry$$00000004) refers to sys_stackheap_outer.o(.text) for __user_setup_stackheap
    __rtentry4.o(.ARM.exidx) refers to __rtentry4.o(.ARM.Collect$$rtentry$$00000004) for .ARM.Collect$$rtentry$$00000004
    rt_locale.o(.text) refers to rt_locale.o(.bss) for __rt_locale_data
    rt_locale_intlibspace.o(.text) refers to libspace.o(.bss) for __libspace_start
    bigflt0.o(.text) refers (Special) to usenofp.o(x$fpl$usenofp) for __I$use$fp
    bigflt0.o(.text) refers to btod.o(CL$$btod_emul) for _btod_emul
    bigflt0.o(.text) refers to btod.o(CL$$btod_ediv) for _btod_ediv
    bigflt0.o(.text) refers to bigflt0.o(.constdata) for .constdata
    bigflt0.o(.constdata) refers (Special) to usenofp.o(x$fpl$usenofp) for __I$use$fp
    btod.o(CL$$btod_d2e) refers (Special) to usenofp.o(x$fpl$usenofp) for __I$use$fp
    btod.o(CL$$btod_d2e) refers to btod.o(CL$$btod_d2e_norm_op1) for _d2e_norm_op1
    btod.o(CL$$btod_d2e_norm_op1) refers (Special) to usenofp.o(x$fpl$usenofp) for __I$use$fp
    btod.o(CL$$btod_d2e_norm_op1) refers to btod.o(CL$$btod_d2e_denorm_low) for _d2e_denorm_low
    btod.o(CL$$btod_d2e_denorm_low) refers (Special) to usenofp.o(x$fpl$usenofp) for __I$use$fp
    btod.o(CL$$btod_emul) refers (Special) to usenofp.o(x$fpl$usenofp) for __I$use$fp
    btod.o(CL$$btod_emul) refers to btod.o(CL$$btod_mult_common) for __btod_mult_common
    btod.o(CL$$btod_emul) refers to btod.o(CL$$btod_e2e) for _e2e
    btod.o(CL$$btod_ediv) refers (Special) to usenofp.o(x$fpl$usenofp) for __I$use$fp
    btod.o(CL$$btod_ediv) refers to btod.o(CL$$btod_div_common) for __btod_div_common
    btod.o(CL$$btod_ediv) refers to btod.o(CL$$btod_e2e) for _e2e
    btod.o(CL$$btod_emuld) refers (Special) to usenofp.o(x$fpl$usenofp) for __I$use$fp
    btod.o(CL$$btod_emuld) refers to btod.o(CL$$btod_mult_common) for __btod_mult_common
    btod.o(CL$$btod_emuld) refers to btod.o(CL$$btod_e2d) for _e2d
    btod.o(CL$$btod_edivd) refers (Special) to usenofp.o(x$fpl$usenofp) for __I$use$fp
    btod.o(CL$$btod_edivd) refers to btod.o(CL$$btod_div_common) for __btod_div_common
    btod.o(CL$$btod_edivd) refers to btod.o(CL$$btod_e2d) for _e2d
    btod.o(CL$$btod_e2e) refers (Special) to usenofp.o(x$fpl$usenofp) for __I$use$fp
    btod.o(CL$$btod_e2d) refers (Special) to usenofp.o(x$fpl$usenofp) for __I$use$fp
    btod.o(CL$$btod_e2d) refers to btod.o(CL$$btod_e2e) for _e2e
    btod.o(CL$$btod_mult_common) refers (Special) to usenofp.o(x$fpl$usenofp) for __I$use$fp
    btod.o(CL$$btod_div_common) refers (Special) to usenofp.o(x$fpl$usenofp) for __I$use$fp
    btod_accurate.o(.text) refers to btod_accurate_common.o(.text) for _btod_common
    lc_numeric_c.o(locale$$data) refers (Special) to libinit2.o(.ARM.Collect$$libinit$$00000016) for __rt_lib_init_lc_numeric_2
    lc_numeric_c.o(locale$$code) refers (Special) to libinit2.o(.ARM.Collect$$libinit$$00000016) for __rt_lib_init_lc_numeric_2
    lc_numeric_c.o(locale$$code) refers to strcmpv7em.o(.text) for strcmp
    lc_numeric_c.o(locale$$code) refers to lc_numeric_c.o(locale$$data) for __lcnum_c_name
    istatus.o(x$fpl$ieeestatus) refers (Special) to usenofp.o(x$fpl$usenofp) for __I$use$fp
    fpclassify.o(i.__ARM_fpclassify) refers (Special) to usenofp.o(x$fpl$usenofp) for __I$use$fp
    libspace.o(.text) refers to libspace.o(.bss) for __libspace_start
    sys_stackheap_outer.o(.text) refers to libspace.o(.text) for __user_perproc_libspace
    sys_stackheap_outer.o(.text) refers to startup_stm32l476xx.o(.text) for __user_initial_stackheap
    btod_accurate_common.o(.text) refers to llushr.o(.text) for __aeabi_llsr
    exit.o(.text) refers to rtexit.o(.ARM.Collect$$rtexit$$00000000) for __rt_exit
    libinit.o(.ARM.Collect$$libinit$$00000000) refers (Special) to libinit2.o(.ARM.Collect$$libinit$$0000002E) for __rt_lib_init_alloca_1
    libinit.o(.ARM.Collect$$libinit$$00000000) refers (Special) to libinit2.o(.ARM.Collect$$libinit$$0000002C) for __rt_lib_init_argv_1
    libinit.o(.ARM.Collect$$libinit$$00000000) refers (Special) to libinit2.o(.ARM.Collect$$libinit$$0000001B) for __rt_lib_init_atexit_1
    libinit.o(.ARM.Collect$$libinit$$00000000) refers (Special) to libinit2.o(.ARM.Collect$$libinit$$00000021) for __rt_lib_init_clock_1
    libinit.o(.ARM.Collect$$libinit$$00000000) refers (Special) to libinit2.o(.ARM.Collect$$libinit$$00000032) for __rt_lib_init_cpp_1
    libinit.o(.ARM.Collect$$libinit$$00000000) refers (Special) to libinit2.o(.ARM.Collect$$libinit$$00000030) for __rt_lib_init_exceptions_1
    libinit.o(.ARM.Collect$$libinit$$00000000) refers (Special) to libinit2.o(.ARM.Collect$$libinit$$00000001) for __rt_lib_init_fp_1
    libinit.o(.ARM.Collect$$libinit$$00000000) refers (Special) to libinit2.o(.ARM.Collect$$libinit$$0000001F) for __rt_lib_init_fp_trap_1
    libinit.o(.ARM.Collect$$libinit$$00000000) refers (Special) to libinit2.o(.ARM.Collect$$libinit$$00000023) for __rt_lib_init_getenv_1
    libinit.o(.ARM.Collect$$libinit$$00000000) refers (Special) to libinit2.o(.ARM.Collect$$libinit$$0000000A) for __rt_lib_init_heap_1
    libinit.o(.ARM.Collect$$libinit$$00000000) refers (Special) to libinit2.o(.ARM.Collect$$libinit$$00000011) for __rt_lib_init_lc_collate_1
    libinit.o(.ARM.Collect$$libinit$$00000000) refers (Special) to libinit2.o(.ARM.Collect$$libinit$$00000013) for __rt_lib_init_lc_ctype_1
    libinit.o(.ARM.Collect$$libinit$$00000000) refers (Special) to libinit2.o(.ARM.Collect$$libinit$$00000015) for __rt_lib_init_lc_monetary_1
    libinit.o(.ARM.Collect$$libinit$$00000000) refers (Special) to libinit2.o(.ARM.Collect$$libinit$$00000017) for __rt_lib_init_lc_numeric_1
    libinit.o(.ARM.Collect$$libinit$$00000000) refers (Special) to libinit2.o(.ARM.Collect$$libinit$$00000019) for __rt_lib_init_lc_time_1
    libinit.o(.ARM.Collect$$libinit$$00000000) refers (Special) to libinit2.o(.ARM.Collect$$libinit$$00000004) for __rt_lib_init_preinit_1
    libinit.o(.ARM.Collect$$libinit$$00000000) refers (Special) to libinit2.o(.ARM.Collect$$libinit$$0000000E) for __rt_lib_init_rand_1
    libinit.o(.ARM.Collect$$libinit$$00000000) refers (Special) to libinit2.o(.ARM.Collect$$libinit$$00000033) for __rt_lib_init_return
    libinit.o(.ARM.Collect$$libinit$$00000000) refers (Special) to libinit2.o(.ARM.Collect$$libinit$$0000001D) for __rt_lib_init_signal_1
    libinit.o(.ARM.Collect$$libinit$$00000000) refers (Special) to libinit2.o(.ARM.Collect$$libinit$$00000025) for __rt_lib_init_stdio_1
    libinit.o(.ARM.Collect$$libinit$$00000000) refers (Special) to libinit2.o(.ARM.Collect$$libinit$$0000000C) for __rt_lib_init_user_alloc_1
    libinit2.o(.ARM.Collect$$libinit$$00000001) refers to fpinit.o(x$fpl$fpinit) for _fp_init
    libinit2.o(.ARM.Collect$$libinit$$0000000F) refers (Weak) to rt_locale_intlibspace.o(.text) for __rt_locale
    libinit2.o(.ARM.Collect$$libinit$$00000010) refers to libinit2.o(.ARM.Collect$$libinit$$0000000F) for .ARM.Collect$$libinit$$0000000F
    libinit2.o(.ARM.Collect$$libinit$$00000012) refers to libinit2.o(.ARM.Collect$$libinit$$0000000F) for .ARM.Collect$$libinit$$0000000F
    libinit2.o(.ARM.Collect$$libinit$$00000014) refers to libinit2.o(.ARM.Collect$$libinit$$0000000F) for .ARM.Collect$$libinit$$0000000F
    libinit2.o(.ARM.Collect$$libinit$$00000016) refers to libinit2.o(.ARM.Collect$$libinit$$0000000F) for .ARM.Collect$$libinit$$0000000F
    libinit2.o(.ARM.Collect$$libinit$$00000016) refers (Weak) to lc_numeric_c.o(locale$$code) for _get_lc_numeric
    libinit2.o(.ARM.Collect$$libinit$$00000018) refers to libinit2.o(.ARM.Collect$$libinit$$0000000F) for .ARM.Collect$$libinit$$0000000F
    libinit2.o(.ARM.Collect$$libinit$$00000026) refers to argv_veneer.o(.emb_text) for __ARM_argv_veneer
    libinit2.o(.ARM.Collect$$libinit$$00000027) refers to argv_veneer.o(.emb_text) for __ARM_argv_veneer
    rtexit.o(.ARM.Collect$$rtexit$$00000000) refers (Special) to rtexit2.o(.ARM.Collect$$rtexit$$00000004) for __rt_exit_exit
    rtexit.o(.ARM.Collect$$rtexit$$00000000) refers (Special) to rtexit2.o(.ARM.Collect$$rtexit$$00000003) for __rt_exit_ls
    rtexit.o(.ARM.Collect$$rtexit$$00000000) refers (Special) to rtexit2.o(.ARM.Collect$$rtexit$$00000002) for __rt_exit_prels_1
    rtexit.o(.ARM.exidx) refers (Special) to rtexit2.o(.ARM.Collect$$rtexit$$00000004) for __rt_exit_exit
    rtexit.o(.ARM.exidx) refers (Special) to rtexit2.o(.ARM.Collect$$rtexit$$00000003) for __rt_exit_ls
    rtexit.o(.ARM.exidx) refers (Special) to rtexit2.o(.ARM.Collect$$rtexit$$00000002) for __rt_exit_prels_1
    rtexit.o(.ARM.exidx) refers to rtexit.o(.ARM.Collect$$rtexit$$00000000) for .ARM.Collect$$rtexit$$00000000
    argv_veneer.o(.emb_text) refers to no_argv.o(.text) for __ARM_get_argv
    rtexit2.o(.ARM.Collect$$rtexit$$00000003) refers to libshutdown.o(.ARM.Collect$$libshutdown$$00000000) for __rt_lib_shutdown
    rtexit2.o(.ARM.Collect$$rtexit$$00000004) refers to sys_exit.o(.text) for _sys_exit
    rtexit2.o(.ARM.exidx) refers to rtexit2.o(.ARM.Collect$$rtexit$$00000001) for .ARM.Collect$$rtexit$$00000001
    rtexit2.o(.ARM.exidx) refers to rtexit2.o(.ARM.Collect$$rtexit$$00000003) for .ARM.Collect$$rtexit$$00000003
    rtexit2.o(.ARM.exidx) refers to rtexit2.o(.ARM.Collect$$rtexit$$00000004) for .ARM.Collect$$rtexit$$00000004
    _get_argv_nomalloc.o(.text) refers (Special) to hrguard.o(.text) for __heap_region$guard
    _get_argv_nomalloc.o(.text) refers to defsig_rtmem_outer.o(.text) for __rt_SIGRTMEM
    _get_argv_nomalloc.o(.text) refers to sys_command.o(.text) for _sys_command_string
    sys_command.o(.text) refers (Special) to use_no_semi.o(.text) for __I$use$semihosting
    sys_command.o(.text) refers (Special) to indicate_semi.o(.text) for __semihosting_library_function
    sys_exit.o(.text) refers (Special) to use_no_semi.o(.text) for __I$use$semihosting
    sys_exit.o(.text) refers (Special) to indicate_semi.o(.text) for __semihosting_library_function
    sys_command_hlt.o(.text) refers (Special) to use_no_semi.o(.text) for __I$use$semihosting
    sys_command_hlt.o(.text) refers (Special) to indicate_semi.o(.text) for __semihosting_library_function
    sys_exit_hlt.o(.text) refers (Special) to use_no_semi.o(.text) for __I$use$semihosting
    sys_exit_hlt.o(.text) refers (Special) to indicate_semi.o(.text) for __semihosting_library_function
    defsig_rtmem_outer.o(.text) refers to defsig_rtmem_inner.o(.text) for __rt_SIGRTMEM_inner
    defsig_rtmem_outer.o(.text) refers to defsig_exit.o(.text) for __sig_exit
    defsig_rtmem_formal.o(.text) refers to rt_raise.o(.text) for __rt_raise
    libshutdown.o(.ARM.Collect$$libshutdown$$00000000) refers (Special) to libshutdown2.o(.ARM.Collect$$libshutdown$$00000002) for __rt_lib_shutdown_cpp_1
    libshutdown.o(.ARM.Collect$$libshutdown$$00000000) refers (Special) to libshutdown2.o(.ARM.Collect$$libshutdown$$00000007) for __rt_lib_shutdown_fp_trap_1
    libshutdown.o(.ARM.Collect$$libshutdown$$00000000) refers (Special) to libshutdown2.o(.ARM.Collect$$libshutdown$$0000000F) for __rt_lib_shutdown_heap_1
    libshutdown.o(.ARM.Collect$$libshutdown$$00000000) refers (Special) to libshutdown2.o(.ARM.Collect$$libshutdown$$00000010) for __rt_lib_shutdown_return
    libshutdown.o(.ARM.Collect$$libshutdown$$00000000) refers (Special) to libshutdown2.o(.ARM.Collect$$libshutdown$$0000000A) for __rt_lib_shutdown_signal_1
    libshutdown.o(.ARM.Collect$$libshutdown$$00000000) refers (Special) to libshutdown2.o(.ARM.Collect$$libshutdown$$00000004) for __rt_lib_shutdown_stdio_1
    libshutdown.o(.ARM.Collect$$libshutdown$$00000000) refers (Special) to libshutdown2.o(.ARM.Collect$$libshutdown$$0000000C) for __rt_lib_shutdown_user_alloc_1
    rt_raise.o(.text) refers to __raise.o(.text) for __raise
    rt_raise.o(.text) refers to sys_exit.o(.text) for _sys_exit
    defsig_exit.o(.text) refers to sys_exit.o(.text) for _sys_exit
    defsig_rtmem_inner.o(.text) refers to defsig_general.o(.text) for __default_signal_display
    __raise.o(.text) refers to defsig.o(CL$$defsig) for __default_signal_handler
    defsig_general.o(.text) refers to sys_wrch.o(.text) for _ttywrch
    sys_wrch.o(.text) refers (Special) to use_no_semi.o(.text) for __I$use$semihosting
    sys_wrch.o(.text) refers (Special) to indicate_semi.o(.text) for __semihosting_library_function
    sys_wrch_hlt.o(.text) refers (Special) to use_no_semi.o(.text) for __I$use$semihosting
    sys_wrch_hlt.o(.text) refers (Special) to indicate_semi.o(.text) for __semihosting_library_function
    defsig.o(CL$$defsig) refers to defsig_rtmem_inner.o(.text) for __rt_SIGRTMEM_inner
    defsig_abrt_inner.o(.text) refers to defsig_general.o(.text) for __default_signal_display
    defsig_fpe_inner.o(.text) refers to defsig_general.o(.text) for __default_signal_display
    defsig_rtred_inner.o(.text) refers to defsig_general.o(.text) for __default_signal_display
    defsig_stak_inner.o(.text) refers to defsig_general.o(.text) for __default_signal_display
    defsig_pvfn_inner.o(.text) refers to defsig_general.o(.text) for __default_signal_display
    defsig_cppl_inner.o(.text) refers to defsig_general.o(.text) for __default_signal_display
    defsig_segv_inner.o(.text) refers to defsig_general.o(.text) for __default_signal_display
    defsig_other.o(.text) refers to defsig_general.o(.text) for __default_signal_display


==============================================================================

Removing Unused input sections from the image.

    Removing main.o(.text), (0 bytes).
    Removing main.o(.ARM.exidx.text.EXTI0_IRQHandler), (8 bytes).
    Removing main.o(.ARM.exidx.text.EXTI1_IRQHandler), (8 bytes).
    Removing main.o(.ARM.exidx.text.EXTI2_IRQHandler), (8 bytes).
    Removing main.o(.ARM.exidx.text.EXTI3_IRQHandler), (8 bytes).
    Removing main.o(.ARM.exidx.text.main), (8 bytes).
    Removing main.o(.ARM.exidx.text.__NVIC_EnableIRQ), (8 bytes).
    Removing main.o(.ARM.use_no_argv), (4 bytes).
    Removing stm32l476xx_constants.o(__DEFINES_STM32L4_xx_DUMMY), (0 bytes).
    Removing lcd.o(.text), (0 bytes).
    Removing lcd.o(.ARM.exidx.text.delay_ms), (8 bytes).
    Removing lcd.o(.ARM.exidx.text.LCD_WriteCom), (8 bytes).
    Removing lcd.o(.ARM.exidx.text.LCD_WriteData), (8 bytes).
    Removing lcd.o(.ARM.exidx.text.LCD_Init), (8 bytes).
    Removing lcd.o(.ARM.exidx.text.LCD_Clear), (8 bytes).
    Removing lcd.o(.ARM.exidx.text.LCD_DisplayString), (8 bytes).
    Removing uart.o(.text), (0 bytes).
    Removing uart.o(.ARM.exidx.text.usart2_init), (8 bytes).
    Removing uart.o(.ARM.exidx.text.USART2_Write), (8 bytes).
    Removing uart.o(.ARM.exidx.text.__NVIC_SetPriority), (8 bytes).
    Removing uart.o(.ARM.exidx.text.__NVIC_EnableIRQ), (8 bytes).
    Removing uart.o(.text.USART2_Read), (18 bytes).
    Removing uart.o(.ARM.exidx.text.USART2_Read), (8 bytes).
    Removing uart.o(.ARM.exidx.text.USART2_IRQHandler), (8 bytes).
    Removing uart.o(.ARM.exidx.text.USART2_fout), (8 bytes).
    Removing uart.o(.ARM.exidx.text.USART2_Stringout), (8 bytes).
    Removing adc.o(.text), (0 bytes).
    Removing adc.o(.ARM.exidx.text.ADC1_setup), (8 bytes).
    Removing adc.o(.ARM.exidx.text.read_ADC1), (8 bytes).
    Removing adc.o(.ARM.exidx.text.internal_temperature_c), (8 bytes).
    Removing adc.o(.ARM.exidx.text.WindSpeed_setup), (8 bytes).
    Removing adc.o(.ARM.exidx.text.read_Tref), (8 bytes).
    Removing adc.o(.text.temp_convert), (56 bytes).
    Removing adc.o(.ARM.exidx.text.temp_convert), (8 bytes).

34 unused section(s) (total 286 bytes) removed from the image.

==============================================================================

Image Symbol Table

    Local Symbols

    Symbol Name                              Value     Ov Type        Size  Object(Section)

    ../clib/angel/boardlib.s                 0x00000000   Number         0  boardinit1.o ABSOLUTE
    ../clib/angel/boardlib.s                 0x00000000   Number         0  boardinit2.o ABSOLUTE
    ../clib/angel/boardlib.s                 0x00000000   Number         0  boardinit3.o ABSOLUTE
    ../clib/angel/boardlib.s                 0x00000000   Number         0  boardshut.o ABSOLUTE
    ../clib/angel/handlers.s                 0x00000000   Number         0  __scatter_zi.o ABSOLUTE
    ../clib/angel/kernel.s                   0x00000000   Number         0  __rtentry.o ABSOLUTE
    ../clib/angel/kernel.s                   0x00000000   Number         0  __rtentry2.o ABSOLUTE
    ../clib/angel/kernel.s                   0x00000000   Number         0  __rtentry4.o ABSOLUTE
    ../clib/angel/kernel.s                   0x00000000   Number         0  rtexit.o ABSOLUTE
    ../clib/angel/kernel.s                   0x00000000   Number         0  rtexit2.o ABSOLUTE
    ../clib/angel/rt.s                       0x00000000   Number         0  rt_locale.o ABSOLUTE
    ../clib/angel/rt.s                       0x00000000   Number         0  rt_locale_intlibspace.o ABSOLUTE
    ../clib/angel/rt.s                       0x00000000   Number         0  rt_raise.o ABSOLUTE
    ../clib/angel/scatter.s                  0x00000000   Number         0  __scatter.o ABSOLUTE
    ../clib/angel/startup.s                  0x00000000   Number         0  __main.o ABSOLUTE
    ../clib/angel/sys.s                      0x00000000   Number         0  libspace.o ABSOLUTE
    ../clib/angel/sys.s                      0x00000000   Number         0  sys_stackheap_outer.o ABSOLUTE
    ../clib/angel/sys.s                      0x00000000   Number         0  use_no_semi.o ABSOLUTE
    ../clib/angel/sys.s                      0x00000000   Number         0  indicate_semi.o ABSOLUTE
    ../clib/angel/sysapp.c                   0x00000000   Number         0  sys_command.o ABSOLUTE
    ../clib/angel/sysapp.c                   0x00000000   Number         0  sys_exit.o ABSOLUTE
    ../clib/angel/sysapp.c                   0x00000000   Number         0  sys_command_hlt.o ABSOLUTE
    ../clib/angel/sysapp.c                   0x00000000   Number         0  sys_exit_hlt.o ABSOLUTE
    ../clib/angel/sysapp.c                   0x00000000   Number         0  sys_wrch.o ABSOLUTE
    ../clib/angel/sysapp.c                   0x00000000   Number         0  sys_wrch_hlt.o ABSOLUTE
    ../clib/armsys.c                         0x00000000   Number         0  argv_veneer.o ABSOLUTE
    ../clib/armsys.c                         0x00000000   Number         0  argv_veneer.o ABSOLUTE
    ../clib/armsys.c                         0x00000000   Number         0  _get_argv_nomalloc.o ABSOLUTE
    ../clib/armsys.c                         0x00000000   Number         0  no_argv.o ABSOLUTE
    ../clib/bigflt.c                         0x00000000   Number         0  bigflt0.o ABSOLUTE
    ../clib/btod.s                           0x00000000   Number         0  btod.o ABSOLUTE
    ../clib/btod_accurate.c                  0x00000000   Number         0  btod_accurate.o ABSOLUTE
    ../clib/btod_accurate.c                  0x00000000   Number         0  btod_accurate_common.o ABSOLUTE
    ../clib/heapalloc.c                      0x00000000   Number         0  hrguard.o ABSOLUTE
    ../clib/heapaux.c                        0x00000000   Number         0  heapauxi.o ABSOLUTE
    ../clib/libinit.s                        0x00000000   Number         0  libinit.o ABSOLUTE
    ../clib/libinit.s                        0x00000000   Number         0  libinit2.o ABSOLUTE
    ../clib/libinit.s                        0x00000000   Number         0  libshutdown.o ABSOLUTE
    ../clib/libinit.s                        0x00000000   Number         0  libshutdown2.o ABSOLUTE
    ../clib/locale.s                         0x00000000   Number         0  lc_numeric_c.o ABSOLUTE
    ../clib/longlong.s                       0x00000000   Number         0  lludiv10.o ABSOLUTE
    ../clib/longlong.s                       0x00000000   Number         0  llushr.o ABSOLUTE
    ../clib/memcpset.s                       0x00000000   Number         0  strcmpv7em.o ABSOLUTE
    ../clib/printf.c                         0x00000000   Number         0  __2sprintf.o ABSOLUTE
    ../clib/printf.c                         0x00000000   Number         0  noretval__2sprintf.o ABSOLUTE
    ../clib/printf.c                         0x00000000   Number         0  __printf.o ABSOLUTE
    ../clib/printf.c                         0x00000000   Number         0  __printf_flags.o ABSOLUTE
    ../clib/printf.c                         0x00000000   Number         0  __printf_ss.o ABSOLUTE
    ../clib/printf.c                         0x00000000   Number         0  __printf_flags_ss.o ABSOLUTE
    ../clib/printf.c                         0x00000000   Number         0  __printf_wp.o ABSOLUTE
    ../clib/printf.c                         0x00000000   Number         0  __printf_flags_wp.o ABSOLUTE
    ../clib/printf.c                         0x00000000   Number         0  __printf_ss_wp.o ABSOLUTE
    ../clib/printf.c                         0x00000000   Number         0  __printf_flags_ss_wp.o ABSOLUTE
    ../clib/printf.c                         0x00000000   Number         0  _printf_fp_dec.o ABSOLUTE
    ../clib/printf.c                         0x00000000   Number         0  _printf_fp_dec_accurate.o ABSOLUTE
    ../clib/printf.c                         0x00000000   Number         0  _printf_char_common.o ABSOLUTE
    ../clib/printf.c                         0x00000000   Number         0  _sputc.o ABSOLUTE
    ../clib/printf.c                         0x00000000   Number         0  _printf_fp_infnan.o ABSOLUTE
    ../clib/printf.c                         0x00000000   Number         0  __printf_nopercent.o ABSOLUTE
    ../clib/printf_percent.s                 0x00000000   Number         0  _printf_f.o ABSOLUTE
    ../clib/printf_percent.s                 0x00000000   Number         0  _printf_percent.o ABSOLUTE
    ../clib/printf_percent.s                 0x00000000   Number         0  _printf_percent_end.o ABSOLUTE
    ../clib/signal.c                         0x00000000   Number         0  defsig_rtmem_outer.o ABSOLUTE
    ../clib/signal.c                         0x00000000   Number         0  defsig_rtmem_formal.o ABSOLUTE
    ../clib/signal.c                         0x00000000   Number         0  defsig_exit.o ABSOLUTE
    ../clib/signal.c                         0x00000000   Number         0  defsig_rtmem_inner.o ABSOLUTE
    ../clib/signal.c                         0x00000000   Number         0  __raise.o ABSOLUTE
    ../clib/signal.c                         0x00000000   Number         0  defsig_general.o ABSOLUTE
    ../clib/signal.c                         0x00000000   Number         0  defsig_abrt_inner.o ABSOLUTE
    ../clib/signal.c                         0x00000000   Number         0  defsig_fpe_inner.o ABSOLUTE
    ../clib/signal.c                         0x00000000   Number         0  defsig_rtred_inner.o ABSOLUTE
    ../clib/signal.c                         0x00000000   Number         0  defsig_stak_inner.o ABSOLUTE
    ../clib/signal.c                         0x00000000   Number         0  defsig_pvfn_inner.o ABSOLUTE
    ../clib/signal.c                         0x00000000   Number         0  defsig_cppl_inner.o ABSOLUTE
    ../clib/signal.c                         0x00000000   Number         0  defsig_segv_inner.o ABSOLUTE
    ../clib/signal.c                         0x00000000   Number         0  defsig_other.o ABSOLUTE
    ../clib/signal.s                         0x00000000   Number         0  defsig.o ABSOLUTE
    ../clib/stdlib.c                         0x00000000   Number         0  exit.o ABSOLUTE
    ../fplib/d2f.s                           0x00000000   Number         0  d2f.o ABSOLUTE
    ../fplib/daddsub.s                       0x00000000   Number         0  daddsub_clz.o ABSOLUTE
    ../fplib/dflt.s                          0x00000000   Number         0  dflt_clz.o ABSOLUTE
    ../fplib/dmul.s                          0x00000000   Number         0  dmul.o ABSOLUTE
    ../fplib/dnaninf.s                       0x00000000   Number         0  dnaninf.o ABSOLUTE
    ../fplib/dretinf.s                       0x00000000   Number         0  dretinf.o ABSOLUTE
    ../fplib/f2d.s                           0x00000000   Number         0  f2d.o ABSOLUTE
    ../fplib/fnaninf.s                       0x00000000   Number         0  fnaninf.o ABSOLUTE
    ../fplib/fpinit.s                        0x00000000   Number         0  fpinit.o ABSOLUTE
    ../fplib/fretinf.s                       0x00000000   Number         0  fretinf.o ABSOLUTE
    ../fplib/istatus.s                       0x00000000   Number         0  istatus.o ABSOLUTE
    ../fplib/printf1.s                       0x00000000   Number         0  printf1.o ABSOLUTE
    ../fplib/usenofp.s                       0x00000000   Number         0  usenofp.o ABSOLUTE
    ../mathlib/fpclassify.c                  0x00000000   Number         0  fpclassify.o ABSOLUTE
    ADC.c                                    0x00000000   Number         0  adc.o ABSOLUTE
    LCD.c                                    0x00000000   Number         0  lcd.o ABSOLUTE
    dc.s                                     0x00000000   Number         0  dc.o ABSOLUTE
    main.c                                   0x00000000   Number         0  main.o ABSOLUTE
    startup_stm32l476xx.s                    0x00000000   Number         0  startup_stm32l476xx.o ABSOLUTE
    stm32l476xx_constants.s                  0x00000000   Number         0  stm32l476xx_constants.o ABSOLUTE
    uart.c                                   0x00000000   Number         0  uart.o ABSOLUTE
    RESET                                    0x08000000   Section      392  startup_stm32l476xx.o(RESET)
    !!!main                                  0x08000188   Section        8  __main.o(!!!main)
    !!!scatter                               0x08000190   Section       52  __scatter.o(!!!scatter)
    !!handler_zi                             0x080001c4   Section       28  __scatter_zi.o(!!handler_zi)
    .ARM.Collect$$_printf_percent$$00000000  0x080001e0   Section        0  _printf_percent.o(.ARM.Collect$$_printf_percent$$00000000)
    .ARM.Collect$$_printf_percent$$00000003  0x080001e0   Section        6  _printf_f.o(.ARM.Collect$$_printf_percent$$00000003)
    .ARM.Collect$$_printf_percent$$00000017  0x080001e6   Section        4  _printf_percent_end.o(.ARM.Collect$$_printf_percent$$00000017)
    .ARM.Collect$$libinit$$00000000          0x080001ea   Section        2  libinit.o(.ARM.Collect$$libinit$$00000000)
    .ARM.Collect$$libinit$$00000001          0x080001ec   Section        4  libinit2.o(.ARM.Collect$$libinit$$00000001)
    .ARM.Collect$$libinit$$00000004          0x080001f0   Section        0  libinit2.o(.ARM.Collect$$libinit$$00000004)
    .ARM.Collect$$libinit$$0000000A          0x080001f0   Section        0  libinit2.o(.ARM.Collect$$libinit$$0000000A)
    .ARM.Collect$$libinit$$0000000C          0x080001f0   Section        0  libinit2.o(.ARM.Collect$$libinit$$0000000C)
    .ARM.Collect$$libinit$$0000000E          0x080001f0   Section        0  libinit2.o(.ARM.Collect$$libinit$$0000000E)
    .ARM.Collect$$libinit$$0000000F          0x080001f0   Section        6  libinit2.o(.ARM.Collect$$libinit$$0000000F)
    .ARM.Collect$$libinit$$00000011          0x080001f6   Section        0  libinit2.o(.ARM.Collect$$libinit$$00000011)
    .ARM.Collect$$libinit$$00000013          0x080001f6   Section        0  libinit2.o(.ARM.Collect$$libinit$$00000013)
    .ARM.Collect$$libinit$$00000015          0x080001f6   Section        0  libinit2.o(.ARM.Collect$$libinit$$00000015)
    .ARM.Collect$$libinit$$00000016          0x080001f6   Section       10  libinit2.o(.ARM.Collect$$libinit$$00000016)
    .ARM.Collect$$libinit$$00000017          0x08000200   Section        0  libinit2.o(.ARM.Collect$$libinit$$00000017)
    .ARM.Collect$$libinit$$00000019          0x08000200   Section        0  libinit2.o(.ARM.Collect$$libinit$$00000019)
    .ARM.Collect$$libinit$$0000001B          0x08000200   Section        0  libinit2.o(.ARM.Collect$$libinit$$0000001B)
    .ARM.Collect$$libinit$$0000001D          0x08000200   Section        0  libinit2.o(.ARM.Collect$$libinit$$0000001D)
    .ARM.Collect$$libinit$$0000001F          0x08000200   Section        0  libinit2.o(.ARM.Collect$$libinit$$0000001F)
    .ARM.Collect$$libinit$$00000021          0x08000200   Section        0  libinit2.o(.ARM.Collect$$libinit$$00000021)
    .ARM.Collect$$libinit$$00000023          0x08000200   Section        0  libinit2.o(.ARM.Collect$$libinit$$00000023)
    .ARM.Collect$$libinit$$00000025          0x08000200   Section        0  libinit2.o(.ARM.Collect$$libinit$$00000025)
    .ARM.Collect$$libinit$$0000002C          0x08000200   Section        0  libinit2.o(.ARM.Collect$$libinit$$0000002C)
    .ARM.Collect$$libinit$$0000002E          0x08000200   Section        0  libinit2.o(.ARM.Collect$$libinit$$0000002E)
    .ARM.Collect$$libinit$$00000030          0x08000200   Section        0  libinit2.o(.ARM.Collect$$libinit$$00000030)
    .ARM.Collect$$libinit$$00000032          0x08000200   Section        0  libinit2.o(.ARM.Collect$$libinit$$00000032)
    .ARM.Collect$$libinit$$00000033          0x08000200   Section        2  libinit2.o(.ARM.Collect$$libinit$$00000033)
    .ARM.Collect$$libshutdown$$00000000      0x08000202   Section        2  libshutdown.o(.ARM.Collect$$libshutdown$$00000000)
    .ARM.Collect$$libshutdown$$00000002      0x08000204   Section        0  libshutdown2.o(.ARM.Collect$$libshutdown$$00000002)
    .ARM.Collect$$libshutdown$$00000004      0x08000204   Section        0  libshutdown2.o(.ARM.Collect$$libshutdown$$00000004)
    .ARM.Collect$$libshutdown$$00000007      0x08000204   Section        0  libshutdown2.o(.ARM.Collect$$libshutdown$$00000007)
    .ARM.Collect$$libshutdown$$0000000A      0x08000204   Section        0  libshutdown2.o(.ARM.Collect$$libshutdown$$0000000A)
    .ARM.Collect$$libshutdown$$0000000C      0x08000204   Section        0  libshutdown2.o(.ARM.Collect$$libshutdown$$0000000C)
    .ARM.Collect$$libshutdown$$0000000F      0x08000204   Section        0  libshutdown2.o(.ARM.Collect$$libshutdown$$0000000F)
    .ARM.Collect$$libshutdown$$00000010      0x08000204   Section        2  libshutdown2.o(.ARM.Collect$$libshutdown$$00000010)
    .ARM.Collect$$rtentry$$00000000          0x08000206   Section        0  __rtentry.o(.ARM.Collect$$rtentry$$00000000)
    .ARM.Collect$$rtentry$$00000002          0x08000206   Section        0  __rtentry2.o(.ARM.Collect$$rtentry$$00000002)
    .ARM.Collect$$rtentry$$00000004          0x08000206   Section        6  __rtentry4.o(.ARM.Collect$$rtentry$$00000004)
    .ARM.Collect$$rtentry$$00000009          0x0800020c   Section        0  __rtentry2.o(.ARM.Collect$$rtentry$$00000009)
    .ARM.Collect$$rtentry$$0000000A          0x0800020c   Section        4  __rtentry2.o(.ARM.Collect$$rtentry$$0000000A)
    .ARM.Collect$$rtentry$$0000000C          0x08000210   Section        0  __rtentry2.o(.ARM.Collect$$rtentry$$0000000C)
    .ARM.Collect$$rtentry$$0000000D          0x08000210   Section        8  __rtentry2.o(.ARM.Collect$$rtentry$$0000000D)
    .ARM.Collect$$rtexit$$00000000           0x08000218   Section        2  rtexit.o(.ARM.Collect$$rtexit$$00000000)
    .ARM.Collect$$rtexit$$00000002           0x0800021a   Section        0  rtexit2.o(.ARM.Collect$$rtexit$$00000002)
    .ARM.Collect$$rtexit$$00000003           0x0800021a   Section        4  rtexit2.o(.ARM.Collect$$rtexit$$00000003)
    .ARM.Collect$$rtexit$$00000004           0x0800021e   Section        6  rtexit2.o(.ARM.Collect$$rtexit$$00000004)
    $v0                                      0x08000224   Number         0  startup_stm32l476xx.o(.text)
    .text                                    0x08000224   Section      132  startup_stm32l476xx.o(.text)
    .text                                    0x080002a8   Section        0  noretval__2sprintf.o(.text)
    .text                                    0x080002d0   Section        0  __printf.o(.text)
    .text                                    0x08000338   Section        0  heapauxi.o(.text)
    _fp_digits                               0x0800033f   Thumb Code   432  _printf_fp_dec.o(.text)
    .text                                    0x0800033e   Section        0  _printf_fp_dec.o(.text)
    _printf_input_char                       0x08000761   Thumb Code    10  _printf_char_common.o(.text)
    .text                                    0x08000760   Section        0  _printf_char_common.o(.text)
    .text                                    0x08000790   Section        0  _sputc.o(.text)
    .text                                    0x0800079c   Section        8  rt_locale_intlibspace.o(.text)
    .text                                    0x080007a4   Section      138  lludiv10.o(.text)
    .text                                    0x08000830   Section        0  _printf_fp_infnan.o(.text)
    .text                                    0x080008b0   Section        0  bigflt0.o(.text)
    .text                                    0x08000994   Section        8  libspace.o(.text)
    .text                                    0x0800099c   Section       74  sys_stackheap_outer.o(.text)
    .text                                    0x080009e6   Section        0  exit.o(.text)
    .text                                    0x080009f8   Section      124  strcmpv7em.o(.text)
    .text                                    0x08000a74   Section        0  sys_exit.o(.text)
    .text                                    0x08000a80   Section        2  use_no_semi.o(.text)
    .text                                    0x08000a82   Section        0  indicate_semi.o(.text)
    [Anonymous Symbol]                       0x08000a84   Section        0  adc.o(.text.ADC1_setup)
    [Anonymous Symbol]                       0x08000b4c   Section        0  main.o(.text.EXTI0_IRQHandler)
    [Anonymous Symbol]                       0x08000b84   Section        0  main.o(.text.EXTI1_IRQHandler)
    [Anonymous Symbol]                       0x08000bb8   Section        0  main.o(.text.EXTI2_IRQHandler)
    [Anonymous Symbol]                       0x08000bf0   Section        0  main.o(.text.EXTI3_IRQHandler)
    [Anonymous Symbol]                       0x08000c28   Section        0  lcd.o(.text.LCD_Clear)
    [Anonymous Symbol]                       0x08000c44   Section        0  lcd.o(.text.LCD_DisplayString)
    [Anonymous Symbol]                       0x08000c70   Section        0  lcd.o(.text.LCD_Init)
    [Anonymous Symbol]                       0x08000cf0   Section        0  lcd.o(.text.LCD_WriteCom)
    [Anonymous Symbol]                       0x08000d50   Section        0  lcd.o(.text.LCD_WriteData)
    [Anonymous Symbol]                       0x08000db8   Section        0  uart.o(.text.USART2_IRQHandler)
    [Anonymous Symbol]                       0x08000e40   Section        0  uart.o(.text.USART2_Stringout)
    [Anonymous Symbol]                       0x08000e5c   Section        0  uart.o(.text.USART2_Write)
    [Anonymous Symbol]                       0x08000e7c   Section        0  uart.o(.text.USART2_fout)
    [Anonymous Symbol]                       0x08000eb0   Section        0  adc.o(.text.WindSpeed_setup)
    __NVIC_EnableIRQ                         0x08000f8d   Thumb Code    22  main.o(.text.__NVIC_EnableIRQ)
    [Anonymous Symbol]                       0x08000f8c   Section        0  main.o(.text.__NVIC_EnableIRQ)
    __NVIC_EnableIRQ                         0x08000fa5   Thumb Code    14  uart.o(.text.__NVIC_EnableIRQ)
    [Anonymous Symbol]                       0x08000fa4   Section        0  uart.o(.text.__NVIC_EnableIRQ)
    __NVIC_SetPriority                       0x08000fb5   Thumb Code    14  uart.o(.text.__NVIC_SetPriority)
    [Anonymous Symbol]                       0x08000fb4   Section        0  uart.o(.text.__NVIC_SetPriority)
    [Anonymous Symbol]                       0x08000fc4   Section        0  lcd.o(.text.delay_ms)
    [Anonymous Symbol]                       0x08000fe8   Section        0  adc.o(.text.internal_temperature_c)
    [Anonymous Symbol]                       0x08001048   Section        0  main.o(.text.main)
    [Anonymous Symbol]                       0x080011cc   Section        0  adc.o(.text.read_ADC1)
    [Anonymous Symbol]                       0x080011ec   Section        0  adc.o(.text.read_Tref)
    [Anonymous Symbol]                       0x08001208   Section        0  uart.o(.text.usart2_init)
    CL$$btod_d2e                             0x080012ce   Section       62  btod.o(CL$$btod_d2e)
    CL$$btod_d2e_denorm_low                  0x0800130c   Section       70  btod.o(CL$$btod_d2e_denorm_low)
    CL$$btod_d2e_norm_op1                    0x08001352   Section       96  btod.o(CL$$btod_d2e_norm_op1)
    CL$$btod_div_common                      0x080013b4   Section      824  btod.o(CL$$btod_div_common)
    CL$$btod_e2e                             0x080016ec   Section      220  btod.o(CL$$btod_e2e)
    CL$$btod_ediv                            0x080017c8   Section       42  btod.o(CL$$btod_ediv)
    CL$$btod_emul                            0x080017f2   Section       42  btod.o(CL$$btod_emul)
    CL$$btod_mult_common                     0x0800181c   Section      580  btod.o(CL$$btod_mult_common)
    i.__ARM_fpclassify                       0x08001a60   Section        0  fpclassify.o(i.__ARM_fpclassify)
    locale$$code                             0x08001a90   Section       44  lc_numeric_c.o(locale$$code)
    $v0                                      0x08001abc   Number         0  d2f.o(x$fpl$d2f)
    x$fpl$d2f                                0x08001abc   Section       98  d2f.o(x$fpl$d2f)
    $v0                                      0x08001b20   Number         0  daddsub_clz.o(x$fpl$dadd)
    x$fpl$dadd                               0x08001b20   Section      336  daddsub_clz.o(x$fpl$dadd)
    _dadd1                                   0x08001b31   Thumb Code     0  daddsub_clz.o(x$fpl$dadd)
    $v0                                      0x08001c70   Number         0  dflt_clz.o(x$fpl$dfltu)
    x$fpl$dfltu                              0x08001c70   Section       38  dflt_clz.o(x$fpl$dfltu)
    $v0                                      0x08001c98   Number         0  dmul.o(x$fpl$dmul)
    x$fpl$dmul                               0x08001c98   Section      340  dmul.o(x$fpl$dmul)
    $v0                                      0x08001dec   Number         0  dnaninf.o(x$fpl$dnaninf)
    x$fpl$dnaninf                            0x08001dec   Section      156  dnaninf.o(x$fpl$dnaninf)
    $v0                                      0x08001e88   Number         0  dretinf.o(x$fpl$dretinf)
    x$fpl$dretinf                            0x08001e88   Section       12  dretinf.o(x$fpl$dretinf)
    $v0                                      0x08001e94   Number         0  daddsub_clz.o(x$fpl$dsub)
    x$fpl$dsub                               0x08001e94   Section      476  daddsub_clz.o(x$fpl$dsub)
    _dsub1                                   0x08001ea5   Thumb Code     0  daddsub_clz.o(x$fpl$dsub)
    $v0                                      0x08002070   Number         0  f2d.o(x$fpl$f2d)
    x$fpl$f2d                                0x08002070   Section       86  f2d.o(x$fpl$f2d)
    $v0                                      0x080020c6   Number         0  fnaninf.o(x$fpl$fnaninf)
    x$fpl$fnaninf                            0x080020c6   Section      140  fnaninf.o(x$fpl$fnaninf)
    $v0                                      0x08002152   Number         0  fpinit.o(x$fpl$fpinit)
    x$fpl$fpinit                             0x08002152   Section       26  fpinit.o(x$fpl$fpinit)
    $v0                                      0x0800216c   Number         0  fretinf.o(x$fpl$fretinf)
    x$fpl$fretinf                            0x0800216c   Section       10  fretinf.o(x$fpl$fretinf)
    $v0                                      0x08002176   Number         0  printf1.o(x$fpl$printf1)
    x$fpl$printf1                            0x08002176   Section        4  printf1.o(x$fpl$printf1)
    x$fpl$usenofp                            0x0800217a   Section        0  usenofp.o(x$fpl$usenofp)
    tenpwrs_x                                0x0800217c   Data          60  bigflt0.o(.constdata)
    .constdata                               0x0800217c   Section      148  bigflt0.o(.constdata)
    tenpwrs_i                                0x080021b8   Data          64  bigflt0.o(.constdata)
    locale$$data                             0x08002220   Section       28  lc_numeric_c.o(locale$$data)
    __lcnum_c_name                           0x08002224   Data           2  lc_numeric_c.o(locale$$data)
    __lcnum_c_start                          0x0800222c   Data           0  lc_numeric_c.o(locale$$data)
    __lcnum_c_point                          0x08002238   Data           0  lc_numeric_c.o(locale$$data)
    __lcnum_c_thousands                      0x0800223a   Data           0  lc_numeric_c.o(locale$$data)
    __lcnum_c_grouping                       0x0800223b   Data           0  lc_numeric_c.o(locale$$data)
    __lcnum_c_end                            0x0800223c   Data           0  lc_numeric_c.o(locale$$data)
    .bss                                     0x20000000   Section       96  libspace.o(.bss)
    Heap_Mem                                 0x20000060   Data         512  startup_stm32l476xx.o(HEAP)
    HEAP                                     0x20000060   Section      512  startup_stm32l476xx.o(HEAP)
    Stack_Mem                                0x20000260   Data        1024  startup_stm32l476xx.o(STACK)
    STACK                                    0x20000260   Section     1024  startup_stm32l476xx.o(STACK)
    __initial_sp                             0x20000660   Data           0  startup_stm32l476xx.o(STACK)

    Global Symbols

    Symbol Name                              Value     Ov Type        Size  Object(Section)

    BuildAttributes$$THM_ISAv4$E$P$D$K$B$S$7EM$VFPi3$EXTD16$VFPS$VFMA$PE$A:L22UL41UL21$X:L11$S22US41US21$IEEE1$IW$~IW$USESV6$~STKCKD$USESV7$~SHL$OTIME$ROPI$IEEEJ$EBA8$UX$STANDARDLIB$REQ8$PRES8$EABIv2 0x00000000   Number         0  anon$$obj.o ABSOLUTE
    Image$$ER_IROM1$$RW$$Length              0x00000000   Number         0  anon$$obj.o ABSOLUTE
    Image$$ER_IROM1$$ZI$$Length              0x00000000   Number         0  anon$$obj.o ABSOLUTE
    Image$$RW_IRAM1$$Length                  0x00000000   Number         0  anon$$obj.o ABSOLUTE
    Image$$RW_IRAM1$$RO$$Length              0x00000000   Number         0  anon$$obj.o ABSOLUTE
    Image$$RW_IRAM1$$RW$$Length              0x00000000   Number         0  anon$$obj.o ABSOLUTE
    __ARM_exceptions_init                     - Undefined Weak Reference
    __alloca_initialize                       - Undefined Weak Reference
    __arm_preinit_                            - Undefined Weak Reference
    __cpp_initialize__aeabi_                  - Undefined Weak Reference
    __cxa_finalize                            - Undefined Weak Reference
    __sigvec_lookup                           - Undefined Weak Reference
    _atexit_init                              - Undefined Weak Reference
    _call_atexit_fns                          - Undefined Weak Reference
    _clock_init                               - Undefined Weak Reference
    _fp_trap_init                             - Undefined Weak Reference
    _fp_trap_shutdown                         - Undefined Weak Reference
    _get_lc_collate                           - Undefined Weak Reference
    _get_lc_ctype                             - Undefined Weak Reference
    _get_lc_monetary                          - Undefined Weak Reference
    _get_lc_time                              - Undefined Weak Reference
    _getenv_init                              - Undefined Weak Reference
    _handle_redirection                       - Undefined Weak Reference
    _init_alloc                               - Undefined Weak Reference
    _init_user_alloc                          - Undefined Weak Reference
    _initio                                   - Undefined Weak Reference
    _printf_post_padding                      - Undefined Weak Reference
    _printf_pre_padding                       - Undefined Weak Reference
    _rand_init                                - Undefined Weak Reference
    _signal_finish                            - Undefined Weak Reference
    _signal_init                              - Undefined Weak Reference
    _terminate_alloc                          - Undefined Weak Reference
    _terminate_user_alloc                     - Undefined Weak Reference
    _terminateio                              - Undefined Weak Reference
    __Vectors_Size                           0x00000188   Number         0  startup_stm32l476xx.o ABSOLUTE
    Image$$RW_IRAM1$$ZI$$Length              0x00000660   Number         0  anon$$obj.o ABSOLUTE
    Image$$ER_IROM1$$RO$$Length              0x0000223c   Number         0  anon$$obj.o ABSOLUTE
    Image$$ER_IROM1$$RO$$Base                0x08000000   Number         0  anon$$obj.o ABSOLUTE
    Load$$ER_IROM1$$Base                     0x08000000   Number         0  anon$$obj.o ABSOLUTE
    __Vectors                                0x08000000   Data           4  startup_stm32l476xx.o(RESET)
    __Vectors_End                            0x08000188   Data           0  startup_stm32l476xx.o(RESET)
    __main                                   0x08000189   Thumb Code     8  __main.o(!!!main)
    __scatterload                            0x08000191   Thumb Code     0  __scatter.o(!!!scatter)
    __scatterload_rt2                        0x08000191   Thumb Code    44  __scatter.o(!!!scatter)
    __scatterload_rt2_thumb_only             0x08000191   Thumb Code     0  __scatter.o(!!!scatter)
    __scatterload_null                       0x0800019f   Thumb Code     0  __scatter.o(!!!scatter)
    __scatterload_zeroinit                   0x080001c5   Thumb Code    28  __scatter_zi.o(!!handler_zi)
    _printf_f                                0x080001e1   Thumb Code     0  _printf_f.o(.ARM.Collect$$_printf_percent$$00000003)
    _printf_percent                          0x080001e1   Thumb Code     0  _printf_percent.o(.ARM.Collect$$_printf_percent$$00000000)
    _printf_percent_end                      0x080001e7   Thumb Code     0  _printf_percent_end.o(.ARM.Collect$$_printf_percent$$00000017)
    __rt_lib_init                            0x080001eb   Thumb Code     0  libinit.o(.ARM.Collect$$libinit$$00000000)
    __rt_lib_init_fp_1                       0x080001ed   Thumb Code     0  libinit2.o(.ARM.Collect$$libinit$$00000001)
    __rt_lib_init_heap_1                     0x080001f1   Thumb Code     0  libinit2.o(.ARM.Collect$$libinit$$0000000A)
    __rt_lib_init_lc_common                  0x080001f1   Thumb Code     0  libinit2.o(.ARM.Collect$$libinit$$0000000F)
    __rt_lib_init_preinit_1                  0x080001f1   Thumb Code     0  libinit2.o(.ARM.Collect$$libinit$$00000004)
    __rt_lib_init_rand_1                     0x080001f1   Thumb Code     0  libinit2.o(.ARM.Collect$$libinit$$0000000E)
    __rt_lib_init_user_alloc_1               0x080001f1   Thumb Code     0  libinit2.o(.ARM.Collect$$libinit$$0000000C)
    __rt_lib_init_lc_collate_1               0x080001f7   Thumb Code     0  libinit2.o(.ARM.Collect$$libinit$$00000011)
    __rt_lib_init_lc_ctype_1                 0x080001f7   Thumb Code     0  libinit2.o(.ARM.Collect$$libinit$$00000013)
    __rt_lib_init_lc_monetary_1              0x080001f7   Thumb Code     0  libinit2.o(.ARM.Collect$$libinit$$00000015)
    __rt_lib_init_lc_numeric_2               0x080001f7   Thumb Code     0  libinit2.o(.ARM.Collect$$libinit$$00000016)
    __rt_lib_init_alloca_1                   0x08000201   Thumb Code     0  libinit2.o(.ARM.Collect$$libinit$$0000002E)
    __rt_lib_init_argv_1                     0x08000201   Thumb Code     0  libinit2.o(.ARM.Collect$$libinit$$0000002C)
    __rt_lib_init_atexit_1                   0x08000201   Thumb Code     0  libinit2.o(.ARM.Collect$$libinit$$0000001B)
    __rt_lib_init_clock_1                    0x08000201   Thumb Code     0  libinit2.o(.ARM.Collect$$libinit$$00000021)
    __rt_lib_init_cpp_1                      0x08000201   Thumb Code     0  libinit2.o(.ARM.Collect$$libinit$$00000032)
    __rt_lib_init_exceptions_1               0x08000201   Thumb Code     0  libinit2.o(.ARM.Collect$$libinit$$00000030)
    __rt_lib_init_fp_trap_1                  0x08000201   Thumb Code     0  libinit2.o(.ARM.Collect$$libinit$$0000001F)
    __rt_lib_init_getenv_1                   0x08000201   Thumb Code     0  libinit2.o(.ARM.Collect$$libinit$$00000023)
    __rt_lib_init_lc_numeric_1               0x08000201   Thumb Code     0  libinit2.o(.ARM.Collect$$libinit$$00000017)
    __rt_lib_init_lc_time_1                  0x08000201   Thumb Code     0  libinit2.o(.ARM.Collect$$libinit$$00000019)
    __rt_lib_init_return                     0x08000201   Thumb Code     0  libinit2.o(.ARM.Collect$$libinit$$00000033)
    __rt_lib_init_signal_1                   0x08000201   Thumb Code     0  libinit2.o(.ARM.Collect$$libinit$$0000001D)
    __rt_lib_init_stdio_1                    0x08000201   Thumb Code     0  libinit2.o(.ARM.Collect$$libinit$$00000025)
    __rt_lib_shutdown                        0x08000203   Thumb Code     0  libshutdown.o(.ARM.Collect$$libshutdown$$00000000)
    __rt_lib_shutdown_cpp_1                  0x08000205   Thumb Code     0  libshutdown2.o(.ARM.Collect$$libshutdown$$00000002)
    __rt_lib_shutdown_fp_trap_1              0x08000205   Thumb Code     0  libshutdown2.o(.ARM.Collect$$libshutdown$$00000007)
    __rt_lib_shutdown_heap_1                 0x08000205   Thumb Code     0  libshutdown2.o(.ARM.Collect$$libshutdown$$0000000F)
    __rt_lib_shutdown_return                 0x08000205   Thumb Code     0  libshutdown2.o(.ARM.Collect$$libshutdown$$00000010)
    __rt_lib_shutdown_signal_1               0x08000205   Thumb Code     0  libshutdown2.o(.ARM.Collect$$libshutdown$$0000000A)
    __rt_lib_shutdown_stdio_1                0x08000205   Thumb Code     0  libshutdown2.o(.ARM.Collect$$libshutdown$$00000004)
    __rt_lib_shutdown_user_alloc_1           0x08000205   Thumb Code     0  libshutdown2.o(.ARM.Collect$$libshutdown$$0000000C)
    __rt_entry                               0x08000207   Thumb Code     0  __rtentry.o(.ARM.Collect$$rtentry$$00000000)
    __rt_entry_presh_1                       0x08000207   Thumb Code     0  __rtentry2.o(.ARM.Collect$$rtentry$$00000002)
    __rt_entry_sh                            0x08000207   Thumb Code     0  __rtentry4.o(.ARM.Collect$$rtentry$$00000004)
    __rt_entry_li                            0x0800020d   Thumb Code     0  __rtentry2.o(.ARM.Collect$$rtentry$$0000000A)
    __rt_entry_postsh_1                      0x0800020d   Thumb Code     0  __rtentry2.o(.ARM.Collect$$rtentry$$00000009)
    __rt_entry_main                          0x08000211   Thumb Code     0  __rtentry2.o(.ARM.Collect$$rtentry$$0000000D)
    __rt_entry_postli_1                      0x08000211   Thumb Code     0  __rtentry2.o(.ARM.Collect$$rtentry$$0000000C)
    __rt_exit                                0x08000219   Thumb Code     0  rtexit.o(.ARM.Collect$$rtexit$$00000000)
    __rt_exit_ls                             0x0800021b   Thumb Code     0  rtexit2.o(.ARM.Collect$$rtexit$$00000003)
    __rt_exit_prels_1                        0x0800021b   Thumb Code     0  rtexit2.o(.ARM.Collect$$rtexit$$00000002)
    __rt_exit_exit                           0x0800021f   Thumb Code     0  rtexit2.o(.ARM.Collect$$rtexit$$00000004)
    Reset_Handler                            0x08000225   Thumb Code    60  startup_stm32l476xx.o(.text)
    NMI_Handler                              0x08000261   Thumb Code     2  startup_stm32l476xx.o(.text)
    HardFault_Handler                        0x08000263   Thumb Code     2  startup_stm32l476xx.o(.text)
    MemManage_Handler                        0x08000265   Thumb Code     2  startup_stm32l476xx.o(.text)
    BusFault_Handler                         0x08000267   Thumb Code     2  startup_stm32l476xx.o(.text)
    UsageFault_Handler                       0x08000269   Thumb Code     2  startup_stm32l476xx.o(.text)
    SVC_Handler                              0x0800026b   Thumb Code     2  startup_stm32l476xx.o(.text)
    DebugMon_Handler                         0x0800026d   Thumb Code     2  startup_stm32l476xx.o(.text)
    PendSV_Handler                           0x0800026f   Thumb Code     2  startup_stm32l476xx.o(.text)
    SysTick_Handler                          0x08000271   Thumb Code     2  startup_stm32l476xx.o(.text)
    ADC1_2_IRQHandler                        0x08000273   Thumb Code     0  startup_stm32l476xx.o(.text)
    ADC3_IRQHandler                          0x08000273   Thumb Code     0  startup_stm32l476xx.o(.text)
    CAN1_RX0_IRQHandler                      0x08000273   Thumb Code     0  startup_stm32l476xx.o(.text)
    CAN1_RX1_IRQHandler                      0x08000273   Thumb Code     0  startup_stm32l476xx.o(.text)
    CAN1_SCE_IRQHandler                      0x08000273   Thumb Code     0  startup_stm32l476xx.o(.text)
    CAN1_TX_IRQHandler                       0x08000273   Thumb Code     0  startup_stm32l476xx.o(.text)
    COMP_IRQHandler                          0x08000273   Thumb Code     0  startup_stm32l476xx.o(.text)
    DFSDM0_IRQHandler                        0x08000273   Thumb Code     0  startup_stm32l476xx.o(.text)
    DFSDM1_IRQHandler                        0x08000273   Thumb Code     0  startup_stm32l476xx.o(.text)
    DFSDM2_IRQHandler                        0x08000273   Thumb Code     0  startup_stm32l476xx.o(.text)
    DFSDM3_IRQHandler                        0x08000273   Thumb Code     0  startup_stm32l476xx.o(.text)
    DMA1_Channel1_IRQHandler                 0x08000273   Thumb Code     0  startup_stm32l476xx.o(.text)
    DMA1_Channel2_IRQHandler                 0x08000273   Thumb Code     0  startup_stm32l476xx.o(.text)
    DMA1_Channel3_IRQHandler                 0x08000273   Thumb Code     0  startup_stm32l476xx.o(.text)
    DMA1_Channel4_IRQHandler                 0x08000273   Thumb Code     0  startup_stm32l476xx.o(.text)
    DMA1_Channel5_IRQHandler                 0x08000273   Thumb Code     0  startup_stm32l476xx.o(.text)
    DMA1_Channel6_IRQHandler                 0x08000273   Thumb Code     0  startup_stm32l476xx.o(.text)
    DMA1_Channel7_IRQHandler                 0x08000273   Thumb Code     0  startup_stm32l476xx.o(.text)
    DMA2_Channel1_IRQHandler                 0x08000273   Thumb Code     0  startup_stm32l476xx.o(.text)
    DMA2_Channel2_IRQHandler                 0x08000273   Thumb Code     0  startup_stm32l476xx.o(.text)
    DMA2_Channel3_IRQHandler                 0x08000273   Thumb Code     0  startup_stm32l476xx.o(.text)
    DMA2_Channel4_IRQHandler                 0x08000273   Thumb Code     0  startup_stm32l476xx.o(.text)
    DMA2_Channel5_IRQHandler                 0x08000273   Thumb Code     0  startup_stm32l476xx.o(.text)
    DMA2_Channel6_IRQHandler                 0x08000273   Thumb Code     0  startup_stm32l476xx.o(.text)
    DMA2_Channel7_IRQHandler                 0x08000273   Thumb Code     0  startup_stm32l476xx.o(.text)
    EXTI15_10_IRQHandler                     0x08000273   Thumb Code     0  startup_stm32l476xx.o(.text)
    EXTI4_IRQHandler                         0x08000273   Thumb Code     0  startup_stm32l476xx.o(.text)
    EXTI9_5_IRQHandler                       0x08000273   Thumb Code     0  startup_stm32l476xx.o(.text)
    FLASH_IRQHandler                         0x08000273   Thumb Code     0  startup_stm32l476xx.o(.text)
    FMC_IRQHandler                           0x08000273   Thumb Code     0  startup_stm32l476xx.o(.text)
    FPU_IRQHandler                           0x08000273   Thumb Code     0  startup_stm32l476xx.o(.text)
    I2C1_ER_IRQHandler                       0x08000273   Thumb Code     0  startup_stm32l476xx.o(.text)
    I2C1_EV_IRQHandler                       0x08000273   Thumb Code     0  startup_stm32l476xx.o(.text)
    I2C2_ER_IRQHandler                       0x08000273   Thumb Code     0  startup_stm32l476xx.o(.text)
    I2C2_EV_IRQHandler                       0x08000273   Thumb Code     0  startup_stm32l476xx.o(.text)
    I2C3_ER_IRQHandler                       0x08000273   Thumb Code     0  startup_stm32l476xx.o(.text)
    I2C3_EV_IRQHandler                       0x08000273   Thumb Code     0  startup_stm32l476xx.o(.text)
    LCD_IRQHandler                           0x08000273   Thumb Code     0  startup_stm32l476xx.o(.text)
    LPTIM1_IRQHandler                        0x08000273   Thumb Code     0  startup_stm32l476xx.o(.text)
    LPTIM2_IRQHandler                        0x08000273   Thumb Code     0  startup_stm32l476xx.o(.text)
    LPUART1_IRQHandler                       0x08000273   Thumb Code     0  startup_stm32l476xx.o(.text)
    OTG_FS_IRQHandler                        0x08000273   Thumb Code     0  startup_stm32l476xx.o(.text)
    PVD_PVM_IRQHandler                       0x08000273   Thumb Code     0  startup_stm32l476xx.o(.text)
    QUADSPI_IRQHandler                       0x08000273   Thumb Code     0  startup_stm32l476xx.o(.text)
    RCC_IRQHandler                           0x08000273   Thumb Code     0  startup_stm32l476xx.o(.text)
    RNG_IRQHandler                           0x08000273   Thumb Code     0  startup_stm32l476xx.o(.text)
    RTC_Alarm_IRQHandler                     0x08000273   Thumb Code     0  startup_stm32l476xx.o(.text)
    RTC_WKUP_IRQHandler                      0x08000273   Thumb Code     0  startup_stm32l476xx.o(.text)
    SAI1_IRQHandler                          0x08000273   Thumb Code     0  startup_stm32l476xx.o(.text)
    SAI2_IRQHandler                          0x08000273   Thumb Code     0  startup_stm32l476xx.o(.text)
    SDMMC1_IRQHandler                        0x08000273   Thumb Code     0  startup_stm32l476xx.o(.text)
    SPI1_IRQHandler                          0x08000273   Thumb Code     0  startup_stm32l476xx.o(.text)
    SPI2_IRQHandler                          0x08000273   Thumb Code     0  startup_stm32l476xx.o(.text)
    SPI3_IRQHandler                          0x08000273   Thumb Code     0  startup_stm32l476xx.o(.text)
    SWPMI1_IRQHandler                        0x08000273   Thumb Code     0  startup_stm32l476xx.o(.text)
    TAMP_STAMP_IRQHandler                    0x08000273   Thumb Code     0  startup_stm32l476xx.o(.text)
    TIM1_BRK_TIM15_IRQHandler                0x08000273   Thumb Code     0  startup_stm32l476xx.o(.text)
    TIM1_CC_IRQHandler                       0x08000273   Thumb Code     0  startup_stm32l476xx.o(.text)
    TIM1_TRG_COM_TIM17_IRQHandler            0x08000273   Thumb Code     0  startup_stm32l476xx.o(.text)
    TIM1_UP_TIM16_IRQHandler                 0x08000273   Thumb Code     0  startup_stm32l476xx.o(.text)
    TIM2_IRQHandler                          0x08000273   Thumb Code     0  startup_stm32l476xx.o(.text)
    TIM3_IRQHandler                          0x08000273   Thumb Code     0  startup_stm32l476xx.o(.text)
    TIM4_IRQHandler                          0x08000273   Thumb Code     0  startup_stm32l476xx.o(.text)
    TIM5_IRQHandler                          0x08000273   Thumb Code     0  startup_stm32l476xx.o(.text)
    TIM6_DAC_IRQHandler                      0x08000273   Thumb Code     0  startup_stm32l476xx.o(.text)
    TIM7_IRQHandler                          0x08000273   Thumb Code     0  startup_stm32l476xx.o(.text)
    TIM8_BRK_IRQHandler                      0x08000273   Thumb Code     0  startup_stm32l476xx.o(.text)
    TIM8_CC_IRQHandler                       0x08000273   Thumb Code     0  startup_stm32l476xx.o(.text)
    TIM8_TRG_COM_IRQHandler                  0x08000273   Thumb Code     0  startup_stm32l476xx.o(.text)
    TIM8_UP_IRQHandler                       0x08000273   Thumb Code     0  startup_stm32l476xx.o(.text)
    TSC_IRQHandler                           0x08000273   Thumb Code     0  startup_stm32l476xx.o(.text)
    UART4_IRQHandler                         0x08000273   Thumb Code     0  startup_stm32l476xx.o(.text)
    UART5_IRQHandler                         0x08000273   Thumb Code     0  startup_stm32l476xx.o(.text)
    USART1_IRQHandler                        0x08000273   Thumb Code     0  startup_stm32l476xx.o(.text)
    USART3_IRQHandler                        0x08000273   Thumb Code     0  startup_stm32l476xx.o(.text)
    WWDG_IRQHandler                          0x08000273   Thumb Code     0  startup_stm32l476xx.o(.text)
    __user_initial_stackheap                 0x08000275   Thumb Code     0  startup_stm32l476xx.o(.text)
    __2sprintf                               0x080002a9   Thumb Code    34  noretval__2sprintf.o(.text)
    __printf                                 0x080002d1   Thumb Code   104  __printf.o(.text)
    __use_two_region_memory                  0x08000339   Thumb Code     2  heapauxi.o(.text)
    __rt_heap_escrow$2region                 0x0800033b   Thumb Code     2  heapauxi.o(.text)
    __rt_heap_expand$2region                 0x0800033d   Thumb Code     2  heapauxi.o(.text)
    _printf_fp_dec_real                      0x080004ef   Thumb Code   620  _printf_fp_dec.o(.text)
    _printf_char_common                      0x0800076b   Thumb Code    32  _printf_char_common.o(.text)
    _sputc                                   0x08000791   Thumb Code    10  _sputc.o(.text)
    __rt_locale                              0x0800079d   Thumb Code     8  rt_locale_intlibspace.o(.text)
    _ll_udiv10                               0x080007a5   Thumb Code   138  lludiv10.o(.text)
    _printf_fp_infnan                        0x08000831   Thumb Code   112  _printf_fp_infnan.o(.text)
    _btod_etento                             0x080008b1   Thumb Code   224  bigflt0.o(.text)
    __user_libspace                          0x08000995   Thumb Code     8  libspace.o(.text)
    __user_perproc_libspace                  0x08000995   Thumb Code     0  libspace.o(.text)
    __user_perthread_libspace                0x08000995   Thumb Code     0  libspace.o(.text)
    __user_setup_stackheap                   0x0800099d   Thumb Code    74  sys_stackheap_outer.o(.text)
    exit                                     0x080009e7   Thumb Code    18  exit.o(.text)
    strcmp                                   0x080009f9   Thumb Code   124  strcmpv7em.o(.text)
    _sys_exit                                0x08000a75   Thumb Code     8  sys_exit.o(.text)
    __I$use$semihosting                      0x08000a81   Thumb Code     0  use_no_semi.o(.text)
    __use_no_semihosting_swi                 0x08000a81   Thumb Code     2  use_no_semi.o(.text)
    __semihosting_library_function           0x08000a83   Thumb Code     0  indicate_semi.o(.text)
    ADC1_setup                               0x08000a85   Thumb Code   198  adc.o(.text.ADC1_setup)
    EXTI0_IRQHandler                         0x08000b4d   Thumb Code    40  main.o(.text.EXTI0_IRQHandler)
    EXTI1_IRQHandler                         0x08000b85   Thumb Code    40  main.o(.text.EXTI1_IRQHandler)
    EXTI2_IRQHandler                         0x08000bb9   Thumb Code    40  main.o(.text.EXTI2_IRQHandler)
    EXTI3_IRQHandler                         0x08000bf1   Thumb Code    40  main.o(.text.EXTI3_IRQHandler)
    LCD_Clear                                0x08000c29   Thumb Code    28  lcd.o(.text.LCD_Clear)
    LCD_DisplayString                        0x08000c45   Thumb Code    44  lcd.o(.text.LCD_DisplayString)
    LCD_Init                                 0x08000c71   Thumb Code   126  lcd.o(.text.LCD_Init)
    LCD_WriteCom                             0x08000cf1   Thumb Code    96  lcd.o(.text.LCD_WriteCom)
    LCD_WriteData                            0x08000d51   Thumb Code   104  lcd.o(.text.LCD_WriteData)
    USART2_IRQHandler                        0x08000db9   Thumb Code   134  uart.o(.text.USART2_IRQHandler)
    USART2_Stringout                         0x08000e41   Thumb Code    28  uart.o(.text.USART2_Stringout)
    USART2_Write                             0x08000e5d   Thumb Code    32  uart.o(.text.USART2_Write)
    USART2_fout                              0x08000e7d   Thumb Code    48  uart.o(.text.USART2_fout)
    WindSpeed_setup                          0x08000eb1   Thumb Code   218  adc.o(.text.WindSpeed_setup)
    delay_ms                                 0x08000fc5   Thumb Code    36  lcd.o(.text.delay_ms)
    internal_temperature_c                   0x08000fe9   Thumb Code    96  adc.o(.text.internal_temperature_c)
    main                                     0x08001049   Thumb Code   340  main.o(.text.main)
    read_ADC1                                0x080011cd   Thumb Code    30  adc.o(.text.read_ADC1)
    read_Tref                                0x080011ed   Thumb Code    28  adc.o(.text.read_Tref)
    usart2_init                              0x08001209   Thumb Code   198  uart.o(.text.usart2_init)
    _btod_d2e                                0x080012cf   Thumb Code    62  btod.o(CL$$btod_d2e)
    _d2e_denorm_low                          0x0800130d   Thumb Code    70  btod.o(CL$$btod_d2e_denorm_low)
    _d2e_norm_op1                            0x08001353   Thumb Code    96  btod.o(CL$$btod_d2e_norm_op1)
    __btod_div_common                        0x080013b5   Thumb Code   696  btod.o(CL$$btod_div_common)
    _e2e                                     0x080016ed   Thumb Code   220  btod.o(CL$$btod_e2e)
    _btod_ediv                               0x080017c9   Thumb Code    42  btod.o(CL$$btod_ediv)
    _btod_emul                               0x080017f3   Thumb Code    42  btod.o(CL$$btod_emul)
    __btod_mult_common                       0x0800181d   Thumb Code   580  btod.o(CL$$btod_mult_common)
    __ARM_fpclassify                         0x08001a61   Thumb Code    48  fpclassify.o(i.__ARM_fpclassify)
    _get_lc_numeric                          0x08001a91   Thumb Code    44  lc_numeric_c.o(locale$$code)
    __aeabi_d2f                              0x08001abd   Thumb Code     0  d2f.o(x$fpl$d2f)
    _d2f                                     0x08001abd   Thumb Code    98  d2f.o(x$fpl$d2f)
    __aeabi_dadd                             0x08001b21   Thumb Code     0  daddsub_clz.o(x$fpl$dadd)
    _dadd                                    0x08001b21   Thumb Code   332  daddsub_clz.o(x$fpl$dadd)
    __aeabi_ui2d                             0x08001c71   Thumb Code     0  dflt_clz.o(x$fpl$dfltu)
    _dfltu                                   0x08001c71   Thumb Code    38  dflt_clz.o(x$fpl$dfltu)
    __aeabi_dmul                             0x08001c99   Thumb Code     0  dmul.o(x$fpl$dmul)
    _dmul                                    0x08001c99   Thumb Code   332  dmul.o(x$fpl$dmul)
    __fpl_dnaninf                            0x08001ded   Thumb Code   156  dnaninf.o(x$fpl$dnaninf)
    __fpl_dretinf                            0x08001e89   Thumb Code    12  dretinf.o(x$fpl$dretinf)
    __aeabi_dsub                             0x08001e95   Thumb Code     0  daddsub_clz.o(x$fpl$dsub)
    _dsub                                    0x08001e95   Thumb Code   472  daddsub_clz.o(x$fpl$dsub)
    __aeabi_f2d                              0x08002071   Thumb Code     0  f2d.o(x$fpl$f2d)
    _f2d                                     0x08002071   Thumb Code    86  f2d.o(x$fpl$f2d)
    __fpl_fnaninf                            0x080020c7   Thumb Code   140  fnaninf.o(x$fpl$fnaninf)
    _fp_init                                 0x08002153   Thumb Code    26  fpinit.o(x$fpl$fpinit)
    __fplib_config_fpu_vfp                   0x0800216b   Thumb Code     0  fpinit.o(x$fpl$fpinit)
    __fplib_config_pureend_doubles           0x0800216b   Thumb Code     0  fpinit.o(x$fpl$fpinit)
    __fpl_fretinf                            0x0800216d   Thumb Code    10  fretinf.o(x$fpl$fretinf)
    _printf_fp_dec                           0x08002177   Thumb Code     4  printf1.o(x$fpl$printf1)
    __I$use$fp                               0x0800217a   Number         0  usenofp.o(x$fpl$usenofp)
    Region$$Table$$Base                      0x08002210   Number         0  anon$$obj.o(Region$$Table)
    Region$$Table$$Limit                     0x08002220   Number         0  anon$$obj.o(Region$$Table)
    Image$$ER_IROM1$$RO$$Limit               0x0800223c   Number         0  anon$$obj.o ABSOLUTE
    Image$$ER_IROM1$$RW$$Base                0x0800223c   Number         0  anon$$obj.o ABSOLUTE
    Image$$ER_IROM1$$RW$$Limit               0x0800223c   Number         0  anon$$obj.o ABSOLUTE
    Image$$ER_IROM1$$ZI$$Base                0x0800223c   Number         0  anon$$obj.o ABSOLUTE
    Image$$ER_IROM1$$ZI$$Limit               0x0800223c   Number         0  anon$$obj.o ABSOLUTE
    Load$$RW_IRAM1$$Base                     0x0800223c   Number         0  anon$$obj.o ABSOLUTE
    Image$$RW_IRAM1$$Base                    0x20000000   Number         0  anon$$obj.o ABSOLUTE
    Image$$RW_IRAM1$$Limit                   0x20000000   Number         0  anon$$obj.o ABSOLUTE
    Image$$RW_IRAM1$$RO$$Base                0x20000000   Number         0  anon$$obj.o ABSOLUTE
    Image$$RW_IRAM1$$RW$$Base                0x20000000   Number         0  anon$$obj.o ABSOLUTE
    Image$$RW_IRAM1$$RW$$Limit               0x20000000   Number         0  anon$$obj.o ABSOLUTE
    Image$$RW_IRAM1$$ZI$$Base                0x20000000   Number         0  anon$$obj.o ABSOLUTE
    __libspace_start                         0x20000000   Data          96  libspace.o(.bss)
    __temporary_stack_top$libspace           0x20000060   Data           0  libspace.o(.bss)
    Image$$RW_IRAM1$$ZI$$Limit               0x20000660   Number         0  anon$$obj.o ABSOLUTE



==============================================================================

Memory Map of the image

  Image Entry point : 0x08000189

  Load Region LR_IROM1 (Base: 0x08000000, Size: 0x0000223c, Max: 0x00100000, ABSOLUTE)

    Execution Region ER_IROM1 (Exec base: 0x08000000, Load base: 0x08000000, Size: 0x0000223c, Max: 0x00100000, ABSOLUTE)

    Exec Addr    Load Addr    Size         Type   Attr      Idx    E Section Name        Object

    0x08000000   0x08000000   0x00000188   Data   RO           24    RESET               startup_stm32l476xx.o
    0x08000188   0x08000188   0x00000008   Code   RO          128  * !!!main             c_w.l(__main.o)
    0x08000190   0x08000190   0x00000034   Code   RO          380    !!!scatter          c_w.l(__scatter.o)
    0x080001c4   0x080001c4   0x0000001c   Code   RO          382    !!handler_zi        c_w.l(__scatter_zi.o)
    0x080001e0   0x080001e0   0x00000000   Code   RO          125    .ARM.Collect$$_printf_percent$$00000000  c_w.l(_printf_percent.o)
    0x080001e0   0x080001e0   0x00000006   Code   RO          124    .ARM.Collect$$_printf_percent$$00000003  c_w.l(_printf_f.o)
    0x080001e6   0x080001e6   0x00000004   Code   RO          159    .ARM.Collect$$_printf_percent$$00000017  c_w.l(_printf_percent_end.o)
    0x080001ea   0x080001ea   0x00000002   Code   RO          245    .ARM.Collect$$libinit$$00000000  c_w.l(libinit.o)
    0x080001ec   0x080001ec   0x00000004   Code   RO          246    .ARM.Collect$$libinit$$00000001  c_w.l(libinit2.o)
    0x080001f0   0x080001f0   0x00000000   Code   RO          249    .ARM.Collect$$libinit$$00000004  c_w.l(libinit2.o)
    0x080001f0   0x080001f0   0x00000000   Code   RO          252    .ARM.Collect$$libinit$$0000000A  c_w.l(libinit2.o)
    0x080001f0   0x080001f0   0x00000000   Code   RO          254    .ARM.Collect$$libinit$$0000000C  c_w.l(libinit2.o)
    0x080001f0   0x080001f0   0x00000000   Code   RO          256    .ARM.Collect$$libinit$$0000000E  c_w.l(libinit2.o)
    0x080001f0   0x080001f0   0x00000006   Code   RO          257    .ARM.Collect$$libinit$$0000000F  c_w.l(libinit2.o)
    0x080001f6   0x080001f6   0x00000000   Code   RO          259    .ARM.Collect$$libinit$$00000011  c_w.l(libinit2.o)
    0x080001f6   0x080001f6   0x00000000   Code   RO          261    .ARM.Collect$$libinit$$00000013  c_w.l(libinit2.o)
    0x080001f6   0x080001f6   0x00000000   Code   RO          263    .ARM.Collect$$libinit$$00000015  c_w.l(libinit2.o)
    0x080001f6   0x080001f6   0x0000000a   Code   RO          264    .ARM.Collect$$libinit$$00000016  c_w.l(libinit2.o)
    0x08000200   0x08000200   0x00000000   Code   RO          265    .ARM.Collect$$libinit$$00000017  c_w.l(libinit2.o)
    0x08000200   0x08000200   0x00000000   Code   RO          267    .ARM.Collect$$libinit$$00000019  c_w.l(libinit2.o)
    0x08000200   0x08000200   0x00000000   Code   RO          269    .ARM.Collect$$libinit$$0000001B  c_w.l(libinit2.o)
    0x08000200   0x08000200   0x00000000   Code   RO          271    .ARM.Collect$$libinit$$0000001D  c_w.l(libinit2.o)
    0x08000200   0x08000200   0x00000000   Code   RO          273    .ARM.Collect$$libinit$$0000001F  c_w.l(libinit2.o)
    0x08000200   0x08000200   0x00000000   Code   RO          275    .ARM.Collect$$libinit$$00000021  c_w.l(libinit2.o)
    0x08000200   0x08000200   0x00000000   Code   RO          277    .ARM.Collect$$libinit$$00000023  c_w.l(libinit2.o)
    0x08000200   0x08000200   0x00000000   Code   RO          279    .ARM.Collect$$libinit$$00000025  c_w.l(libinit2.o)
    0x08000200   0x08000200   0x00000000   Code   RO          283    .ARM.Collect$$libinit$$0000002C  c_w.l(libinit2.o)
    0x08000200   0x08000200   0x00000000   Code   RO          285    .ARM.Collect$$libinit$$0000002E  c_w.l(libinit2.o)
    0x08000200   0x08000200   0x00000000   Code   RO          287    .ARM.Collect$$libinit$$00000030  c_w.l(libinit2.o)
    0x08000200   0x08000200   0x00000000   Code   RO          289    .ARM.Collect$$libinit$$00000032  c_w.l(libinit2.o)
    0x08000200   0x08000200   0x00000002   Code   RO          290    .ARM.Collect$$libinit$$00000033  c_w.l(libinit2.o)
    0x08000202   0x08000202   0x00000002   Code   RO          326    .ARM.Collect$$libshutdown$$00000000  c_w.l(libshutdown.o)
    0x08000204   0x08000204   0x00000000   Code   RO          337    .ARM.Collect$$libshutdown$$00000002  c_w.l(libshutdown2.o)
    0x08000204   0x08000204   0x00000000   Code   RO          339    .ARM.Collect$$libshutdown$$00000004  c_w.l(libshutdown2.o)
    0x08000204   0x08000204   0x00000000   Code   RO          342    .ARM.Collect$$libshutdown$$00000007  c_w.l(libshutdown2.o)
    0x08000204   0x08000204   0x00000000   Code   RO          345    .ARM.Collect$$libshutdown$$0000000A  c_w.l(libshutdown2.o)
    0x08000204   0x08000204   0x00000000   Code   RO          347    .ARM.Collect$$libshutdown$$0000000C  c_w.l(libshutdown2.o)
    0x08000204   0x08000204   0x00000000   Code   RO          350    .ARM.Collect$$libshutdown$$0000000F  c_w.l(libshutdown2.o)
    0x08000204   0x08000204   0x00000002   Code   RO          351    .ARM.Collect$$libshutdown$$00000010  c_w.l(libshutdown2.o)
    0x08000206   0x08000206   0x00000000   Code   RO          150    .ARM.Collect$$rtentry$$00000000  c_w.l(__rtentry.o)
    0x08000206   0x08000206   0x00000000   Code   RO          170    .ARM.Collect$$rtentry$$00000002  c_w.l(__rtentry2.o)
    0x08000206   0x08000206   0x00000006   Code   RO          182    .ARM.Collect$$rtentry$$00000004  c_w.l(__rtentry4.o)
    0x0800020c   0x0800020c   0x00000000   Code   RO          172    .ARM.Collect$$rtentry$$00000009  c_w.l(__rtentry2.o)
    0x0800020c   0x0800020c   0x00000004   Code   RO          173    .ARM.Collect$$rtentry$$0000000A  c_w.l(__rtentry2.o)
    0x08000210   0x08000210   0x00000000   Code   RO          175    .ARM.Collect$$rtentry$$0000000C  c_w.l(__rtentry2.o)
    0x08000210   0x08000210   0x00000008   Code   RO          176    .ARM.Collect$$rtentry$$0000000D  c_w.l(__rtentry2.o)
    0x08000218   0x08000218   0x00000002   Code   RO          291    .ARM.Collect$$rtexit$$00000000  c_w.l(rtexit.o)
    0x0800021a   0x0800021a   0x00000000   Code   RO          300    .ARM.Collect$$rtexit$$00000002  c_w.l(rtexit2.o)
    0x0800021a   0x0800021a   0x00000004   Code   RO          301    .ARM.Collect$$rtexit$$00000003  c_w.l(rtexit2.o)
    0x0800021e   0x0800021e   0x00000006   Code   RO          302    .ARM.Collect$$rtexit$$00000004  c_w.l(rtexit2.o)
    0x08000224   0x08000224   0x00000084   Code   RO           25    .text               startup_stm32l476xx.o
    0x080002a8   0x080002a8   0x00000028   Code   RO          100    .text               c_w.l(noretval__2sprintf.o)
    0x080002d0   0x080002d0   0x00000068   Code   RO          102    .text               c_w.l(__printf.o)
    0x08000338   0x08000338   0x00000006   Code   RO          126    .text               c_w.l(heapauxi.o)
    0x0800033e   0x0800033e   0x00000422   Code   RO          151    .text               c_w.l(_printf_fp_dec.o)
    0x08000760   0x08000760   0x00000030   Code   RO          155    .text               c_w.l(_printf_char_common.o)
    0x08000790   0x08000790   0x0000000a   Code   RO          157    .text               c_w.l(_sputc.o)
    0x0800079a   0x0800079a   0x00000002   PAD
    0x0800079c   0x0800079c   0x00000008   Code   RO          187    .text               c_w.l(rt_locale_intlibspace.o)
    0x080007a4   0x080007a4   0x0000008a   Code   RO          189    .text               c_w.l(lludiv10.o)
    0x0800082e   0x0800082e   0x00000002   PAD
    0x08000830   0x08000830   0x00000080   Code   RO          191    .text               c_w.l(_printf_fp_infnan.o)
    0x080008b0   0x080008b0   0x000000e4   Code   RO          195    .text               c_w.l(bigflt0.o)
    0x08000994   0x08000994   0x00000008   Code   RO          229    .text               c_w.l(libspace.o)
    0x0800099c   0x0800099c   0x0000004a   Code   RO          232    .text               c_w.l(sys_stackheap_outer.o)
    0x080009e6   0x080009e6   0x00000012   Code   RO          236    .text               c_w.l(exit.o)
    0x080009f8   0x080009f8   0x0000007c   Code   RO          238    .text               c_w.l(strcmpv7em.o)
    0x08000a74   0x08000a74   0x0000000c   Code   RO          312    .text               c_w.l(sys_exit.o)
    0x08000a80   0x08000a80   0x00000002   Code   RO          327    .text               c_w.l(use_no_semi.o)
    0x08000a82   0x08000a82   0x00000000   Code   RO          329    .text               c_w.l(indicate_semi.o)
    0x08000a82   0x08000a82   0x00000002   PAD
    0x08000a84   0x08000a84   0x000000c6   Code   RO           77    .text.ADC1_setup    adc.o
    0x08000b4a   0x08000b4a   0x00000002   PAD
    0x08000b4c   0x08000b4c   0x00000038   Code   RO            2    .text.EXTI0_IRQHandler  main.o
    0x08000b84   0x08000b84   0x00000034   Code   RO            4    .text.EXTI1_IRQHandler  main.o
    0x08000bb8   0x08000bb8   0x00000038   Code   RO            6    .text.EXTI2_IRQHandler  main.o
    0x08000bf0   0x08000bf0   0x00000038   Code   RO            8    .text.EXTI3_IRQHandler  main.o
    0x08000c28   0x08000c28   0x0000001c   Code   RO           41    .text.LCD_Clear     lcd.o
    0x08000c44   0x08000c44   0x0000002c   Code   RO           43    .text.LCD_DisplayString  lcd.o
    0x08000c70   0x08000c70   0x0000007e   Code   RO           39    .text.LCD_Init      lcd.o
    0x08000cee   0x08000cee   0x00000002   PAD
    0x08000cf0   0x08000cf0   0x00000060   Code   RO           35    .text.LCD_WriteCom  lcd.o
    0x08000d50   0x08000d50   0x00000068   Code   RO           37    .text.LCD_WriteData  lcd.o
    0x08000db8   0x08000db8   0x00000086   Code   RO           63    .text.USART2_IRQHandler  uart.o
    0x08000e3e   0x08000e3e   0x00000002   PAD
    0x08000e40   0x08000e40   0x0000001c   Code   RO           67    .text.USART2_Stringout  uart.o
    0x08000e5c   0x08000e5c   0x00000020   Code   RO           55    .text.USART2_Write  uart.o
    0x08000e7c   0x08000e7c   0x00000034   Code   RO           65    .text.USART2_fout   uart.o
    0x08000eb0   0x08000eb0   0x000000da   Code   RO           83    .text.WindSpeed_setup  adc.o
    0x08000f8a   0x08000f8a   0x00000002   PAD
    0x08000f8c   0x08000f8c   0x00000016   Code   RO           12    .text.__NVIC_EnableIRQ  main.o
    0x08000fa2   0x08000fa2   0x00000002   PAD
    0x08000fa4   0x08000fa4   0x0000000e   Code   RO           59    .text.__NVIC_EnableIRQ  uart.o
    0x08000fb2   0x08000fb2   0x00000002   PAD
    0x08000fb4   0x08000fb4   0x0000000e   Code   RO           57    .text.__NVIC_SetPriority  uart.o
    0x08000fc2   0x08000fc2   0x00000002   PAD
    0x08000fc4   0x08000fc4   0x00000024   Code   RO           33    .text.delay_ms      lcd.o
    0x08000fe8   0x08000fe8   0x00000060   Code   RO           81    .text.internal_temperature_c  adc.o
    0x08001048   0x08001048   0x00000184   Code   RO           10    .text.main          main.o
    0x080011cc   0x080011cc   0x0000001e   Code   RO           79    .text.read_ADC1     adc.o
    0x080011ea   0x080011ea   0x00000002   PAD
    0x080011ec   0x080011ec   0x0000001c   Code   RO           85    .text.read_Tref     adc.o
    0x08001208   0x08001208   0x000000c6   Code   RO           53    .text.usart2_init   uart.o
    0x080012ce   0x080012ce   0x0000003e   Code   RO          198    CL$$btod_d2e        c_w.l(btod.o)
    0x0800130c   0x0800130c   0x00000046   Code   RO          200    CL$$btod_d2e_denorm_low  c_w.l(btod.o)
    0x08001352   0x08001352   0x00000060   Code   RO          199    CL$$btod_d2e_norm_op1  c_w.l(btod.o)
    0x080013b2   0x080013b2   0x00000002   PAD
    0x080013b4   0x080013b4   0x00000338   Code   RO          208    CL$$btod_div_common  c_w.l(btod.o)
    0x080016ec   0x080016ec   0x000000dc   Code   RO          205    CL$$btod_e2e        c_w.l(btod.o)
    0x080017c8   0x080017c8   0x0000002a   Code   RO          202    CL$$btod_ediv       c_w.l(btod.o)
    0x080017f2   0x080017f2   0x0000002a   Code   RO          201    CL$$btod_emul       c_w.l(btod.o)
    0x0800181c   0x0800181c   0x00000244   Code   RO          207    CL$$btod_mult_common  c_w.l(btod.o)
    0x08001a60   0x08001a60   0x00000030   Code   RO          227    i.__ARM_fpclassify  m_wm.l(fpclassify.o)
    0x08001a90   0x08001a90   0x0000002c   Code   RO          223    locale$$code        c_w.l(lc_numeric_c.o)
    0x08001abc   0x08001abc   0x00000062   Code   RO          130    x$fpl$d2f           fz_wm.l(d2f.o)
    0x08001b1e   0x08001b1e   0x00000002   PAD
    0x08001b20   0x08001b20   0x00000150   Code   RO          132    x$fpl$dadd          fz_wm.l(daddsub_clz.o)
    0x08001c70   0x08001c70   0x00000026   Code   RO          138    x$fpl$dfltu         fz_wm.l(dflt_clz.o)
    0x08001c96   0x08001c96   0x00000002   PAD
    0x08001c98   0x08001c98   0x00000154   Code   RO          144    x$fpl$dmul          fz_wm.l(dmul.o)
    0x08001dec   0x08001dec   0x0000009c   Code   RO          160    x$fpl$dnaninf       fz_wm.l(dnaninf.o)
    0x08001e88   0x08001e88   0x0000000c   Code   RO          162    x$fpl$dretinf       fz_wm.l(dretinf.o)
    0x08001e94   0x08001e94   0x000001dc   Code   RO          134    x$fpl$dsub          fz_wm.l(daddsub_clz.o)
    0x08002070   0x08002070   0x00000056   Code   RO          146    x$fpl$f2d           fz_wm.l(f2d.o)
    0x080020c6   0x080020c6   0x0000008c   Code   RO          164    x$fpl$fnaninf       fz_wm.l(fnaninf.o)
    0x08002152   0x08002152   0x0000001a   Code   RO          297    x$fpl$fpinit        fz_wm.l(fpinit.o)
    0x0800216c   0x0800216c   0x0000000a   Code   RO          166    x$fpl$fretinf       fz_wm.l(fretinf.o)
    0x08002176   0x08002176   0x00000004   Code   RO          148    x$fpl$printf1       fz_wm.l(printf1.o)
    0x0800217a   0x0800217a   0x00000000   Code   RO          168    x$fpl$usenofp       fz_wm.l(usenofp.o)
    0x0800217a   0x0800217a   0x00000002   PAD
    0x0800217c   0x0800217c   0x00000094   Data   RO          196    .constdata          c_w.l(bigflt0.o)
    0x08002210   0x08002210   0x00000010   Data   RO          379    Region$$Table       anon$$obj.o
    0x08002220   0x08002220   0x0000001c   Data   RO          222    locale$$data        c_w.l(lc_numeric_c.o)


    Execution Region RW_IRAM1 (Exec base: 0x20000000, Load base: 0x0800223c, Size: 0x00000660, Max: 0x00018000, ABSOLUTE)

    Exec Addr    Load Addr    Size         Type   Attr      Idx    E Section Name        Object

    0x20000000        -       0x00000060   Zero   RW          230    .bss                c_w.l(libspace.o)
    0x20000060        -       0x00000200   Zero   RW           23    HEAP                startup_stm32l476xx.o
    0x20000260        -       0x00000400   Zero   RW           22    STACK               startup_stm32l476xx.o


==============================================================================

Image component sizes


      Code (inc. data)   RO Data    RW Data    ZI Data      Debug   Object Name

       570         32          0          0          0       3840   adc.o
       434          0          0          0          0       2881   lcd.o
       630        108          0          0          0       5216   main.o
       132         42        392          0       1536        840   startup_stm32l476xx.o
       472         52          0          0          0       6270   uart.o

    ----------------------------------------------------------------------
      2254        234        408          0       1536      19047   Object Totals
         0          0         16          0          0          0   (incl. Generated)
        16          0          0          0          0          0   (incl. Padding)

    ----------------------------------------------------------------------

      Code (inc. data)   RO Data    RW Data    ZI Data      Debug   Library Member Name

         8          0          0          0          0         68   __main.o
       104          0          0          0          0         84   __printf.o
         0          0          0          0          0          0   __rtentry.o
        12          0          0          0          0          0   __rtentry2.o
         6          0          0          0          0          0   __rtentry4.o
        52          8          0          0          0          0   __scatter.o
        28          0          0          0          0          0   __scatter_zi.o
        48          6          0          0          0         96   _printf_char_common.o
         6          0          0          0          0          0   _printf_f.o
      1058          0          0          0          0        148   _printf_fp_dec.o
       128         16          0          0          0         84   _printf_fp_infnan.o
         0          0          0          0          0          0   _printf_percent.o
         4          0          0          0          0          0   _printf_percent_end.o
        10          0          0          0          0         68   _sputc.o
       228          4        148          0          0         96   bigflt0.o
      1936        128          0          0          0        668   btod.o
        18          0          0          0          0         80   exit.o
         6          0          0          0          0        152   heapauxi.o
         0          0          0          0          0          0   indicate_semi.o
        44         10         28          0          0         76   lc_numeric_c.o
         2          0          0          0          0          0   libinit.o
        22          0          0          0          0          0   libinit2.o
         2          0          0          0          0          0   libshutdown.o
         2          0          0          0          0          0   libshutdown2.o
         8          4          0          0         96         68   libspace.o
       138          0          0          0          0         80   lludiv10.o
        40          6          0          0          0         84   noretval__2sprintf.o
         8          4          0          0          0         68   rt_locale_intlibspace.o
         2          0          0          0          0          0   rtexit.o
        10          0          0          0          0          0   rtexit2.o
       124          0          0          0          0         88   strcmpv7em.o
        12          4          0          0          0         68   sys_exit.o
        74          0          0          0          0         80   sys_stackheap_outer.o
         2          0          0          0          0         68   use_no_semi.o
        98          4          0          0          0        140   d2f.o
       812         16          0          0          0        392   daddsub_clz.o
        38          0          0          0          0        116   dflt_clz.o
       340         12          0          0          0        152   dmul.o
       156          4          0          0          0        140   dnaninf.o
        12          0          0          0          0        116   dretinf.o
        86          4          0          0          0        132   f2d.o
       140          4          0          0          0        132   fnaninf.o
        26          0          0          0          0        116   fpinit.o
        10          0          0          0          0        116   fretinf.o
         4          0          0          0          0        116   printf1.o
         0          0          0          0          0          0   usenofp.o
        48          0          0          0          0        124   fpclassify.o

    ----------------------------------------------------------------------
      5926        234        176          0         96       4016   Library Totals
        14          0          0          0          0          0   (incl. Padding)

    ----------------------------------------------------------------------

      Code (inc. data)   RO Data    RW Data    ZI Data      Debug   Library Name

      4142        190        176          0         96       2224   c_w.l
      1722         44          0          0          0       1668   fz_wm.l
        48          0          0          0          0        124   m_wm.l

    ----------------------------------------------------------------------
      5926        234        176          0         96       4016   Library Totals

    ----------------------------------------------------------------------

==============================================================================


      Code (inc. data)   RO Data    RW Data    ZI Data      Debug   

      8180        468        584          0       1632      20691   Grand Totals
      8180        468        584          0       1632      20691   ELF Image Totals
      8180        468        584          0          0          0   ROM Totals

==============================================================================

    Total RO  Size (Code + RO Data)                 8764 (   8.56kB)
    Total RW  Size (RW Data + ZI Data)              1632 (   1.59kB)
    Total ROM Size (Code + RO Data + RW Data)       8764 (   8.56kB)

==============================================================================

