Component: Arm Compiler for Embedded 6.18 Tool: armlink [5e4cc100]

==============================================================================

Section Cross References

    main.o(.text.EXTI0_IRQHandler) refers to aeabi_memset.o(.text) for __aeabi_memset
    main.o(.text.EXTI0_IRQHandler) refers to dht22.o(.text.read_hdata) for read_hdata
    main.o(.text.EXTI0_IRQHandler) refers to ldexp.o(i.__hardfp_ldexp) for __hardfp_ldexp
    main.o(.text.EXTI0_IRQHandler) refers to dflt_clz.o(x$fpl$dfltu) for __aeabi_ui2d
    main.o(.text.EXTI0_IRQHandler) refers to dflt_clz.o(x$fpl$dflt) for __aeabi_i2d
    main.o(.text.EXTI0_IRQHandler) refers to dmul.o(x$fpl$dmul) for __aeabi_dmul
    main.o(.text.EXTI0_IRQHandler) refers to daddsub_clz.o(x$fpl$dadd) for __aeabi_dadd
    main.o(.text.EXTI0_IRQHandler) refers to dfix.o(x$fpl$dfix) for __aeabi_d2iz
    main.o(.text.EXTI0_IRQHandler) refers to lcd.o(.text.LCD_Clear) for LCD_Clear
    main.o(.text.EXTI0_IRQHandler) refers to lcd.o(.text.LCD_DisplayString) for LCD_DisplayString
    main.o(.text.EXTI0_IRQHandler) refers to lcd.o(.text.LCD_Displayfloat) for LCD_Displayfloat
    main.o(.ARM.exidx.text.EXTI0_IRQHandler) refers to main.o(.text.EXTI0_IRQHandler) for [Anonymous Symbol]
    main.o(.text.EXTI1_IRQHandler) refers to aeabi_memset.o(.text) for __aeabi_memset
    main.o(.text.EXTI1_IRQHandler) refers to dht22.o(.text.read_hdata) for read_hdata
    main.o(.text.EXTI1_IRQHandler) refers to dflt_clz.o(x$fpl$dfltu) for __aeabi_ui2d
    main.o(.text.EXTI1_IRQHandler) refers to ldexp.o(i.__hardfp_ldexp) for __hardfp_ldexp
    main.o(.text.EXTI1_IRQHandler) refers to dflt_clz.o(x$fpl$dflt) for __aeabi_i2d
    main.o(.text.EXTI1_IRQHandler) refers to dmul.o(x$fpl$dmul) for __aeabi_dmul
    main.o(.text.EXTI1_IRQHandler) refers to daddsub_clz.o(x$fpl$dadd) for __aeabi_dadd
    main.o(.text.EXTI1_IRQHandler) refers to dfix.o(x$fpl$dfix) for __aeabi_d2iz
    main.o(.text.EXTI1_IRQHandler) refers to lcd.o(.text.LCD_Clear) for LCD_Clear
    main.o(.text.EXTI1_IRQHandler) refers to lcd.o(.text.LCD_DisplayString) for LCD_DisplayString
    main.o(.text.EXTI1_IRQHandler) refers to lcd.o(.text.LCD_Displayfloat) for LCD_Displayfloat
    main.o(.ARM.exidx.text.EXTI1_IRQHandler) refers to main.o(.text.EXTI1_IRQHandler) for [Anonymous Symbol]
    main.o(.text.EXTI2_IRQHandler) refers to lcd.o(.text.LCD_Clear) for LCD_Clear
    main.o(.text.EXTI2_IRQHandler) refers to lcd.o(.text.LCD_DisplayString) for LCD_DisplayString
    main.o(.ARM.exidx.text.EXTI2_IRQHandler) refers to main.o(.text.EXTI2_IRQHandler) for [Anonymous Symbol]
    main.o(.text.EXTI3_IRQHandler) refers to lcd.o(.text.LCD_Clear) for LCD_Clear
    main.o(.text.EXTI3_IRQHandler) refers to lcd.o(.text.LCD_DisplayString) for LCD_DisplayString
    main.o(.ARM.exidx.text.EXTI3_IRQHandler) refers to main.o(.text.EXTI3_IRQHandler) for [Anonymous Symbol]
    main.o(.text.main) refers to lcd.o(.text.LCD_Init) for LCD_Init
    main.o(.text.main) refers to uart.o(.text.usart2_init) for usart2_init
    main.o(.text.main) refers to uart.o(.text.USART2_Write) for USART2_Write
    main.o(.text.main) refers to uart.o(.text.USART2_Stringout) for USART2_Stringout
    main.o(.text.main) refers to lcd.o(.text.LCD_Clear) for LCD_Clear
    main.o(.text.main) refers to lcd.o(.text.LCD_DisplayString) for LCD_DisplayString
    main.o(.text.main) refers to adc.o(.text.WindSpeed_setup) for WindSpeed_setup
    main.o(.text.main) refers to adc.o(.text.ADC1_setup) for ADC1_setup
    main.o(.text.main) refers to dht22.o(.text.DHT22_setup) for DHT22_setup
    main.o(.ARM.exidx.text.main) refers to main.o(.text.main) for [Anonymous Symbol]
    startup_stm32l476xx.o(STACK) refers (Special) to heapauxi.o(.text) for __use_two_region_memory
    startup_stm32l476xx.o(HEAP) refers (Special) to heapauxi.o(.text) for __use_two_region_memory
    startup_stm32l476xx.o(RESET) refers (Special) to heapauxi.o(.text) for __use_two_region_memory
    startup_stm32l476xx.o(RESET) refers to startup_stm32l476xx.o(STACK) for __initial_sp
    startup_stm32l476xx.o(RESET) refers to startup_stm32l476xx.o(.text) for Reset_Handler
    startup_stm32l476xx.o(RESET) refers to main.o(.text.EXTI0_IRQHandler) for EXTI0_IRQHandler
    startup_stm32l476xx.o(RESET) refers to main.o(.text.EXTI1_IRQHandler) for EXTI1_IRQHandler
    startup_stm32l476xx.o(RESET) refers to main.o(.text.EXTI2_IRQHandler) for EXTI2_IRQHandler
    startup_stm32l476xx.o(RESET) refers to main.o(.text.EXTI3_IRQHandler) for EXTI3_IRQHandler
    startup_stm32l476xx.o(RESET) refers to uart.o(.text.USART2_IRQHandler) for USART2_IRQHandler
    startup_stm32l476xx.o(.text) refers (Special) to heapauxi.o(.text) for __use_two_region_memory
    startup_stm32l476xx.o(.text) refers to __main.o(!!!main) for __main
    startup_stm32l476xx.o(.text) refers to startup_stm32l476xx.o(HEAP) for Heap_Mem
    startup_stm32l476xx.o(.text) refers to startup_stm32l476xx.o(STACK) for Stack_Mem
[...]
    libinit.o(.ARM.Collect$$libinit$$00000000) refers (Special) to libinit2.o(.ARM.Collect$$libinit$$00000013) for __rt_lib_init_lc_collate_1
    libinit.o(.ARM.Collect$$libinit$$00000000) refers (Special) to libinit2.o(.ARM.Collect$$libinit$$00000015) for __rt_lib_init_lc_ctype_1
    libinit.o(.ARM.Collect$$libinit$$00000000) refers (Special) to libinit2.o(.ARM.Collect$$libinit$$00000017) for __rt_lib_init_lc_monetary_1
    libinit.o(.ARM.Collect$$libinit$$00000000) refers (Special) to libinit2.o(.ARM.Collect$$libinit$$00000019) for __rt_lib_init_lc_numeric_1
    libinit.o(.ARM.Collect$$libinit$$00000000) refers (Special) to libinit2.o(.ARM.Collect$$libinit$$0000001B) for __rt_lib_init_lc_time_1
    libinit.o(.ARM.Collect$$libinit$$00000000) refers (Special) to libinit2.o(.ARM.Collect$$libinit$$00000006) for __rt_lib_init_preinit_1
    libinit.o(.ARM.Collect$$libinit$$00000000) refers (Special) to libinit2.o(.ARM.Collect$$libinit$$00000010) for __rt_lib_init_rand_1
    libinit.o(.ARM.Collect$$libinit$$00000000) refers (Special) to libinit2.o(.ARM.Collect$$libinit$$00000004) for __rt_lib_init_relocate_pie_1
    libinit.o(.ARM.Collect$$libinit$$00000000) refers (Special) to libinit2.o(.ARM.Collect$$libinit$$00000035) for __rt_lib_init_return
    libinit.o(.ARM.Collect$$libinit$$00000000) refers (Special) to libinit2.o(.ARM.Collect$$libinit$$0000001F) for __rt_lib_init_signal_1
    libinit.o(.ARM.Collect$$libinit$$00000000) refers (Special) to libinit2.o(.ARM.Collect$$libinit$$00000027) for __rt_lib_init_stdio_1
    libinit.o(.ARM.Collect$$libinit$$00000000) refers (Special) to libinit2.o(.ARM.Collect$$libinit$$0000000E) for __rt_lib_init_user_alloc_1
    libinit2.o(.ARM.Collect$$libinit$$00000001) refers to fpinit.o(x$fpl$fpinit) for _fp_init
    libinit2.o(.ARM.Collect$$libinit$$00000011) refers (Weak) to rt_locale_intlibspace.o(.text) for __rt_locale
    libinit2.o(.ARM.Collect$$libinit$$00000012) refers to libinit2.o(.ARM.Collect$$libinit$$00000011) for .ARM.Collect$$libinit$$00000011
    libinit2.o(.ARM.Collect$$libinit$$00000014) refers to libinit2.o(.ARM.Collect$$libinit$$00000011) for .ARM.Collect$$libinit$$00000011
    libinit2.o(.ARM.Collect$$libinit$$00000016) refers to libinit2.o(.ARM.Collect$$libinit$$00000011) for .ARM.Collect$$libinit$$00000011
    libinit2.o(.ARM.Collect$$libinit$$00000018) refers to libinit2.o(.ARM.Collect$$libinit$$00000011) for .ARM.Collect$$libinit$$00000011
    libinit2.o(.ARM.Collect$$libinit$$00000018) refers (Weak) to lc_numeric_c.o(locale$$code) for _get_lc_numeric
    libinit2.o(.ARM.Collect$$libinit$$0000001A) refers to libinit2.o(.ARM.Collect$$libinit$$00000011) for .ARM.Collect$$libinit$$00000011
    libinit2.o(.ARM.Collect$$libinit$$00000028) refers to argv_veneer.o(.emb_text) for __ARM_argv_veneer
    libinit2.o(.ARM.Collect$$libinit$$00000029) refers to argv_veneer.o(.emb_text) for __ARM_argv_veneer
    retnan.o(x$fpl$retnan) refers (Special) to usenofp.o(x$fpl$usenofp) for __I$use$fp
    retnan.o(x$fpl$retnan) refers to trapv.o(x$fpl$trapveneer) for __fpl_cmpreturn
    rtexit.o(.ARM.Collect$$rtexit$$00000000) refers (Special) to rtexit2.o(.ARM.Collect$$rtexit$$00000004) for __rt_exit_exit
    rtexit.o(.ARM.Collect$$rtexit$$00000000) refers (Special) to rtexit2.o(.ARM.Collect$$rtexit$$00000003) for __rt_exit_ls
    rtexit.o(.ARM.Collect$$rtexit$$00000000) refers (Special) to rtexit2.o(.ARM.Collect$$rtexit$$00000002) for __rt_exit_prels_1
    rtexit.o(.ARM.exidx) refers (Special) to rtexit2.o(.ARM.Collect$$rtexit$$00000004) for __rt_exit_exit
    rtexit.o(.ARM.exidx) refers (Special) to rtexit2.o(.ARM.Collect$$rtexit$$00000003) for __rt_exit_ls
    rtexit.o(.ARM.exidx) refers (Special) to rtexit2.o(.ARM.Collect$$rtexit$$00000002) for __rt_exit_prels_1
    rtexit.o(.ARM.exidx) refers to rtexit.o(.ARM.Collect$$rtexit$$00000000) for .ARM.Collect$$rtexit$$00000000
    argv_veneer.o(.emb_text) refers to no_argv.o(.text) for __ARM_get_argv
    trapv.o(x$fpl$trapveneer) refers (Special) to usenofp.o(x$fpl$usenofp) for __I$use$fp
    rtexit2.o(.ARM.Collect$$rtexit$$00000003) refers to libshutdown.o(.ARM.Collect$$libshutdown$$00000000) for __rt_lib_shutdown
    rtexit2.o(.ARM.Collect$$rtexit$$00000004) refers to sys_exit.o(.text) for _sys_exit
    rtexit2.o(.ARM.exidx) refers to rtexit2.o(.ARM.Collect$$rtexit$$00000001) for .ARM.Collect$$rtexit$$00000001
    rtexit2.o(.ARM.exidx) refers to rtexit2.o(.ARM.Collect$$rtexit$$00000003) for .ARM.Collect$$rtexit$$00000003
    rtexit2.o(.ARM.exidx) refers to rtexit2.o(.ARM.Collect$$rtexit$$00000004) for .ARM.Collect$$rtexit$$00000004
    _get_argv_nomalloc.o(.text) refers (Special) to hrguard.o(.text) for __heap_region$guard
    _get_argv_nomalloc.o(.text) refers to defsig_rtmem_outer.o(.text) for __rt_SIGRTMEM
    _get_argv_nomalloc.o(.text) refers to sys_command.o(.text) for _sys_command_string
    sys_command.o(.text) refers (Special) to use_no_semi.o(.text) for __I$use$semihosting
    sys_command.o(.text) refers (Special) to indicate_semi.o(.text) for __semihosting_library_function
    sys_exit.o(.text) refers (Special) to use_no_semi.o(.text) for __I$use$semihosting
    sys_exit.o(.text) refers (Special) to indicate_semi.o(.text) for __semihosting_library_function
    sys_command_hlt.o(.text) refers (Special) to use_no_semi.o(.text) for __I$use$semihosting
    sys_command_hlt.o(.text) refers (Special) to indicate_semi.o(.text) for __semihosting_library_function
    sys_exit_hlt.o(.text) refers (Special) to use_no_semi.o(.text) for __I$use$semihosting
    sys_exit_hlt.o(.text) refers (Special) to indicate_semi.o(.text) for __semihosting_library_function
    defsig_rtmem_outer.o(.text) refers to defsig_rtmem_inner.o(.text) for __rt_SIGRTMEM_inner
    defsig_rtmem_outer.o(.text) refers to defsig_exit.o(.text) for __sig_exit
    defsig_rtmem_formal.o(.text) refers to rt_raise.o(.text) for __rt_raise
    libshutdown.o(.ARM.Collect$$libshutdown$$00000000) refers (Special) to libshutdown2.o(.ARM.Collect$$libshutdown$$00000002) for __rt_lib_shutdown_cpp_1
    libshutdown.o(.ARM.Collect$$libshutdown$$00000000) refers (Special) to libshutdown2.o(.ARM.Collect$$libshutdown$$00000007) for __rt_lib_shutdown_fp_trap_1
    libshutdown.o(.ARM.Collect$$libshutdown$$00000000) refers (Special) to libshutdown2.o(.ARM.Collect$$libshutdown$$0000000F) for __rt_lib_shutdown_heap_1
    libshutdown.o(.ARM.Collect$$libshutdown$$00000000) refers (Special) to libshutdown2.o(.ARM.Collect$$libshutdown$$00000010) for __rt_lib_shutdown_return
    libshutdown.o(.ARM.Collect$$libshutdown$$00000000) refers (Special) to libshutdown2.o(.ARM.Collect$$libshutdown$$0000000A) for __rt_lib_shutdown_signal_1
    libshutdown.o(.ARM.Collect$$libshutdown$$00000000) refers (Special) to libshutdown2.o(.ARM.Collect$$libshutdown$$00000004) for __rt_lib_shutdown_stdio_1
    libshutdown.o(.ARM.Collect$$libshutdown$$00000000) refers (Special) to libshutdown2.o(.ARM.Collect$$libshutdown$$0000000C) for __rt_lib_shutdown_user_alloc_1
    rt_raise.o(.text) refers to __raise.o(.text) for __raise
    rt_raise.o(.text) refers to sys_exit.o(.text) for _sys_exit
    defsig_exit.o(.text) refers to sys_exit.o(.text) for _sys_exit
    defsig_rtmem_inner.o(.text) refers to defsig_general.o(.text) for __default_signal_display
    __raise.o(.text) refers to defsig.o(CL$$defsig) for __default_signal_handler
    defsig_general.o(.text) refers to sys_wrch.o(.text) for _ttywrch
    sys_wrch.o(.text) refers (Special) to use_no_semi.o(.text) for __I$use$semihosting
    sys_wrch.o(.text) refers (Special) to indicate_semi.o(.text) for __semihosting_library_function
    sys_wrch_hlt.o(.text) refers (Special) to use_no_semi.o(.text) for __I$use$semihosting
    sys_wrch_hlt.o(.text) refers (Special) to indicate_semi.o(.text) for __semihosting_library_function
    defsig.o(CL$$defsig) refers to defsig_rtmem_inner.o(.text) for __rt_SIGRTMEM_inner
    defsig_abrt_inner.o(.text) refers to defsig_general.o(.text) for __default_signal_display
    defsig_fpe_inner.o(.text) refers to defsig_general.o(.text) for __default_signal_display
    defsig_rtred_inner.o(.text) refers to defsig_general.o(.text) for __default_signal_display
    defsig_stak_inner.o(.text) refers to defsig_general.o(.text) for __default_signal_display
    defsig_pvfn_inner.o(.text) refers to defsig_general.o(.text) for __default_signal_display
    defsig_cppl_inner.o(.text) refers to defsig_general.o(.text) for __default_signal_display
    defsig_segv_inner.o(.text) refers to defsig_general.o(.text) for __default_signal_display
    defsig_other.o(.text) refers to defsig_general.o(.text) for __default_signal_display


==============================================================================

Removing Unused input sections from the image.

    Removing main.o(.text), (0 bytes).
    Removing main.o(.ARM.exidx.text.EXTI0_IRQHandler), (8 bytes).
    Removing main.o(.ARM.exidx.text.EXTI1_IRQHandler), (8 bytes).
    Removing main.o(.ARM.exidx.text.EXTI2_IRQHandler), (8 bytes).
    Removing main.o(.ARM.exidx.text.EXTI3_IRQHandler), (8 bytes).
    Removing main.o(.ARM.exidx.text.main), (8 bytes).
    Removing main.o(.ARM.use_no_argv), (4 bytes).
    Removing stm32l476xx_constants.o(__DEFINES_STM32L4_xx_DUMMY), (0 bytes).
    Removing lcd.o(.text), (0 bytes).
    Removing lcd.o(.text.delay_ms), (36 bytes).
    Removing lcd.o(.ARM.exidx.text.delay_ms), (8 bytes).
    Removing lcd.o(.ARM.exidx.text.LCD_WriteCom), (8 bytes).
    Removing lcd.o(.ARM.exidx.text.LCD_WriteData), (8 bytes).
    Removing lcd.o(.ARM.exidx.text.LCD_Init), (8 bytes).
    Removing lcd.o(.ARM.exidx.text.LCD_Clear), (8 bytes).
    Removing lcd.o(.ARM.exidx.text.LCD_DisplayString), (8 bytes).
    Removing lcd.o(.ARM.exidx.text.LCD_Displayfloat), (8 bytes).
    Removing uart.o(.text), (0 bytes).
    Removing uart.o(.ARM.exidx.text.usart2_init), (8 bytes).
    Removing uart.o(.ARM.exidx.text.USART2_Write), (8 bytes).
    Removing uart.o(.text.USART2_Read), (18 bytes).
    Removing uart.o(.ARM.exidx.text.USART2_Read), (8 bytes).
    Removing uart.o(.ARM.exidx.text.USART2_IRQHandler), (8 bytes).
    Removing uart.o(.text.USART2_fout), (100 bytes).
    Removing uart.o(.ARM.exidx.text.USART2_fout), (8 bytes).
    Removing uart.o(.ARM.exidx.text.USART2_Stringout), (8 bytes).
    Removing dht22.o(.text), (0 bytes).
    Removing dht22.o(.text.delay_us), (28 bytes).
    Removing dht22.o(.ARM.exidx.text.delay_us), (8 bytes).
    Removing dht22.o(.ARM.exidx.text.DHT22_setup), (8 bytes).
    Removing dht22.o(.ARM.exidx.text.read_hdata), (8 bytes).
    Removing adc.o(.text), (0 bytes).
    Removing adc.o(.ARM.exidx.text.ADC1_setup), (8 bytes).
    Removing adc.o(.text.read_ADC1), (30 bytes).
    Removing adc.o(.ARM.exidx.text.read_ADC1), (8 bytes).
    Removing adc.o(.text.internal_temperature_c), (96 bytes).
    Removing adc.o(.ARM.exidx.text.internal_temperature_c), (8 bytes).
    Removing adc.o(.ARM.exidx.text.WindSpeed_setup), (8 bytes).
    Removing adc.o(.ARM.exidx.text.read_Wind), (8 bytes).
    Removing adc.o(.text.temp_convert), (56 bytes).
    Removing adc.o(.ARM.exidx.text.temp_convert), (8 bytes).

41 unused section(s) (total 584 bytes) removed from the image.

==============================================================================

Image Symbol Table

    Local Symbols

    Symbol Name                              Value     Ov Type        Size  Object(Section)

    ../clib/angel/boardlib.s                 0x00000000   Number         0  boardinit1.o ABSOLUTE
    ../clib/angel/boardlib.s                 0x00000000   Number         0  boardinit2.o ABSOLUTE
    ../clib/angel/boardlib.s                 0x00000000   Number         0  boardinit3.o ABSOLUTE
    ../clib/angel/boardlib.s                 0x00000000   Number         0  boardshut.o ABSOLUTE
    ../clib/angel/handlers.s                 0x00000000   Number         0  __scatter_zi.o ABSOLUTE
    ../clib/angel/kernel.s                   0x00000000   Number         0  __rtentry.o ABSOLUTE
    ../clib/angel/kernel.s                   0x00000000   Number         0  __rtentry2.o ABSOLUTE
    ../clib/angel/kernel.s                   0x00000000   Number         0  __rtentry4.o ABSOLUTE
    ../clib/angel/kernel.s                   0x00000000   Number         0  rtexit.o ABSOLUTE
    ../clib/angel/kernel.s                   0x00000000   Number         0  rtexit2.o ABSOLUTE
    ../clib/angel/rt.s                       0x00000000   Number         0  rt_locale.o ABSOLUTE
    ../clib/angel/rt.s                       0x00000000   Number         0  rt_locale_intlibspace.o ABSOLUTE
    ../clib/angel/rt.s                       0x00000000   Number         0  rt_errno_addr.o ABSOLUTE
    ../clib/angel/rt.s                       0x00000000   Number         0  rt_errno_addr_intlibspace.o ABSOLUTE
    ../clib/angel/rt.s                       0x00000000   Number         0  rt_raise.o ABSOLUTE
    ../clib/angel/scatter.s                  0x00000000   Number         0  __scatter.o ABSOLUTE
    ../clib/angel/startup.s                  0x00000000   Number         0  __main.o ABSOLUTE
    ../clib/angel/sys.s                      0x00000000   Number         0  libspace.o ABSOLUTE
    ../clib/angel/sys.s                      0x00000000   Number         0  sys_stackheap_outer.o ABSOLUTE
    ../clib/angel/sys.s                      0x00000000   Number         0  use_no_semi.o ABSOLUTE
    ../clib/angel/sys.s                      0x00000000   Number         0  indicate_semi.o ABSOLUTE
    ../clib/angel/sysapp.c                   0x00000000   Number         0  sys_command.o ABSOLUTE
    ../clib/angel/sysapp.c                   0x00000000   Number         0  sys_exit.o ABSOLUTE
    ../clib/angel/sysapp.c                   0x00000000   Number         0  sys_command_hlt.o ABSOLUTE
    ../clib/angel/sysapp.c                   0x00000000   Number         0  sys_exit_hlt.o ABSOLUTE
    ../clib/angel/sysapp.c                   0x00000000   Number         0  sys_wrch.o ABSOLUTE
    ../clib/angel/sysapp.c                   0x00000000   Number         0  sys_wrch_hlt.o ABSOLUTE
    ../clib/armsys.c                         0x00000000   Number         0  argv_veneer.o ABSOLUTE
    ../clib/armsys.c                         0x00000000   Number         0  argv_veneer.o ABSOLUTE
    ../clib/armsys.c                         0x00000000   Number         0  _get_argv_nomalloc.o ABSOLUTE
    ../clib/armsys.c                         0x00000000   Number         0  no_argv.o ABSOLUTE
    ../clib/bigflt.c                         0x00000000   Number         0  bigflt0.o ABSOLUTE
    ../clib/btod.s                           0x00000000   Number         0  btod.o ABSOLUTE
    ../clib/btod_accurate.c                  0x00000000   Number         0  btod_accurate.o ABSOLUTE
    ../clib/btod_accurate.c                  0x00000000   Number         0  btod_accurate_common.o ABSOLUTE
    ../clib/fenv.c                           0x00000000   Number         0  _rserrno.o ABSOLUTE
    ../clib/heapalloc.c                      0x00000000   Number         0  hrguard.o ABSOLUTE
    ../clib/heapaux.c                        0x00000000   Number         0  heapauxi.o ABSOLUTE
    ../clib/libinit.s                        0x00000000   Number         0  libinit.o ABSOLUTE
    ../clib/libinit.s                        0x00000000   Number         0  libinit2.o ABSOLUTE
    ../clib/libinit.s                        0x00000000   Number         0  libshutdown.o ABSOLUTE
    ../clib/libinit.s                        0x00000000   Number         0  libshutdown2.o ABSOLUTE
    ../clib/locale.s                         0x00000000   Number         0  lc_numeric_c.o ABSOLUTE
    ../clib/longlong.s                       0x00000000   Number         0  lludiv10.o ABSOLUTE
    ../clib/longlong.s                       0x00000000   Number         0  llushr.o ABSOLUTE
    ../clib/memcpset.s                       0x00000000   Number         0  aeabi_memset.o ABSOLUTE
    ../clib/memcpset.s                       0x00000000   Number         0  rt_memclr_w.o ABSOLUTE
    ../clib/memcpset.s                       0x00000000   Number         0  rt_memclr.o ABSOLUTE
    ../clib/memcpset.s                       0x00000000   Number         0  strcmpv7em.o ABSOLUTE
    ../clib/printf.c                         0x00000000   Number         0  __2sprintf.o ABSOLUTE
    ../clib/printf.c                         0x00000000   Number         0  noretval__2sprintf.o ABSOLUTE
    ../clib/printf.c                         0x00000000   Number         0  __printf.o ABSOLUTE
    ../clib/printf.c                         0x00000000   Number         0  __printf_flags.o ABSOLUTE
    ../clib/printf.c                         0x00000000   Number         0  __printf_ss.o ABSOLUTE
    ../clib/printf.c                         0x00000000   Number         0  __printf_flags_ss.o ABSOLUTE
    ../clib/printf.c                         0x00000000   Number         0  __printf_wp.o ABSOLUTE
    ../clib/printf.c                         0x00000000   Number         0  __printf_flags_wp.o ABSOLUTE
    ../clib/printf.c                         0x00000000   Number         0  __printf_ss_wp.o ABSOLUTE
    ../clib/printf.c                         0x00000000   Number         0  __printf_flags_ss_wp.o ABSOLUTE
    ../clib/printf.c                         0x00000000   Number         0  _printf_fp_dec.o ABSOLUTE
    ../clib/printf.c                         0x00000000   Number         0  _printf_fp_dec_accurate.o ABSOLUTE
    ../clib/printf.c                         0x00000000   Number         0  _printf_char_common.o ABSOLUTE
    ../clib/printf.c                         0x00000000   Number         0  _sputc.o ABSOLUTE
    ../clib/printf.c                         0x00000000   Number         0  _printf_fp_infnan.o ABSOLUTE
    ../clib/printf.c                         0x00000000   Number         0  __printf_nopercent.o ABSOLUTE
    ../clib/printf_percent.s                 0x00000000   Number         0  _printf_f.o ABSOLUTE
    ../clib/printf_percent.s                 0x00000000   Number         0  _printf_percent.o ABSOLUTE
    ../clib/printf_percent.s                 0x00000000   Number         0  _printf_percent_end.o ABSOLUTE
    ../clib/signal.c                         0x00000000   Number         0  defsig_rtmem_outer.o ABSOLUTE
    ../clib/signal.c                         0x00000000   Number         0  defsig_rtmem_formal.o ABSOLUTE
    ../clib/signal.c                         0x00000000   Number         0  defsig_exit.o ABSOLUTE
    ../clib/signal.c                         0x00000000   Number         0  defsig_rtmem_inner.o ABSOLUTE
    ../clib/signal.c                         0x00000000   Number         0  __raise.o ABSOLUTE
    ../clib/signal.c                         0x00000000   Number         0  defsig_general.o ABSOLUTE
    ../clib/signal.c                         0x00000000   Number         0  defsig_abrt_inner.o ABSOLUTE
    ../clib/signal.c                         0x00000000   Number         0  defsig_fpe_inner.o ABSOLUTE
    ../clib/signal.c                         0x00000000   Number         0  defsig_rtred_inner.o ABSOLUTE
    ../clib/signal.c                         0x00000000   Number         0  defsig_stak_inner.o ABSOLUTE
    ../clib/signal.c                         0x00000000   Number         0  defsig_pvfn_inner.o ABSOLUTE
    ../clib/signal.c                         0x00000000   Number         0  defsig_cppl_inner.o ABSOLUTE
    ../clib/signal.c                         0x00000000   Number         0  defsig_segv_inner.o ABSOLUTE
    ../clib/signal.c                         0x00000000   Number         0  defsig_other.o ABSOLUTE
    ../clib/signal.s                         0x00000000   Number         0  defsig.o ABSOLUTE
    ../clib/stdlib.c                         0x00000000   Number         0  exit.o ABSOLUTE
    ../fplib/d2f.s                           0x00000000   Number         0  d2f.o ABSOLUTE
    ../fplib/daddsub.s                       0x00000000   Number         0  daddsub_clz.o ABSOLUTE
    ../fplib/dcheck1.s                       0x00000000   Number         0  dcheck1.o ABSOLUTE
    ../fplib/dcmpi.s                         0x00000000   Number         0  dcmpi.o ABSOLUTE
    ../fplib/ddiv.s                          0x00000000   Number         0  ddiv.o ABSOLUTE
    ../fplib/deqf.s                          0x00000000   Number         0  deqf.o ABSOLUTE
    ../fplib/dfix.s                          0x00000000   Number         0  dfix.o ABSOLUTE
    ../fplib/dflt.s                          0x00000000   Number         0  dflt_clz.o ABSOLUTE
    ../fplib/dmul.s                          0x00000000   Number         0  dmul.o ABSOLUTE
    ../fplib/dnaninf.s                       0x00000000   Number         0  dnaninf.o ABSOLUTE
    ../fplib/dretinf.s                       0x00000000   Number         0  dretinf.o ABSOLUTE
    ../fplib/f2d.s                           0x00000000   Number         0  f2d.o ABSOLUTE
    ../fplib/fnaninf.s                       0x00000000   Number         0  fnaninf.o ABSOLUTE
    ../fplib/fpinit.s                        0x00000000   Number         0  fpinit.o ABSOLUTE
    ../fplib/fretinf.s                       0x00000000   Number         0  fretinf.o ABSOLUTE
    ../fplib/istatus.s                       0x00000000   Number         0  istatus.o ABSOLUTE
    ../fplib/printf1.s                       0x00000000   Number         0  printf1.o ABSOLUTE
    ../fplib/retnan.s                        0x00000000   Number         0  retnan.o ABSOLUTE
    ../fplib/scalbn.s                        0x00000000   Number         0  scalbn.o ABSOLUTE
    ../fplib/trapv.s                         0x00000000   Number         0  trapv.o ABSOLUTE
    ../fplib/usenofp.s                       0x00000000   Number         0  usenofp.o ABSOLUTE
    ../mathlib/dunder.c                      0x00000000   Number         0  dunder.o ABSOLUTE
    ../mathlib/fpclassify.c                  0x00000000   Number         0  fpclassify.o ABSOLUTE
    ../mathlib/ldexp.c                       0x00000000   Number         0  ldexp.o ABSOLUTE
    ADC.c                                    0x00000000   Number         0  adc.o ABSOLUTE
    DHT22.c                                  0x00000000   Number         0  dht22.o ABSOLUTE
    LCD.c                                    0x00000000   Number         0  lcd.o ABSOLUTE
    dc.s                                     0x00000000   Number         0  dc.o ABSOLUTE
    main.c                                   0x00000000   Number         0  main.o ABSOLUTE
    startup_stm32l476xx.s                    0x00000000   Number         0  startup_stm32l476xx.o ABSOLUTE
    stm32l476xx_constants.s                  0x00000000   Number         0  stm32l476xx_constants.o ABSOLUTE
    uart.c                                   0x00000000   Number         0  uart.o ABSOLUTE
    RESET                                    0x08000000   Section      392  startup_stm32l476xx.o(RESET)
    !!!main                                  0x08000188   Section        8  __main.o(!!!main)
    !!!scatter                               0x08000190   Section       52  __scatter.o(!!!scatter)
    !!handler_zi                             0x080001c4   Section       28  __scatter_zi.o(!!handler_zi)
    .ARM.Collect$$_printf_percent$$00000000  0x080001e0   Section        0  _printf_percent.o(.ARM.Collect$$_printf_percent$$00000000)
    .ARM.Collect$$_printf_percent$$00000003  0x080001e0   Section        6  _printf_f.o(.ARM.Collect$$_printf_percent$$00000003)
    .ARM.Collect$$_printf_percent$$00000017  0x080001e6   Section        4  _printf_percent_end.o(.ARM.Collect$$_printf_percent$$00000017)
    .ARM.Collect$$libinit$$00000000          0x080001ea   Section        2  libinit.o(.ARM.Collect$$libinit$$00000000)
    .ARM.Collect$$libinit$$00000001          0x080001ec   Section        4  libinit2.o(.ARM.Collect$$libinit$$00000001)
    .ARM.Collect$$libinit$$00000004          0x080001f0   Section        0  libinit2.o(.ARM.Collect$$libinit$$00000004)
    .ARM.Collect$$libinit$$00000006          0x080001f0   Section        0  libinit2.o(.ARM.Collect$$libinit$$00000006)
    .ARM.Collect$$libinit$$0000000C          0x080001f0   Section        0  libinit2.o(.ARM.Collect$$libinit$$0000000C)
    .ARM.Collect$$libinit$$0000000E          0x080001f0   Section        0  libinit2.o(.ARM.Collect$$libinit$$0000000E)
    .ARM.Collect$$libinit$$00000010          0x080001f0   Section        0  libinit2.o(.ARM.Collect$$libinit$$00000010)
    .ARM.Collect$$libinit$$00000011          0x080001f0   Section        6  libinit2.o(.ARM.Collect$$libinit$$00000011)
    .ARM.Collect$$libinit$$00000013          0x080001f6   Section        0  libinit2.o(.ARM.Collect$$libinit$$00000013)
    .ARM.Collect$$libinit$$00000015          0x080001f6   Section        0  libinit2.o(.ARM.Collect$$libinit$$00000015)
    .ARM.Collect$$libinit$$00000017          0x080001f6   Section        0  libinit2.o(.ARM.Collect$$libinit$$00000017)
    .ARM.Collect$$libinit$$00000018          0x080001f6   Section       10  libinit2.o(.ARM.Collect$$libinit$$00000018)
    .ARM.Collect$$libinit$$00000019          0x08000200   Section        0  libinit2.o(.ARM.Collect$$libinit$$00000019)
    .ARM.Collect$$libinit$$0000001B          0x08000200   Section        0  libinit2.o(.ARM.Collect$$libinit$$0000001B)
    .ARM.Collect$$libinit$$0000001D          0x08000200   Section        0  libinit2.o(.ARM.Collect$$libinit$$0000001D)
    .ARM.Collect$$libinit$$0000001F          0x08000200   Section        0  libinit2.o(.ARM.Collect$$libinit$$0000001F)
    .ARM.Collect$$libinit$$00000021          0x08000200   Section        0  libinit2.o(.ARM.Collect$$libinit$$00000021)
    .ARM.Collect$$libinit$$00000023          0x08000200   Section        0  libinit2.o(.ARM.Collect$$libinit$$00000023)
    .ARM.Collect$$libinit$$00000025          0x08000200   Section        0  libinit2.o(.ARM.Collect$$libinit$$00000025)
    .ARM.Collect$$libinit$$00000027          0x08000200   Section        0  libinit2.o(.ARM.Collect$$libinit$$00000027)
    .ARM.Collect$$libinit$$0000002E          0x08000200   Section        0  libinit2.o(.ARM.Collect$$libinit$$0000002E)
    .ARM.Collect$$libinit$$00000030          0x08000200   Section        0  libinit2.o(.ARM.Collect$$libinit$$00000030)
    .ARM.Collect$$libinit$$00000032          0x08000200   Section        0  libinit2.o(.ARM.Collect$$libinit$$00000032)
    .ARM.Collect$$libinit$$00000034          0x08000200   Section        0  libinit2.o(.ARM.Collect$$libinit$$00000034)
    .ARM.Collect$$libinit$$00000035          0x08000200   Section        2  libinit2.o(.ARM.Collect$$libinit$$00000035)
    .ARM.Collect$$libshutdown$$00000000      0x08000202   Section        2  libshutdown.o(.ARM.Collect$$libshutdown$$00000000)
    .ARM.Collect$$libshutdown$$00000002      0x08000204   Section        0  libshutdown2.o(.ARM.Collect$$libshutdown$$00000002)
    .ARM.Collect$$libshutdown$$00000004      0x08000204   Section        0  libshutdown2.o(.ARM.Collect$$libshutdown$$00000004)
    .ARM.Collect$$libshutdown$$00000007      0x08000204   Section        0  libshutdown2.o(.ARM.Collect$$libshutdown$$00000007)
    .ARM.Collect$$libshutdown$$0000000A      0x08000204   Section        0  libshutdown2.o(.ARM.Collect$$libshutdown$$0000000A)
    .ARM.Collect$$libshutdown$$0000000C      0x08000204   Section        0  libshutdown2.o(.ARM.Collect$$libshutdown$$0000000C)
    .ARM.Collect$$libshutdown$$0000000F      0x08000204   Section        0  libshutdown2.o(.ARM.Collect$$libshutdown$$0000000F)
    .ARM.Collect$$libshutdown$$00000010      0x08000204   Section        2  libshutdown2.o(.ARM.Collect$$libshutdown$$00000010)
    .ARM.Collect$$rtentry$$00000000          0x08000206   Section        0  __rtentry.o(.ARM.Collect$$rtentry$$00000000)
    .ARM.Collect$$rtentry$$00000002          0x08000206   Section        0  __rtentry2.o(.ARM.Collect$$rtentry$$00000002)
    .ARM.Collect$$rtentry$$00000004          0x08000206   Section        6  __rtentry4.o(.ARM.Collect$$rtentry$$00000004)
    .ARM.Collect$$rtentry$$00000009          0x0800020c   Section        0  __rtentry2.o(.ARM.Collect$$rtentry$$00000009)
    .ARM.Collect$$rtentry$$0000000A          0x0800020c   Section        4  __rtentry2.o(.ARM.Collect$$rtentry$$0000000A)
    .ARM.Collect$$rtentry$$0000000C          0x08000210   Section        0  __rtentry2.o(.ARM.Collect$$rtentry$$0000000C)
    .ARM.Collect$$rtentry$$0000000D          0x08000210   Section        8  __rtentry2.o(.ARM.Collect$$rtentry$$0000000D)
    .ARM.Collect$$rtexit$$00000000           0x08000218   Section        2  rtexit.o(.ARM.Collect$$rtexit$$00000000)
    .ARM.Collect$$rtexit$$00000002           0x0800021a   Section        0  rtexit2.o(.ARM.Collect$$rtexit$$00000002)
    .ARM.Collect$$rtexit$$00000003           0x0800021a   Section        4  rtexit2.o(.ARM.Collect$$rtexit$$00000003)
    .ARM.Collect$$rtexit$$00000004           0x0800021e   Section        6  rtexit2.o(.ARM.Collect$$rtexit$$00000004)
    $v0                                      0x08000224   Number         0  startup_stm32l476xx.o(.text)
    .text                                    0x08000224   Section      132  startup_stm32l476xx.o(.text)
    .text                                    0x080002a8   Section        0  noretval__2sprintf.o(.text)
    .text                                    0x080002d0   Section        0  __printf.o(.text)
    .text                                    0x08000338   Section       16  aeabi_memset.o(.text)
    .text                                    0x08000348   Section       78  rt_memclr_w.o(.text)
    .text                                    0x08000396   Section        0  heapauxi.o(.text)
    .text                                    0x0800039c   Section        0  _rserrno.o(.text)
    _fp_digits                               0x080003b3   Thumb Code   432  _printf_fp_dec.o(.text)
    .text                                    0x080003b2   Section        0  _printf_fp_dec.o(.text)
    _printf_input_char                       0x080007d5   Thumb Code    10  _printf_char_common.o(.text)
    .text                                    0x080007d4   Section        0  _printf_char_common.o(.text)
    .text                                    0x08000804   Section        0  _sputc.o(.text)
    .text                                    0x0800080e   Section       68  rt_memclr.o(.text)
    .text                                    0x08000854   Section        8  rt_locale_intlibspace.o(.text)
    .text                                    0x0800085c   Section        8  rt_errno_addr_intlibspace.o(.text)
    .text                                    0x08000864   Section      138  lludiv10.o(.text)
    .text                                    0x080008f0   Section        0  _printf_fp_infnan.o(.text)
    .text                                    0x08000970   Section        0  bigflt0.o(.text)
    .text                                    0x08000a54   Section        8  libspace.o(.text)
    .text                                    0x08000a5c   Section       74  sys_stackheap_outer.o(.text)
    .text                                    0x08000aa6   Section        0  exit.o(.text)
    .text                                    0x08000ab8   Section      124  strcmpv7em.o(.text)
    .text                                    0x08000b34   Section        0  sys_exit.o(.text)
    .text                                    0x08000b40   Section        2  use_no_semi.o(.text)
    .text                                    0x08000b42   Section        0  indicate_semi.o(.text)
    [Anonymous Symbol]                       0x08000b44   Section        0  adc.o(.text.ADC1_setup)
    [Anonymous Symbol]                       0x08000c0c   Section        0  dht22.o(.text.DHT22_setup)
    [Anonymous Symbol]                       0x08000c30   Section        0  main.o(.text.EXTI0_IRQHandler)
    [Anonymous Symbol]                       0x08000d50   Section        0  main.o(.text.EXTI1_IRQHandler)
    [Anonymous Symbol]                       0x08000e68   Section        0  main.o(.text.EXTI2_IRQHandler)
    [Anonymous Symbol]                       0x08000ea0   Section        0  main.o(.text.EXTI3_IRQHandler)
    [Anonymous Symbol]                       0x08000ed8   Section        0  lcd.o(.text.LCD_Clear)
    [Anonymous Symbol]                       0x08000f24   Section        0  lcd.o(.text.LCD_DisplayString)
    [Anonymous Symbol]                       0x08000f50   Section        0  lcd.o(.text.LCD_Displayfloat)
    [Anonymous Symbol]                       0x08000fac   Section        0  lcd.o(.text.LCD_Init)
    [Anonymous Symbol]                       0x080010bc   Section        0  lcd.o(.text.LCD_WriteCom)
    [Anonymous Symbol]                       0x08001158   Section        0  lcd.o(.text.LCD_WriteData)
    [Anonymous Symbol]                       0x08001200   Section        0  uart.o(.text.USART2_IRQHandler)
    [Anonymous Symbol]                       0x0800158c   Section        0  uart.o(.text.USART2_Stringout)
    [Anonymous Symbol]                       0x080015cc   Section        0  uart.o(.text.USART2_Write)
    [Anonymous Symbol]                       0x080015ec   Section        0  adc.o(.text.WindSpeed_setup)
    [Anonymous Symbol]                       0x080016c8   Section        0  main.o(.text.main)
    [Anonymous Symbol]                       0x0800189c   Section        0  adc.o(.text.read_Wind)
    [Anonymous Symbol]                       0x080018b8   Section        0  dht22.o(.text.read_hdata)
    [Anonymous Symbol]                       0x0800197c   Section        0  uart.o(.text.usart2_init)
    CL$$btod_d2e                             0x08001a90   Section       62  btod.o(CL$$btod_d2e)
    CL$$btod_d2e_denorm_low                  0x08001ace   Section       70  btod.o(CL$$btod_d2e_denorm_low)
    CL$$btod_d2e_norm_op1                    0x08001b14   Section       96  btod.o(CL$$btod_d2e_norm_op1)
    CL$$btod_div_common                      0x08001b74   Section      824  btod.o(CL$$btod_div_common)
    CL$$btod_e2e                             0x08001eac   Section      220  btod.o(CL$$btod_e2e)
    CL$$btod_ediv                            0x08001f88   Section       42  btod.o(CL$$btod_ediv)
    CL$$btod_emul                            0x08001fb2   Section       42  btod.o(CL$$btod_emul)
    CL$$btod_mult_common                     0x08001fdc   Section      580  btod.o(CL$$btod_mult_common)
    i.__ARM_fpclassify                       0x08002220   Section        0  fpclassify.o(i.__ARM_fpclassify)
    i.__hardfp_ldexp                         0x08002250   Section        0  ldexp.o(i.__hardfp_ldexp)
    i.__mathlib_dbl_overflow                 0x08002320   Section        0  dunder.o(i.__mathlib_dbl_overflow)
    i.__mathlib_dbl_underflow                0x08002340   Section        0  dunder.o(i.__mathlib_dbl_underflow)
    locale$$code                             0x08002360   Section       44  lc_numeric_c.o(locale$$code)
    $v0                                      0x0800238c   Number         0  daddsub_clz.o(x$fpl$dadd)
    x$fpl$dadd                               0x0800238c   Section      336  daddsub_clz.o(x$fpl$dadd)
    _dadd1                                   0x0800239d   Thumb Code     0  daddsub_clz.o(x$fpl$dadd)
    $v0                                      0x080024dc   Number         0  dcheck1.o(x$fpl$dcheck1)
    x$fpl$dcheck1                            0x080024dc   Section       16  dcheck1.o(x$fpl$dcheck1)
    $v0                                      0x080024ec   Number         0  dcmpi.o(x$fpl$dcmpinf)
    x$fpl$dcmpinf                            0x080024ec   Section       24  dcmpi.o(x$fpl$dcmpinf)
    $v0                                      0x08002504   Number         0  deqf.o(x$fpl$deqf)
    x$fpl$deqf                               0x08002504   Section      120  deqf.o(x$fpl$deqf)
    $v0                                      0x0800257c   Number         0  dfix.o(x$fpl$dfix)
    x$fpl$dfix                               0x0800257c   Section       94  dfix.o(x$fpl$dfix)
    $v0                                      0x080025da   Number         0  dflt_clz.o(x$fpl$dflt)
    x$fpl$dflt                               0x080025da   Section       46  dflt_clz.o(x$fpl$dflt)
    $v0                                      0x08002608   Number         0  dflt_clz.o(x$fpl$dfltu)
    x$fpl$dfltu                              0x08002608   Section       38  dflt_clz.o(x$fpl$dfltu)
    $v0                                      0x08002630   Number         0  dmul.o(x$fpl$dmul)
    x$fpl$dmul                               0x08002630   Section      340  dmul.o(x$fpl$dmul)
    $v0                                      0x08002784   Number         0  dnaninf.o(x$fpl$dnaninf)
    x$fpl$dnaninf                            0x08002784   Section      156  dnaninf.o(x$fpl$dnaninf)
    $v0                                      0x08002820   Number         0  dretinf.o(x$fpl$dretinf)
    x$fpl$dretinf                            0x08002820   Section       12  dretinf.o(x$fpl$dretinf)
    $v0                                      0x0800282c   Number         0  daddsub_clz.o(x$fpl$dsub)
    x$fpl$dsub                               0x0800282c   Section      476  daddsub_clz.o(x$fpl$dsub)
    _dsub1                                   0x0800283d   Thumb Code     0  daddsub_clz.o(x$fpl$dsub)
    $v0                                      0x08002a08   Number         0  f2d.o(x$fpl$f2d)
    x$fpl$f2d                                0x08002a08   Section       86  f2d.o(x$fpl$f2d)
    $v0                                      0x08002a5e   Number         0  fnaninf.o(x$fpl$fnaninf)
    x$fpl$fnaninf                            0x08002a5e   Section      140  fnaninf.o(x$fpl$fnaninf)
    $v0                                      0x08002aea   Number         0  fpinit.o(x$fpl$fpinit)
    x$fpl$fpinit                             0x08002aea   Section       26  fpinit.o(x$fpl$fpinit)
    $v0                                      0x08002b04   Number         0  printf1.o(x$fpl$printf1)
    x$fpl$printf1                            0x08002b04   Section        4  printf1.o(x$fpl$printf1)
    $v0                                      0x08002b08   Number         0  retnan.o(x$fpl$retnan)
    x$fpl$retnan                             0x08002b08   Section      100  retnan.o(x$fpl$retnan)
    $v0                                      0x08002b6c   Number         0  scalbn.o(x$fpl$scalbn)
    x$fpl$scalbn                             0x08002b6c   Section       92  scalbn.o(x$fpl$scalbn)
    $v0                                      0x08002bc8   Number         0  trapv.o(x$fpl$trapveneer)
    x$fpl$trapveneer                         0x08002bc8   Section       48  trapv.o(x$fpl$trapveneer)
    tenpwrs_x                                0x08002bf8   Data          60  bigflt0.o(.constdata)
    .constdata                               0x08002bf8   Section      148  bigflt0.o(.constdata)
    x$fpl$usenofp                            0x08002bf8   Section        0  usenofp.o(x$fpl$usenofp)
    tenpwrs_i                                0x08002c34   Data          64  bigflt0.o(.constdata)
    .L.str.1                                 0x08002c8c   Data           3  uart.o(.rodata.str1.1)
    [Anonymous Symbol]                       0x08002c8c   Section        0  uart.o(.rodata.str1.1)
    locale$$data                             0x08002ca0   Section       28  lc_numeric_c.o(locale$$data)
    __lcnum_c_name                           0x08002ca4   Data           2  lc_numeric_c.o(locale$$data)
    __lcnum_c_start                          0x08002cac   Data           0  lc_numeric_c.o(locale$$data)
    __lcnum_c_point                          0x08002cb8   Data           0  lc_numeric_c.o(locale$$data)
    __lcnum_c_thousands                      0x08002cba   Data           0  lc_numeric_c.o(locale$$data)
    __lcnum_c_grouping                       0x08002cbb   Data           0  lc_numeric_c.o(locale$$data)
    __lcnum_c_end                            0x08002cbc   Data           0  lc_numeric_c.o(locale$$data)
    .bss                                     0x20000000   Section       96  libspace.o(.bss)
    Heap_Mem                                 0x20000060   Data         512  startup_stm32l476xx.o(HEAP)
    HEAP                                     0x20000060   Section      512  startup_stm32l476xx.o(HEAP)
    Stack_Mem                                0x20000260   Data        1024  startup_stm32l476xx.o(STACK)
    STACK                                    0x20000260   Section     1024  startup_stm32l476xx.o(STACK)
    __initial_sp                             0x20000660   Data           0  startup_stm32l476xx.o(STACK)

    Global Symbols

    Symbol Name                              Value     Ov Type        Size  Object(Section)

    BuildAttributes$$THM_ISAv4$E$P$D$K$B$S$7EM$VFPi3$EXTD16$VFPS$VFMA$PE$A:L22UL41UL21$X:L11$S22US41US21$IEEE1$IW$~IW$USESV6$~STKCKD$USESV7$~SHL$OTIME$ROPI$IEEEX$EBA8$UX$STANDARDLIB$REQ8$PRES8$EABIv2 0x00000000   Number         0  anon$$obj.o ABSOLUTE
    Image$$ER_IROM1$$RW$$Length              0x00000000   Number         0  anon$$obj.o ABSOLUTE
    Image$$ER_IROM1$$ZI$$Length              0x00000000   Number         0  anon$$obj.o ABSOLUTE
    Image$$RW_IRAM1$$Length                  0x00000000   Number         0  anon$$obj.o ABSOLUTE
    Image$$RW_IRAM1$$RO$$Length              0x00000000   Number         0  anon$$obj.o ABSOLUTE
    Image$$RW_IRAM1$$RW$$Length              0x00000000   Number         0  anon$$obj.o ABSOLUTE
    __ARM_exceptions_init                     - Undefined Weak Reference
    __alloca_initialize                       - Undefined Weak Reference
    __arm_preinit_                            - Undefined Weak Reference
    __arm_relocate_pie_                       - Undefined Weak Reference
    __cpp_initialize__aeabi_                  - Undefined Weak Reference
    __cxa_finalize                            - Undefined Weak Reference
    __sigvec_lookup                           - Undefined Weak Reference
    _atexit_init                              - Undefined Weak Reference
    _call_atexit_fns                          - Undefined Weak Reference
    _clock_init                               - Undefined Weak Reference
    _fp_trap_init                             - Undefined Weak Reference
    _fp_trap_shutdown                         - Undefined Weak Reference
    _get_lc_collate                           - Undefined Weak Reference
    _get_lc_ctype                             - Undefined Weak Reference
    _get_lc_monetary                          - Undefined Weak Reference
    _get_lc_time                              - Undefined Weak Reference
    _getenv_init                              - Undefined Weak Reference
    _handle_redirection                       - Undefined Weak Reference
    _init_alloc                               - Undefined Weak Reference
    _init_user_alloc                          - Undefined Weak Reference
    _initio                                   - Undefined Weak Reference
    _printf_post_padding                      - Undefined Weak Reference
    _printf_pre_padding                       - Undefined Weak Reference
    _rand_init                                - Undefined Weak Reference
    _signal_finish                            - Undefined Weak Reference
    _signal_init                              - Undefined Weak Reference
    _terminate_alloc                          - Undefined Weak Reference
    _terminate_user_alloc                     - Undefined Weak Reference
    _terminateio                              - Undefined Weak Reference
    __Vectors_Size                           0x00000188   Number         0  startup_stm32l476xx.o ABSOLUTE
    Image$$RW_IRAM1$$ZI$$Length              0x00000660   Number         0  anon$$obj.o ABSOLUTE
    Image$$ER_IROM1$$RO$$Length              0x00002cbc   Number         0  anon$$obj.o ABSOLUTE
    Image$$ER_IROM1$$RO$$Base                0x08000000   Number         0  anon$$obj.o ABSOLUTE
    Load$$ER_IROM1$$Base                     0x08000000   Number         0  anon$$obj.o ABSOLUTE
    __Vectors                                0x08000000   Data           4  startup_stm32l476xx.o(RESET)
    __Vectors_End                            0x08000188   Data           0  startup_stm32l476xx.o(RESET)
    __main                                   0x08000189   Thumb Code     8  __main.o(!!!main)
    __scatterload                            0x08000191   Thumb Code     0  __scatter.o(!!!scatter)
    __scatterload_rt2                        0x08000191   Thumb Code    44  __scatter.o(!!!scatter)
    __scatterload_rt2_thumb_only             0x08000191   Thumb Code     0  __scatter.o(!!!scatter)
    __scatterload_null                       0x0800019f   Thumb Code     0  __scatter.o(!!!scatter)
    __scatterload_zeroinit                   0x080001c5   Thumb Code    28  __scatter_zi.o(!!handler_zi)
    _printf_f                                0x080001e1   Thumb Code     0  _printf_f.o(.ARM.Collect$$_printf_percent$$00000003)
    _printf_percent                          0x080001e1   Thumb Code     0  _printf_percent.o(.ARM.Collect$$_printf_percent$$00000000)
    _printf_percent_end                      0x080001e7   Thumb Code     0  _printf_percent_end.o(.ARM.Collect$$_printf_percent$$00000017)
    __rt_lib_init                            0x080001eb   Thumb Code     0  libinit.o(.ARM.Collect$$libinit$$00000000)
    __rt_lib_init_fp_1                       0x080001ed   Thumb Code     0  libinit2.o(.ARM.Collect$$libinit$$00000001)
    __rt_lib_init_heap_1                     0x080001f1   Thumb Code     0  libinit2.o(.ARM.Collect$$libinit$$0000000C)
    __rt_lib_init_lc_common                  0x080001f1   Thumb Code     0  libinit2.o(.ARM.Collect$$libinit$$00000011)
    __rt_lib_init_preinit_1                  0x080001f1   Thumb Code     0  libinit2.o(.ARM.Collect$$libinit$$00000006)
    __rt_lib_init_rand_1                     0x080001f1   Thumb Code     0  libinit2.o(.ARM.Collect$$libinit$$00000010)
    __rt_lib_init_relocate_pie_1             0x080001f1   Thumb Code     0  libinit2.o(.ARM.Collect$$libinit$$00000004)
    __rt_lib_init_user_alloc_1               0x080001f1   Thumb Code     0  libinit2.o(.ARM.Collect$$libinit$$0000000E)
    __rt_lib_init_lc_collate_1               0x080001f7   Thumb Code     0  libinit2.o(.ARM.Collect$$libinit$$00000013)
    __rt_lib_init_lc_ctype_1                 0x080001f7   Thumb Code     0  libinit2.o(.ARM.Collect$$libinit$$00000015)
    __rt_lib_init_lc_monetary_1              0x080001f7   Thumb Code     0  libinit2.o(.ARM.Collect$$libinit$$00000017)
    __rt_lib_init_lc_numeric_2               0x080001f7   Thumb Code     0  libinit2.o(.ARM.Collect$$libinit$$00000018)
    __rt_lib_init_alloca_1                   0x08000201   Thumb Code     0  libinit2.o(.ARM.Collect$$libinit$$00000030)
    __rt_lib_init_argv_1                     0x08000201   Thumb Code     0  libinit2.o(.ARM.Collect$$libinit$$0000002E)
    __rt_lib_init_atexit_1                   0x08000201   Thumb Code     0  libinit2.o(.ARM.Collect$$libinit$$0000001D)
    __rt_lib_init_clock_1                    0x08000201   Thumb Code     0  libinit2.o(.ARM.Collect$$libinit$$00000023)
    __rt_lib_init_cpp_1                      0x08000201   Thumb Code     0  libinit2.o(.ARM.Collect$$libinit$$00000034)
    __rt_lib_init_exceptions_1               0x08000201   Thumb Code     0  libinit2.o(.ARM.Collect$$libinit$$00000032)
    __rt_lib_init_fp_trap_1                  0x08000201   Thumb Code     0  libinit2.o(.ARM.Collect$$libinit$$00000021)
    __rt_lib_init_getenv_1                   0x08000201   Thumb Code     0  libinit2.o(.ARM.Collect$$libinit$$00000025)
    __rt_lib_init_lc_numeric_1               0x08000201   Thumb Code     0  libinit2.o(.ARM.Collect$$libinit$$00000019)
    __rt_lib_init_lc_time_1                  0x08000201   Thumb Code     0  libinit2.o(.ARM.Collect$$libinit$$0000001B)
    __rt_lib_init_return                     0x08000201   Thumb Code     0  libinit2.o(.ARM.Collect$$libinit$$00000035)
    __rt_lib_init_signal_1                   0x08000201   Thumb Code     0  libinit2.o(.ARM.Collect$$libinit$$0000001F)
    __rt_lib_init_stdio_1                    0x08000201   Thumb Code     0  libinit2.o(.ARM.Collect$$libinit$$00000027)
    __rt_lib_shutdown                        0x08000203   Thumb Code     0  libshutdown.o(.ARM.Collect$$libshutdown$$00000000)
    __rt_lib_shutdown_cpp_1                  0x08000205   Thumb Code     0  libshutdown2.o(.ARM.Collect$$libshutdown$$00000002)
    __rt_lib_shutdown_fp_trap_1              0x08000205   Thumb Code     0  libshutdown2.o(.ARM.Collect$$libshutdown$$00000007)
    __rt_lib_shutdown_heap_1                 0x08000205   Thumb Code     0  libshutdown2.o(.ARM.Collect$$libshutdown$$0000000F)
    __rt_lib_shutdown_return                 0x08000205   Thumb Code     0  libshutdown2.o(.ARM.Collect$$libshutdown$$00000010)
    __rt_lib_shutdown_signal_1               0x08000205   Thumb Code     0  libshutdown2.o(.ARM.Collect$$libshutdown$$0000000A)
    __rt_lib_shutdown_stdio_1                0x08000205   Thumb Code     0  libshutdown2.o(.ARM.Collect$$libshutdown$$00000004)
    __rt_lib_shutdown_user_alloc_1           0x08000205   Thumb Code     0  libshutdown2.o(.ARM.Collect$$libshutdown$$0000000C)
    __rt_entry                               0x08000207   Thumb Code     0  __rtentry.o(.ARM.Collect$$rtentry$$00000000)
    __rt_entry_presh_1                       0x08000207   Thumb Code     0  __rtentry2.o(.ARM.Collect$$rtentry$$00000002)
    __rt_entry_sh                            0x08000207   Thumb Code     0  __rtentry4.o(.ARM.Collect$$rtentry$$00000004)
    __rt_entry_li                            0x0800020d   Thumb Code     0  __rtentry2.o(.ARM.Collect$$rtentry$$0000000A)
    __rt_entry_postsh_1                      0x0800020d   Thumb Code     0  __rtentry2.o(.ARM.Collect$$rtentry$$00000009)
    __rt_entry_main                          0x08000211   Thumb Code     0  __rtentry2.o(.ARM.Collect$$rtentry$$0000000D)
    __rt_entry_postli_1                      0x08000211   Thumb Code     0  __rtentry2.o(.ARM.Collect$$rtentry$$0000000C)
    __rt_exit                                0x08000219   Thumb Code     0  rtexit.o(.ARM.Collect$$rtexit$$00000000)
    __rt_exit_ls                             0x0800021b   Thumb Code     0  rtexit2.o(.ARM.Collect$$rtexit$$00000003)
    __rt_exit_prels_1                        0x0800021b   Thumb Code     0  rtexit2.o(.ARM.Collect$$rtexit$$00000002)
    __rt_exit_exit                           0x0800021f   Thumb Code     0  rtexit2.o(.ARM.Collect$$rtexit$$00000004)
    Reset_Handler                            0x08000225   Thumb Code    60  startup_stm32l476xx.o(.text)
    NMI_Handler                              0x08000261   Thumb Code     2  startup_stm32l476xx.o(.text)
    HardFault_Handler                        0x08000263   Thumb Code     2  startup_stm32l476xx.o(.text)
    MemManage_Handler                        0x08000265   Thumb Code     2  startup_stm32l476xx.o(.text)
    BusFault_Handler                         0x08000267   Thumb Code     2  startup_stm32l476xx.o(.text)
    UsageFault_Handler                       0x08000269   Thumb Code     2  startup_stm32l476xx.o(.text)
    SVC_Handler                              0x0800026b   Thumb Code     2  startup_stm32l476xx.o(.text)
    DebugMon_Handler                         0x0800026d   Thumb Code     2  startup_stm32l476xx.o(.text)
    PendSV_Handler                           0x0800026f   Thumb Code     2  startup_stm32l476xx.o(.text)
    SysTick_Handler                          0x08000271   Thumb Code     2  startup_stm32l476xx.o(.text)
    ADC1_2_IRQHandler                        0x08000273   Thumb Code     0  startup_stm32l476xx.o(.text)
    ADC3_IRQHandler                          0x08000273   Thumb Code     0  startup_stm32l476xx.o(.text)
    CAN1_RX0_IRQHandler                      0x08000273   Thumb Code     0  startup_stm32l476xx.o(.text)
    CAN1_RX1_IRQHandler                      0x08000273   Thumb Code     0  startup_stm32l476xx.o(.text)
    CAN1_SCE_IRQHandler                      0x08000273   Thumb Code     0  startup_stm32l476xx.o(.text)
    CAN1_TX_IRQHandler                       0x08000273   Thumb Code     0  startup_stm32l476xx.o(.text)
    COMP_IRQHandler                          0x08000273   Thumb Code     0  startup_stm32l476xx.o(.text)
    DFSDM0_IRQHandler                        0x08000273   Thumb Code     0  startup_stm32l476xx.o(.text)
    DFSDM1_IRQHandler                        0x08000273   Thumb Code     0  startup_stm32l476xx.o(.text)
    DFSDM2_IRQHandler                        0x08000273   Thumb Code     0  startup_stm32l476xx.o(.text)
    DFSDM3_IRQHandler                        0x08000273   Thumb Code     0  startup_stm32l476xx.o(.text)
    DMA1_Channel1_IRQHandler                 0x08000273   Thumb Code     0  startup_stm32l476xx.o(.text)
    DMA1_Channel2_IRQHandler                 0x08000273   Thumb Code     0  startup_stm32l476xx.o(.text)
    DMA1_Channel3_IRQHandler                 0x08000273   Thumb Code     0  startup_stm32l476xx.o(.text)
    DMA1_Channel4_IRQHandler                 0x08000273   Thumb Code     0  startup_stm32l476xx.o(.text)
    DMA1_Channel5_IRQHandler                 0x08000273   Thumb Code     0  startup_stm32l476xx.o(.text)
    DMA1_Channel6_IRQHandler                 0x08000273   Thumb Code     0  startup_stm32l476xx.o(.text)
    DMA1_Channel7_IRQHandler                 0x08000273   Thumb Code     0  startup_stm32l476xx.o(.text)
    DMA2_Channel1_IRQHandler                 0x08000273   Thumb Code     0  startup_stm32l476xx.o(.text)
    DMA2_Channel2_IRQHandler                 0x08000273   Thumb Code     0  startup_stm32l476xx.o(.text)
    DMA2_Channel3_IRQHandler                 0x08000273   Thumb Code     0  startup_stm32l476xx.o(.text)
    DMA2_Channel4_IRQHandler                 0x08000273   Thumb Code     0  startup_stm32l476xx.o(.text)
    DMA2_Channel5_IRQHandler                 0x08000273   Thumb Code     0  startup_stm32l476xx.o(.text)
    DMA2_Channel6_IRQHandler                 0x08000273   Thumb Code     0  startup_stm32l476xx.o(.text)
    DMA2_Channel7_IRQHandler                 0x08000273   Thumb Code     0  startup_stm32l476xx.o(.text)
    EXTI15_10_IRQHandler                     0x08000273   Thumb Code     0  startup_stm32l476xx.o(.text)
    EXTI4_IRQHandler                         0x08000273   Thumb Code     0  startup_stm32l476xx.o(.text)
    EXTI9_5_IRQHandler                       0x08000273   Thumb Code     0  startup_stm32l476xx.o(.text)
    FLASH_IRQHandler                         0x08000273   Thumb Code     0  startup_stm32l476xx.o(.text)
    FMC_IRQHandler                           0x08000273   Thumb Code     0  startup_stm32l476xx.o(.text)
    FPU_IRQHandler                           0x08000273   Thumb Code     0  startup_stm32l476xx.o(.text)
    I2C1_ER_IRQHandler                       0x08000273   Thumb Code     0  startup_stm32l476xx.o(.text)
    I2C1_EV_IRQHandler                       0x08000273   Thumb Code     0  startup_stm32l476xx.o(.text)
    I2C2_ER_IRQHandler                       0x08000273   Thumb Code     0  startup_stm32l476xx.o(.text)
    I2C2_EV_IRQHandler                       0x08000273   Thumb Code     0  startup_stm32l476xx.o(.text)
    I2C3_ER_IRQHandler                       0x08000273   Thumb Code     0  startup_stm32l476xx.o(.text)
    I2C3_EV_IRQHandler                       0x08000273   Thumb Code     0  startup_stm32l476xx.o(.text)
    LCD_IRQHandler                           0x08000273   Thumb Code     0  startup_stm32l476xx.o(.text)
    LPTIM1_IRQHandler                        0x08000273   Thumb Code     0  startup_stm32l476xx.o(.text)
    LPTIM2_IRQHandler                        0x08000273   Thumb Code     0  startup_stm32l476xx.o(.text)
    LPUART1_IRQHandler                       0x08000273   Thumb Code     0  startup_stm32l476xx.o(.text)
    OTG_FS_IRQHandler                        0x08000273   Thumb Code     0  startup_stm32l476xx.o(.text)
    PVD_PVM_IRQHandler                       0x08000273   Thumb Code     0  startup_stm32l476xx.o(.text)
    QUADSPI_IRQHandler                       0x08000273   Thumb Code     0  startup_stm32l476xx.o(.text)
    RCC_IRQHandler                           0x08000273   Thumb Code     0  startup_stm32l476xx.o(.text)
    RNG_IRQHandler                           0x08000273   Thumb Code     0  startup_stm32l476xx.o(.text)
    RTC_Alarm_IRQHandler                     0x08000273   Thumb Code     0  startup_stm32l476xx.o(.text)
    RTC_WKUP_IRQHandler                      0x08000273   Thumb Code     0  startup_stm32l476xx.o(.text)
    SAI1_IRQHandler                          0x08000273   Thumb Code     0  startup_stm32l476xx.o(.text)
    SAI2_IRQHandler                          0x08000273   Thumb Code     0  startup_stm32l476xx.o(.text)
    SDMMC1_IRQHandler                        0x08000273   Thumb Code     0  startup_stm32l476xx.o(.text)
    SPI1_IRQHandler                          0x08000273   Thumb Code     0  startup_stm32l476xx.o(.text)
    SPI2_IRQHandler                          0x08000273   Thumb Code     0  startup_stm32l476xx.o(.text)
    SPI3_IRQHandler                          0x08000273   Thumb Code     0  startup_stm32l476xx.o(.text)
    SWPMI1_IRQHandler                        0x08000273   Thumb Code     0  startup_stm32l476xx.o(.text)
    TAMP_STAMP_IRQHandler                    0x08000273   Thumb Code     0  startup_stm32l476xx.o(.text)
    TIM1_BRK_TIM15_IRQHandler                0x08000273   Thumb Code     0  startup_stm32l476xx.o(.text)
    TIM1_CC_IRQHandler                       0x08000273   Thumb Code     0  startup_stm32l476xx.o(.text)
    TIM1_TRG_COM_TIM17_IRQHandler            0x08000273   Thumb Code     0  startup_stm32l476xx.o(.text)
    TIM1_UP_TIM16_IRQHandler                 0x08000273   Thumb Code     0  startup_stm32l476xx.o(.text)
    TIM2_IRQHandler                          0x08000273   Thumb Code     0  startup_stm32l476xx.o(.text)
    TIM3_IRQHandler                          0x08000273   Thumb Code     0  startup_stm32l476xx.o(.text)
    TIM4_IRQHandler                          0x08000273   Thumb Code     0  startup_stm32l476xx.o(.text)
    TIM5_IRQHandler                          0x08000273   Thumb Code     0  startup_stm32l476xx.o(.text)
    TIM6_DAC_IRQHandler                      0x08000273   Thumb Code     0  startup_stm32l476xx.o(.text)
    TIM7_IRQHandler                          0x08000273   Thumb Code     0  startup_stm32l476xx.o(.text)
    TIM8_BRK_IRQHandler                      0x08000273   Thumb Code     0  startup_stm32l476xx.o(.text)
    TIM8_CC_IRQHandler                       0x08000273   Thumb Code     0  startup_stm32l476xx.o(.text)
    TIM8_TRG_COM_IRQHandler                  0x08000273   Thumb Code     0  startup_stm32l476xx.o(.text)
    TIM8_UP_IRQHandler                       0x08000273   Thumb Code     0  startup_stm32l476xx.o(.text)
    TSC_IRQHandler                           0x08000273   Thumb Code     0  startup_stm32l476xx.o(.text)
    UART4_IRQHandler                         0x08000273   Thumb Code     0  startup_stm32l476xx.o(.text)
    UART5_IRQHandler                         0x08000273   Thumb Code     0  startup_stm32l476xx.o(.text)
    USART1_IRQHandler                        0x08000273   Thumb Code     0  startup_stm32l476xx.o(.text)
    USART3_IRQHandler                        0x08000273   Thumb Code     0  startup_stm32l476xx.o(.text)
    WWDG_IRQHandler                          0x08000273   Thumb Code     0  startup_stm32l476xx.o(.text)
    __user_initial_stackheap                 0x08000275   Thumb Code     0  startup_stm32l476xx.o(.text)
    __2sprintf                               0x080002a9   Thumb Code    34  noretval__2sprintf.o(.text)
    __printf                                 0x080002d1   Thumb Code   104  __printf.o(.text)
    __aeabi_memset                           0x08000339   Thumb Code    16  aeabi_memset.o(.text)
    __aeabi_memclr4                          0x08000349   Thumb Code     0  rt_memclr_w.o(.text)
    __aeabi_memclr8                          0x08000349   Thumb Code     0  rt_memclr_w.o(.text)
    __rt_memclr_w                            0x08000349   Thumb Code     0  rt_memclr_w.o(.text)
    _memset_w                                0x0800034d   Thumb Code    74  rt_memclr_w.o(.text)
    __use_two_region_memory                  0x08000397   Thumb Code     2  heapauxi.o(.text)
    __rt_heap_escrow$2region                 0x08000399   Thumb Code     2  heapauxi.o(.text)
    __rt_heap_expand$2region                 0x0800039b   Thumb Code     2  heapauxi.o(.text)
    __read_errno                             0x0800039d   Thumb Code    10  _rserrno.o(.text)
    __set_errno                              0x080003a7   Thumb Code    12  _rserrno.o(.text)
    _printf_fp_dec_real                      0x08000563   Thumb Code   620  _printf_fp_dec.o(.text)
    _printf_char_common                      0x080007df   Thumb Code    32  _printf_char_common.o(.text)
    _sputc                                   0x08000805   Thumb Code    10  _sputc.o(.text)
    __aeabi_memclr                           0x0800080f   Thumb Code     0  rt_memclr.o(.text)
    __rt_memclr                              0x0800080f   Thumb Code     0  rt_memclr.o(.text)
    _memset                                  0x08000813   Thumb Code    64  rt_memclr.o(.text)
    __rt_locale                              0x08000855   Thumb Code     8  rt_locale_intlibspace.o(.text)
    __aeabi_errno_addr                       0x0800085d   Thumb Code     8  rt_errno_addr_intlibspace.o(.text)
    __errno$intlibspace                      0x0800085d   Thumb Code     0  rt_errno_addr_intlibspace.o(.text)
    __rt_errno_addr$intlibspace              0x0800085d   Thumb Code     0  rt_errno_addr_intlibspace.o(.text)
    _ll_udiv10                               0x08000865   Thumb Code   138  lludiv10.o(.text)
    _printf_fp_infnan                        0x080008f1   Thumb Code   112  _printf_fp_infnan.o(.text)
    _btod_etento                             0x08000971   Thumb Code   224  bigflt0.o(.text)
    __user_libspace                          0x08000a55   Thumb Code     8  libspace.o(.text)
    __user_perproc_libspace                  0x08000a55   Thumb Code     0  libspace.o(.text)
    __user_perthread_libspace                0x08000a55   Thumb Code     0  libspace.o(.text)
    __user_setup_stackheap                   0x08000a5d   Thumb Code    74  sys_stackheap_outer.o(.text)
    exit                                     0x08000aa7   Thumb Code    18  exit.o(.text)
    strcmp                                   0x08000ab9   Thumb Code   124  strcmpv7em.o(.text)
    _sys_exit                                0x08000b35   Thumb Code     8  sys_exit.o(.text)
    __I$use$semihosting                      0x08000b41   Thumb Code     0  use_no_semi.o(.text)
    __use_no_semihosting_swi                 0x08000b41   Thumb Code     2  use_no_semi.o(.text)
    __semihosting_library_function           0x08000b43   Thumb Code     0  indicate_semi.o(.text)
    ADC1_setup                               0x08000b45   Thumb Code   198  adc.o(.text.ADC1_setup)
    DHT22_setup                              0x08000c0d   Thumb Code    34  dht22.o(.text.DHT22_setup)
    EXTI0_IRQHandler                         0x08000c31   Thumb Code   256  main.o(.text.EXTI0_IRQHandler)
    EXTI1_IRQHandler                         0x08000d51   Thumb Code   256  main.o(.text.EXTI1_IRQHandler)
    EXTI2_IRQHandler                         0x08000e69   Thumb Code    40  main.o(.text.EXTI2_IRQHandler)
    EXTI3_IRQHandler                         0x08000ea1   Thumb Code    40  main.o(.text.EXTI3_IRQHandler)
    LCD_Clear                                0x08000ed9   Thumb Code    74  lcd.o(.text.LCD_Clear)
    LCD_DisplayString                        0x08000f25   Thumb Code    44  lcd.o(.text.LCD_DisplayString)
    LCD_Displayfloat                         0x08000f51   Thumb Code    88  lcd.o(.text.LCD_Displayfloat)
    LCD_Init                                 0x08000fad   Thumb Code   270  lcd.o(.text.LCD_Init)
    LCD_WriteCom                             0x080010bd   Thumb Code   154  lcd.o(.text.LCD_WriteCom)
    LCD_WriteData                            0x08001159   Thumb Code   162  lcd.o(.text.LCD_WriteData)
    USART2_IRQHandler                        0x08001201   Thumb Code   880  uart.o(.text.USART2_IRQHandler)
    USART2_Stringout                         0x0800158d   Thumb Code    64  uart.o(.text.USART2_Stringout)
    USART2_Write                             0x080015cd   Thumb Code    32  uart.o(.text.USART2_Write)
    WindSpeed_setup                          0x080015ed   Thumb Code   218  adc.o(.text.WindSpeed_setup)
    main                                     0x080016c9   Thumb Code   420  main.o(.text.main)
    read_Wind                                0x0800189d   Thumb Code    28  adc.o(.text.read_Wind)
    read_hdata                               0x080018b9   Thumb Code   194  dht22.o(.text.read_hdata)
    usart2_init                              0x0800197d   Thumb Code   276  uart.o(.text.usart2_init)
    _btod_d2e                                0x08001a91   Thumb Code    62  btod.o(CL$$btod_d2e)
    _d2e_denorm_low                          0x08001acf   Thumb Code    70  btod.o(CL$$btod_d2e_denorm_low)
    _d2e_norm_op1                            0x08001b15   Thumb Code    96  btod.o(CL$$btod_d2e_norm_op1)
    __btod_div_common                        0x08001b75   Thumb Code   696  btod.o(CL$$btod_div_common)
    _e2e                                     0x08001ead   Thumb Code   220  btod.o(CL$$btod_e2e)
    _btod_ediv                               0x08001f89   Thumb Code    42  btod.o(CL$$btod_ediv)
    _btod_emul                               0x08001fb3   Thumb Code    42  btod.o(CL$$btod_emul)
    __btod_mult_common                       0x08001fdd   Thumb Code   580  btod.o(CL$$btod_mult_common)
    __ARM_fpclassify                         0x08002221   Thumb Code    48  fpclassify.o(i.__ARM_fpclassify)
    __hardfp_ldexp                           0x08002251   Thumb Code   200  ldexp.o(i.__hardfp_ldexp)
    __mathlib_dbl_overflow                   0x08002321   Thumb Code    24  dunder.o(i.__mathlib_dbl_overflow)
    __mathlib_dbl_underflow                  0x08002341   Thumb Code    24  dunder.o(i.__mathlib_dbl_underflow)
    _get_lc_numeric                          0x08002361   Thumb Code    44  lc_numeric_c.o(locale$$code)
    __aeabi_dadd                             0x0800238d   Thumb Code     0  daddsub_clz.o(x$fpl$dadd)
    _dadd                                    0x0800238d   Thumb Code   332  daddsub_clz.o(x$fpl$dadd)
    __fpl_dcheck_NaN1                        0x080024dd   Thumb Code    10  dcheck1.o(x$fpl$dcheck1)
    __fpl_dcmp_Inf                           0x080024ed   Thumb Code    24  dcmpi.o(x$fpl$dcmpinf)
    __aeabi_cdcmpeq                          0x08002505   Thumb Code     0  deqf.o(x$fpl$deqf)
    _dcmpeq                                  0x08002505   Thumb Code   120  deqf.o(x$fpl$deqf)
    __aeabi_d2iz                             0x0800257d   Thumb Code     0  dfix.o(x$fpl$dfix)
    _dfix                                    0x0800257d   Thumb Code    94  dfix.o(x$fpl$dfix)
    __aeabi_i2d                              0x080025db   Thumb Code     0  dflt_clz.o(x$fpl$dflt)
    _dflt                                    0x080025db   Thumb Code    46  dflt_clz.o(x$fpl$dflt)
    __aeabi_ui2d                             0x08002609   Thumb Code     0  dflt_clz.o(x$fpl$dfltu)
    _dfltu                                   0x08002609   Thumb Code    38  dflt_clz.o(x$fpl$dfltu)
    __aeabi_dmul                             0x08002631   Thumb Code     0  dmul.o(x$fpl$dmul)
    _dmul                                    0x08002631   Thumb Code   332  dmul.o(x$fpl$dmul)
    __fpl_dnaninf                            0x08002785   Thumb Code   156  dnaninf.o(x$fpl$dnaninf)
    __fpl_dretinf                            0x08002821   Thumb Code    12  dretinf.o(x$fpl$dretinf)
    __aeabi_dsub                             0x0800282d   Thumb Code     0  daddsub_clz.o(x$fpl$dsub)
    _dsub                                    0x0800282d   Thumb Code   472  daddsub_clz.o(x$fpl$dsub)
    __aeabi_f2d                              0x08002a09   Thumb Code     0  f2d.o(x$fpl$f2d)
    _f2d                                     0x08002a09   Thumb Code    86  f2d.o(x$fpl$f2d)
    __fpl_fnaninf                            0x08002a5f   Thumb Code   140  fnaninf.o(x$fpl$fnaninf)
    _fp_init                                 0x08002aeb   Thumb Code    26  fpinit.o(x$fpl$fpinit)
    __fplib_config_fpu_vfp                   0x08002b03   Thumb Code     0  fpinit.o(x$fpl$fpinit)
    __fplib_config_pureend_doubles           0x08002b03   Thumb Code     0  fpinit.o(x$fpl$fpinit)
    _printf_fp_dec                           0x08002b05   Thumb Code     4  printf1.o(x$fpl$printf1)
    __fpl_return_NaN                         0x08002b09   Thumb Code   100  retnan.o(x$fpl$retnan)
    __ARM_scalbn                             0x08002b6d   Thumb Code    92  scalbn.o(x$fpl$scalbn)
    __fpl_cmpreturn                          0x08002bc9   Thumb Code    48  trapv.o(x$fpl$trapveneer)
    __I$use$fp                               0x08002bf8   Number         0  usenofp.o(x$fpl$usenofp)
    Region$$Table$$Base                      0x08002c90   Number         0  anon$$obj.o(Region$$Table)
    Region$$Table$$Limit                     0x08002ca0   Number         0  anon$$obj.o(Region$$Table)
    Image$$ER_IROM1$$RO$$Limit               0x08002cbc   Number         0  anon$$obj.o ABSOLUTE
    Image$$ER_IROM1$$RW$$Base                0x08002cbc   Number         0  anon$$obj.o ABSOLUTE
    Image$$ER_IROM1$$RW$$Limit               0x08002cbc   Number         0  anon$$obj.o ABSOLUTE
    Image$$ER_IROM1$$ZI$$Base                0x08002cbc   Number         0  anon$$obj.o ABSOLUTE
    Image$$ER_IROM1$$ZI$$Limit               0x08002cbc   Number         0  anon$$obj.o ABSOLUTE
    Load$$RW_IRAM1$$Base                     0x08002cbc   Number         0  anon$$obj.o ABSOLUTE
    Image$$RW_IRAM1$$Base                    0x20000000   Number         0  anon$$obj.o ABSOLUTE
    Image$$RW_IRAM1$$Limit                   0x20000000   Number         0  anon$$obj.o ABSOLUTE
    Image$$RW_IRAM1$$RO$$Base                0x20000000   Number         0  anon$$obj.o ABSOLUTE
    Image$$RW_IRAM1$$RW$$Base                0x20000000   Number         0  anon$$obj.o ABSOLUTE
    Image$$RW_IRAM1$$RW$$Limit               0x20000000   Number         0  anon$$obj.o ABSOLUTE
    Image$$RW_IRAM1$$ZI$$Base                0x20000000   Number         0  anon$$obj.o ABSOLUTE
    __libspace_start                         0x20000000   Data          96  libspace.o(.bss)
    __temporary_stack_top$libspace           0x20000060   Data           0  libspace.o(.bss)
    Image$$RW_IRAM1$$ZI$$Limit               0x20000660   Number         0  anon$$obj.o ABSOLUTE



==============================================================================

Memory Map of the image

  Image Entry point : 0x08000189

  Load Region LR_IROM1 (Base: 0x08000000, Size: 0x00002cbc, Max: 0x00100000, ABSOLUTE)

    Execution Region ER_IROM1 (Exec base: 0x08000000, Load base: 0x08000000, Size: 0x00002cbc, Max: 0x00100000, ABSOLUTE)

    Exec Addr    Load Addr    Size         Type   Attr      Idx    E Section Name        Object

    0x08000000   0x08000000   0x00000188   Data   RO           22    RESET               startup_stm32l476xx.o
    0x08000188   0x08000188   0x00000008   Code   RO          143  * !!!main             c_w.l(__main.o)
    0x08000190   0x08000190   0x00000034   Code   RO          448    !!!scatter          c_w.l(__scatter.o)
    0x080001c4   0x080001c4   0x0000001c   Code   RO          450    !!handler_zi        c_w.l(__scatter_zi.o)
    0x080001e0   0x080001e0   0x00000000   Code   RO          136    .ARM.Collect$$_printf_percent$$00000000  c_w.l(_printf_percent.o)
    0x080001e0   0x080001e0   0x00000006   Code   RO          135    .ARM.Collect$$_printf_percent$$00000003  c_w.l(_printf_f.o)
    0x080001e6   0x080001e6   0x00000004   Code   RO          188    .ARM.Collect$$_printf_percent$$00000017  c_w.l(_printf_percent_end.o)
    0x080001ea   0x080001ea   0x00000002   Code   RO          307    .ARM.Collect$$libinit$$00000000  c_w.l(libinit.o)
    0x080001ec   0x080001ec   0x00000004   Code   RO          308    .ARM.Collect$$libinit$$00000001  c_w.l(libinit2.o)
    0x080001f0   0x080001f0   0x00000000   Code   RO          311    .ARM.Collect$$libinit$$00000004  c_w.l(libinit2.o)
    0x080001f0   0x080001f0   0x00000000   Code   RO          313    .ARM.Collect$$libinit$$00000006  c_w.l(libinit2.o)
    0x080001f0   0x080001f0   0x00000000   Code   RO          316    .ARM.Collect$$libinit$$0000000C  c_w.l(libinit2.o)
    0x080001f0   0x080001f0   0x00000000   Code   RO          318    .ARM.Collect$$libinit$$0000000E  c_w.l(libinit2.o)
    0x080001f0   0x080001f0   0x00000000   Code   RO          320    .ARM.Collect$$libinit$$00000010  c_w.l(libinit2.o)
    0x080001f0   0x080001f0   0x00000006   Code   RO          321    .ARM.Collect$$libinit$$00000011  c_w.l(libinit2.o)
    0x080001f6   0x080001f6   0x00000000   Code   RO          323    .ARM.Collect$$libinit$$00000013  c_w.l(libinit2.o)
    0x080001f6   0x080001f6   0x00000000   Code   RO          325    .ARM.Collect$$libinit$$00000015  c_w.l(libinit2.o)
    0x080001f6   0x080001f6   0x00000000   Code   RO          327    .ARM.Collect$$libinit$$00000017  c_w.l(libinit2.o)
    0x080001f6   0x080001f6   0x0000000a   Code   RO          328    .ARM.Collect$$libinit$$00000018  c_w.l(libinit2.o)
    0x08000200   0x08000200   0x00000000   Code   RO          329    .ARM.Collect$$libinit$$00000019  c_w.l(libinit2.o)
    0x08000200   0x08000200   0x00000000   Code   RO          331    .ARM.Collect$$libinit$$0000001B  c_w.l(libinit2.o)
    0x08000200   0x08000200   0x00000000   Code   RO          333    .ARM.Collect$$libinit$$0000001D  c_w.l(libinit2.o)
    0x08000200   0x08000200   0x00000000   Code   RO          335    .ARM.Collect$$libinit$$0000001F  c_w.l(libinit2.o)
    0x08000200   0x08000200   0x00000000   Code   RO          337    .ARM.Collect$$libinit$$00000021  c_w.l(libinit2.o)
    0x08000200   0x08000200   0x00000000   Code   RO          339    .ARM.Collect$$libinit$$00000023  c_w.l(libinit2.o)
    0x08000200   0x08000200   0x00000000   Code   RO          341    .ARM.Collect$$libinit$$00000025  c_w.l(libinit2.o)
    0x08000200   0x08000200   0x00000000   Code   RO          343    .ARM.Collect$$libinit$$00000027  c_w.l(libinit2.o)
    0x08000200   0x08000200   0x00000000   Code   RO          347    .ARM.Collect$$libinit$$0000002E  c_w.l(libinit2.o)
    0x08000200   0x08000200   0x00000000   Code   RO          349    .ARM.Collect$$libinit$$00000030  c_w.l(libinit2.o)
    0x08000200   0x08000200   0x00000000   Code   RO          351    .ARM.Collect$$libinit$$00000032  c_w.l(libinit2.o)
    0x08000200   0x08000200   0x00000000   Code   RO          353    .ARM.Collect$$libinit$$00000034  c_w.l(libinit2.o)
    0x08000200   0x08000200   0x00000002   Code   RO          354    .ARM.Collect$$libinit$$00000035  c_w.l(libinit2.o)
    0x08000202   0x08000202   0x00000002   Code   RO          394    .ARM.Collect$$libshutdown$$00000000  c_w.l(libshutdown.o)
    0x08000204   0x08000204   0x00000000   Code   RO          405    .ARM.Collect$$libshutdown$$00000002  c_w.l(libshutdown2.o)
    0x08000204   0x08000204   0x00000000   Code   RO          407    .ARM.Collect$$libshutdown$$00000004  c_w.l(libshutdown2.o)
    0x08000204   0x08000204   0x00000000   Code   RO          410    .ARM.Collect$$libshutdown$$00000007  c_w.l(libshutdown2.o)
    0x08000204   0x08000204   0x00000000   Code   RO          413    .ARM.Collect$$libshutdown$$0000000A  c_w.l(libshutdown2.o)
    0x08000204   0x08000204   0x00000000   Code   RO          415    .ARM.Collect$$libshutdown$$0000000C  c_w.l(libshutdown2.o)
    0x08000204   0x08000204   0x00000000   Code   RO          418    .ARM.Collect$$libshutdown$$0000000F  c_w.l(libshutdown2.o)
    0x08000204   0x08000204   0x00000002   Code   RO          419    .ARM.Collect$$libshutdown$$00000010  c_w.l(libshutdown2.o)
    0x08000206   0x08000206   0x00000000   Code   RO          177    .ARM.Collect$$rtentry$$00000000  c_w.l(__rtentry.o)
    0x08000206   0x08000206   0x00000000   Code   RO          219    .ARM.Collect$$rtentry$$00000002  c_w.l(__rtentry2.o)
    0x08000206   0x08000206   0x00000006   Code   RO          231    .ARM.Collect$$rtentry$$00000004  c_w.l(__rtentry4.o)
    0x0800020c   0x0800020c   0x00000000   Code   RO          221    .ARM.Collect$$rtentry$$00000009  c_w.l(__rtentry2.o)
    0x0800020c   0x0800020c   0x00000004   Code   RO          222    .ARM.Collect$$rtentry$$0000000A  c_w.l(__rtentry2.o)
    0x08000210   0x08000210   0x00000000   Code   RO          224    .ARM.Collect$$rtentry$$0000000C  c_w.l(__rtentry2.o)
    0x08000210   0x08000210   0x00000008   Code   RO          225    .ARM.Collect$$rtentry$$0000000D  c_w.l(__rtentry2.o)
    0x08000218   0x08000218   0x00000002   Code   RO          357    .ARM.Collect$$rtexit$$00000000  c_w.l(rtexit.o)
    0x0800021a   0x0800021a   0x00000000   Code   RO          368    .ARM.Collect$$rtexit$$00000002  c_w.l(rtexit2.o)
    0x0800021a   0x0800021a   0x00000004   Code   RO          369    .ARM.Collect$$rtexit$$00000003  c_w.l(rtexit2.o)
    0x0800021e   0x0800021e   0x00000006   Code   RO          370    .ARM.Collect$$rtexit$$00000004  c_w.l(rtexit2.o)
    0x08000224   0x08000224   0x00000084   Code   RO           23    .text               startup_stm32l476xx.o
    0x080002a8   0x080002a8   0x00000028   Code   RO          111    .text               c_w.l(noretval__2sprintf.o)
    0x080002d0   0x080002d0   0x00000068   Code   RO          113    .text               c_w.l(__printf.o)
    0x08000338   0x08000338   0x00000010   Code   RO          137    .text               c_w.l(aeabi_memset.o)
    0x08000348   0x08000348   0x0000004e   Code   RO          139    .text               c_w.l(rt_memclr_w.o)
    0x08000396   0x08000396   0x00000006   Code   RO          141    .text               c_w.l(heapauxi.o)
    0x0800039c   0x0800039c   0x00000016   Code   RO          178    .text               c_w.l(_rserrno.o)
    0x080003b2   0x080003b2   0x00000422   Code   RO          180    .text               c_w.l(_printf_fp_dec.o)
    0x080007d4   0x080007d4   0x00000030   Code   RO          184    .text               c_w.l(_printf_char_common.o)
    0x08000804   0x08000804   0x0000000a   Code   RO          186    .text               c_w.l(_sputc.o)
    0x0800080e   0x0800080e   0x00000044   Code   RO          189    .text               c_w.l(rt_memclr.o)
    0x08000852   0x08000852   0x00000002   PAD
    0x08000854   0x08000854   0x00000008   Code   RO          236    .text               c_w.l(rt_locale_intlibspace.o)
    0x0800085c   0x0800085c   0x00000008   Code   RO          241    .text               c_w.l(rt_errno_addr_intlibspace.o)
    0x08000864   0x08000864   0x0000008a   Code   RO          243    .text               c_w.l(lludiv10.o)
    0x080008ee   0x080008ee   0x00000002   PAD
    0x080008f0   0x080008f0   0x00000080   Code   RO          245    .text               c_w.l(_printf_fp_infnan.o)
    0x08000970   0x08000970   0x000000e4   Code   RO          249    .text               c_w.l(bigflt0.o)
    0x08000a54   0x08000a54   0x00000008   Code   RO          291    .text               c_w.l(libspace.o)
    0x08000a5c   0x08000a5c   0x0000004a   Code   RO          294    .text               c_w.l(sys_stackheap_outer.o)
    0x08000aa6   0x08000aa6   0x00000012   Code   RO          298    .text               c_w.l(exit.o)
    0x08000ab8   0x08000ab8   0x0000007c   Code   RO          300    .text               c_w.l(strcmpv7em.o)
    0x08000b34   0x08000b34   0x0000000c   Code   RO          380    .text               c_w.l(sys_exit.o)
    0x08000b40   0x08000b40   0x00000002   Code   RO          395    .text               c_w.l(use_no_semi.o)
    0x08000b42   0x08000b42   0x00000000   Code   RO          397    .text               c_w.l(indicate_semi.o)
    0x08000b42   0x08000b42   0x00000002   PAD
    0x08000b44   0x08000b44   0x000000c6   Code   RO           88    .text.ADC1_setup    adc.o
    0x08000c0a   0x08000c0a   0x00000002   PAD
    0x08000c0c   0x08000c0c   0x00000022   Code   RO           76    .text.DHT22_setup   dht22.o
    0x08000c2e   0x08000c2e   0x00000002   PAD
    0x08000c30   0x08000c30   0x0000011c   Code   RO            2    .text.EXTI0_IRQHandler  main.o
    0x08000d4c   0x08000d4c   0x00000004   PAD
    0x08000d50   0x08000d50   0x00000118   Code   RO            4    .text.EXTI1_IRQHandler  main.o
    0x08000e68   0x08000e68   0x00000038   Code   RO            6    .text.EXTI2_IRQHandler  main.o
    0x08000ea0   0x08000ea0   0x00000038   Code   RO            8    .text.EXTI3_IRQHandler  main.o
    0x08000ed8   0x08000ed8   0x0000004a   Code   RO           39    .text.LCD_Clear     lcd.o
    0x08000f22   0x08000f22   0x00000002   PAD
    0x08000f24   0x08000f24   0x0000002c   Code   RO           41    .text.LCD_DisplayString  lcd.o
    0x08000f50   0x08000f50   0x0000005c   Code   RO           43    .text.LCD_Displayfloat  lcd.o
    0x08000fac   0x08000fac   0x0000010e   Code   RO           37    .text.LCD_Init      lcd.o
    0x080010ba   0x080010ba   0x00000002   PAD
    0x080010bc   0x080010bc   0x0000009a   Code   RO           33    .text.LCD_WriteCom  lcd.o
    0x08001156   0x08001156   0x00000002   PAD
    0x08001158   0x08001158   0x000000a2   Code   RO           35    .text.LCD_WriteData  lcd.o
    0x080011fa   0x080011fa   0x00000006   PAD
    0x08001200   0x08001200   0x0000038c   Code   RO           59    .text.USART2_IRQHandler  uart.o
    0x0800158c   0x0800158c   0x00000040   Code   RO           63    .text.USART2_Stringout  uart.o
    0x080015cc   0x080015cc   0x00000020   Code   RO           55    .text.USART2_Write  uart.o
    0x080015ec   0x080015ec   0x000000da   Code   RO           94    .text.WindSpeed_setup  adc.o
    0x080016c6   0x080016c6   0x00000002   PAD
    0x080016c8   0x080016c8   0x000001d4   Code   RO           10    .text.main          main.o
    0x0800189c   0x0800189c   0x0000001c   Code   RO           96    .text.read_Wind     adc.o
    0x080018b8   0x080018b8   0x000000c2   Code   RO           78    .text.read_hdata    dht22.o
    0x0800197a   0x0800197a   0x00000002   PAD
    0x0800197c   0x0800197c   0x00000114   Code   RO           53    .text.usart2_init   uart.o
    0x08001a90   0x08001a90   0x0000003e   Code   RO          252    CL$$btod_d2e        c_w.l(btod.o)
    0x08001ace   0x08001ace   0x00000046   Code   RO          254    CL$$btod_d2e_denorm_low  c_w.l(btod.o)
    0x08001b14   0x08001b14   0x00000060   Code   RO          253    CL$$btod_d2e_norm_op1  c_w.l(btod.o)
    0x08001b74   0x08001b74   0x00000338   Code   RO          262    CL$$btod_div_common  c_w.l(btod.o)
    0x08001eac   0x08001eac   0x000000dc   Code   RO          259    CL$$btod_e2e        c_w.l(btod.o)
    0x08001f88   0x08001f88   0x0000002a   Code   RO          256    CL$$btod_ediv       c_w.l(btod.o)
    0x08001fb2   0x08001fb2   0x0000002a   Code   RO          255    CL$$btod_emul       c_w.l(btod.o)
    0x08001fdc   0x08001fdc   0x00000244   Code   RO          261    CL$$btod_mult_common  c_w.l(btod.o)
    0x08002220   0x08002220   0x00000030   Code   RO          289    i.__ARM_fpclassify  m_wm.l(fpclassify.o)
    0x08002250   0x08002250   0x000000d0   Code   RO          169    i.__hardfp_ldexp    m_wm.l(ldexp.o)
    0x08002320   0x08002320   0x00000020   Code   RO          208    i.__mathlib_dbl_overflow  m_wm.l(dunder.o)
    0x08002340   0x08002340   0x00000020   Code   RO          210    i.__mathlib_dbl_underflow  m_wm.l(dunder.o)
    0x08002360   0x08002360   0x0000002c   Code   RO          277    locale$$code        c_w.l(lc_numeric_c.o)
    0x0800238c   0x0800238c   0x00000150   Code   RO          147    x$fpl$dadd          fz_wm.l(daddsub_clz.o)
    0x080024dc   0x080024dc   0x00000010   Code   RO          279    x$fpl$dcheck1       fz_wm.l(dcheck1.o)
    0x080024ec   0x080024ec   0x00000018   Code   RO          281    x$fpl$dcmpinf       fz_wm.l(dcmpi.o)
    0x08002504   0x08002504   0x00000078   Code   RO          191    x$fpl$deqf          fz_wm.l(deqf.o)
    0x0800257c   0x0800257c   0x0000005e   Code   RO          153    x$fpl$dfix          fz_wm.l(dfix.o)
    0x080025da   0x080025da   0x0000002e   Code   RO          158    x$fpl$dflt          fz_wm.l(dflt_clz.o)
    0x08002608   0x08002608   0x00000026   Code   RO          157    x$fpl$dfltu         fz_wm.l(dflt_clz.o)
    0x0800262e   0x0800262e   0x00000002   PAD
    0x08002630   0x08002630   0x00000154   Code   RO          163    x$fpl$dmul          fz_wm.l(dmul.o)
    0x08002784   0x08002784   0x0000009c   Code   RO          193    x$fpl$dnaninf       fz_wm.l(dnaninf.o)
    0x08002820   0x08002820   0x0000000c   Code   RO          195    x$fpl$dretinf       fz_wm.l(dretinf.o)
    0x0800282c   0x0800282c   0x000001dc   Code   RO          149    x$fpl$dsub          fz_wm.l(daddsub_clz.o)
    0x08002a08   0x08002a08   0x00000056   Code   RO          165    x$fpl$f2d           fz_wm.l(f2d.o)
    0x08002a5e   0x08002a5e   0x0000008c   Code   RO          197    x$fpl$fnaninf       fz_wm.l(fnaninf.o)
    0x08002aea   0x08002aea   0x0000001a   Code   RO          363    x$fpl$fpinit        fz_wm.l(fpinit.o)
    0x08002b04   0x08002b04   0x00000004   Code   RO          167    x$fpl$printf1       fz_wm.l(printf1.o)
    0x08002b08   0x08002b08   0x00000064   Code   RO          355    x$fpl$retnan        fz_wm.l(retnan.o)
    0x08002b6c   0x08002b6c   0x0000005c   Code   RO          201    x$fpl$scalbn        fz_wm.l(scalbn.o)
    0x08002bc8   0x08002bc8   0x00000030   Code   RO          365    x$fpl$trapveneer    fz_wm.l(trapv.o)
    0x08002bf8   0x08002bf8   0x00000000   Code   RO          203    x$fpl$usenofp       fz_wm.l(usenofp.o)
    0x08002bf8   0x08002bf8   0x00000094   Data   RO          250    .constdata          c_w.l(bigflt0.o)
    0x08002c8c   0x08002c8c   0x00000003   Data   RO           65    .rodata.str1.1      uart.o
    0x08002c8f   0x08002c8f   0x00000001   PAD
    0x08002c90   0x08002c90   0x00000010   Data   RO          447    Region$$Table       anon$$obj.o
    0x08002ca0   0x08002ca0   0x0000001c   Data   RO          276    locale$$data        c_w.l(lc_numeric_c.o)


    Execution Region RW_IRAM1 (Exec base: 0x20000000, Load base: 0x08002cbc, Size: 0x00000660, Max: 0x00018000, ABSOLUTE)

    Exec Addr    Load Addr    Size         Type   Attr      Idx    E Section Name        Object

    0x20000000        -       0x00000060   Zero   RW          292    .bss                c_w.l(libspace.o)
    0x20000060        -       0x00000200   Zero   RW           21    HEAP                startup_stm32l476xx.o
    0x20000260        -       0x00000400   Zero   RW           20    STACK               startup_stm32l476xx.o


==============================================================================

Image component sizes


      Code (inc. data)   RO Data    RW Data    ZI Data      Debug   Object Name

       444          0          0          0          0       3884   adc.o
       228          0          0          0          0       2372   dht22.o
       796          4          0          0          0       4455   lcd.o
      1144        132          0          0          0       7369   main.o
       132         42        392          0       1536        888   startup_stm32l476xx.o
      1280         60          3          0          0       9676   uart.o

    ----------------------------------------------------------------------
      4048        242        412          0       1536      28644   Object Totals
         0          0         16          0          0          0   (incl. Generated)
        24          4          1          0          0          0   (incl. Padding)

    ----------------------------------------------------------------------

      Code (inc. data)   RO Data    RW Data    ZI Data      Debug   Library Member Name

         8          0          0          0          0         68   __main.o
       104          0          0          0          0         84   __printf.o
         0          0          0          0          0          0   __rtentry.o
        12          0          0          0          0          0   __rtentry2.o
         6          0          0          0          0          0   __rtentry4.o
        52          8          0          0          0          0   __scatter.o
        28          0          0          0          0          0   __scatter_zi.o
        48          6          0          0          0         96   _printf_char_common.o
         6          0          0          0          0          0   _printf_f.o
      1058          0          0          0          0        148   _printf_fp_dec.o
       128         16          0          0          0         84   _printf_fp_infnan.o
         0          0          0          0          0          0   _printf_percent.o
         4          0          0          0          0          0   _printf_percent_end.o
        22          0          0          0          0        100   _rserrno.o
        10          0          0          0          0         68   _sputc.o
        16          0          0          0          0         68   aeabi_memset.o
       228          4        148          0          0         96   bigflt0.o
      1936        128          0          0          0        668   btod.o
        18          0          0          0          0         80   exit.o
         6          0          0          0          0        152   heapauxi.o
         0          0          0          0          0          0   indicate_semi.o
        44         10         28          0          0         76   lc_numeric_c.o
         2          0          0          0          0          0   libinit.o
        22          0          0          0          0          0   libinit2.o
         2          0          0          0          0          0   libshutdown.o
         2          0          0          0          0          0   libshutdown2.o
         8          4          0          0         96         68   libspace.o
       138          0          0          0          0         80   lludiv10.o
        40          6          0          0          0         84   noretval__2sprintf.o
         8          4          0          0          0         68   rt_errno_addr_intlibspace.o
         8          4          0          0          0         68   rt_locale_intlibspace.o
        68          0          0          0          0         68   rt_memclr.o
        78          0          0          0          0         80   rt_memclr_w.o
         2          0          0          0          0          0   rtexit.o
        10          0          0          0          0          0   rtexit2.o
       124          0          0          0          0         88   strcmpv7em.o
        12          4          0          0          0         68   sys_exit.o
        74          0          0          0          0         80   sys_stackheap_outer.o
         2          0          0          0          0         68   use_no_semi.o
       812         16          0          0          0        392   daddsub_clz.o
        16          4          0          0          0        116   dcheck1.o
        24          0          0          0          0        116   dcmpi.o
       120          4          0          0          0        140   deqf.o
        94          4          0          0          0        140   dfix.o
        84          0          0          0          0        232   dflt_clz.o
       340         12          0          0          0        152   dmul.o
       156          4          0          0          0        140   dnaninf.o
        12          0          0          0          0        116   dretinf.o
        86          4          0          0          0        132   f2d.o
       140          4          0          0          0        132   fnaninf.o
        26          0          0          0          0        116   fpinit.o
         4          0          0          0          0        116   printf1.o
       100          0          0          0          0        116   retnan.o
        92          0          0          0          0        116   scalbn.o
        48          0          0          0          0        116   trapv.o
         0          0          0          0          0          0   usenofp.o
        64         16          0          0          0        248   dunder.o
        48          0          0          0          0        124   fpclassify.o
       208          8          0          0          0        184   ldexp.o

    ----------------------------------------------------------------------
      6816        270        176          0         96       5552   Library Totals
         8          0          0          0          0          0   (incl. Padding)

    ----------------------------------------------------------------------

      Code (inc. data)   RO Data    RW Data    ZI Data      Debug   Library Name

      4334        194        176          0         96       2608   c_w.l
      2154         52          0          0          0       2388   fz_wm.l
       320         24          0          0          0        556   m_wm.l

    ----------------------------------------------------------------------
      6816        270        176          0         96       5552   Library Totals

    ----------------------------------------------------------------------

==============================================================================


      Code (inc. data)   RO Data    RW Data    ZI Data      Debug   

     10864        512        588          0       1632      30644   Grand Totals
     10864        512        588          0       1632      30644   ELF Image Totals
     10864        512        588          0          0          0   ROM Totals

==============================================================================

    Total RO  Size (Code + RO Data)                11452 (  11.18kB)
    Total RW  Size (RW Data + ZI Data)              1632 (   1.59kB)
    Total ROM Size (Code + RO Data + RW Data)      11452 (  11.18kB)

==============================================================================

